(def if (codata (clause (call (access (call # (symbol :False)) if) (var t)) (seq (call (var t) (tuple)))) (clause (access (call # (symbol :True)) if) (seq (codata (clause (call # (var t)) (seq (call (var t) (tuple)))))))))
(def main (codata (clause (call # (tuple)) (seq (call (access (call (var if) (symbol :True)) if) (codata (clause (call # (tuple)) (seq (prim print (literal "hello"))))))))))
