DEF "def" testdata/cpsio_direct.mlg:1:1
IDENT "read_all_cps" testdata/cpsio_direct.mlg:1:5
LEFTBRACE "{" testdata/cpsio_direct.mlg:1:18
SHARP "#" testdata/cpsio_direct.mlg:1:20
LEFTPAREN "(" testdata/cpsio_direct.mlg:1:21
RIGHTPAREN ")" testdata/cpsio_direct.mlg:1:22
LEFTPAREN "(" testdata/cpsio_direct.mlg:1:23
IDENT "cont" testdata/cpsio_direct.mlg:1:24
RIGHTPAREN ")" testdata/cpsio_direct.mlg:1:28
ARROW "->" testdata/cpsio_direct.mlg:1:30
PRIM "prim" testdata/cpsio_direct.mlg:1:33
LEFTPAREN "(" testdata/cpsio_direct.mlg:1:37
IDENT "read_all_cps" testdata/cpsio_direct.mlg:1:38
COMMA "," testdata/cpsio_direct.mlg:1:50
IDENT "cont" testdata/cpsio_direct.mlg:1:52
RIGHTPAREN ")" testdata/cpsio_direct.mlg:1:56
RIGHTBRACE "}" testdata/cpsio_direct.mlg:1:58
DEF "def" testdata/cpsio_direct.mlg:2:1
IDENT "print_cps" testdata/cpsio_direct.mlg:2:5
LEFTBRACE "{" testdata/cpsio_direct.mlg:2:15
SHARP "#" testdata/cpsio_direct.mlg:2:17
LEFTPAREN "(" testdata/cpsio_direct.mlg:2:18
IDENT "s" testdata/cpsio_direct.mlg:2:19
RIGHTPAREN ")" testdata/cpsio_direct.mlg:2:20
LEFTPAREN "(" testdata/cpsio_direct.mlg:2:21
IDENT "cont" testdata/cpsio_direct.mlg:2:22
RIGHTPAREN ")" testdata/cpsio_direct.mlg:2:26
ARROW "->" testdata/cpsio_direct.mlg:2:28
PRIM "prim" testdata/cpsio_direct.mlg:2:31
LEFTPAREN "(" testdata/cpsio_direct.mlg:2:35
IDENT "print_cps" testdata/cpsio_direct.mlg:2:36
COMMA "," testdata/cpsio_direct.mlg:2:45
IDENT "s" testdata/cpsio_direct.mlg:2:47
COMMA "," testdata/cpsio_direct.mlg:2:48
IDENT "cont" testdata/cpsio_direct.mlg:2:50
RIGHTPAREN ")" testdata/cpsio_direct.mlg:2:54
RIGHTBRACE "}" testdata/cpsio_direct.mlg:2:56
DEF "def" testdata/cpsio_direct.mlg:3:1
IDENT "exit" testdata/cpsio_direct.mlg:3:5
LEFTBRACE "{" testdata/cpsio_direct.mlg:3:10
PRIM "prim" testdata/cpsio_direct.mlg:3:12
LEFTPAREN "(" testdata/cpsio_direct.mlg:3:16
IDENT "exit" testdata/cpsio_direct.mlg:3:17
RIGHTPAREN ")" testdata/cpsio_direct.mlg:3:21
RIGHTBRACE "}" testdata/cpsio_direct.mlg:3:23
DEF "def" testdata/cpsio_direct.mlg:5:1
IDENT "main" testdata/cpsio_direct.mlg:5:5
LEFTBRACE "{" testdata/cpsio_direct.mlg:5:10
WITH "with" testdata/cpsio_direct.mlg:6:5
IDENT "s" testdata/cpsio_direct.mlg:6:10
BACKARROW "<-" testdata/cpsio_direct.mlg:6:12
IDENT "read_all_cps" testdata/cpsio_direct.mlg:6:15
LEFTPAREN "(" testdata/cpsio_direct.mlg:6:27
RIGHTPAREN ")" testdata/cpsio_direct.mlg:6:28
SEMICOLON ";" testdata/cpsio_direct.mlg:6:29
WITH "with" testdata/cpsio_direct.mlg:7:5
IDENT "print_cps" testdata/cpsio_direct.mlg:7:10
LEFTPAREN "(" testdata/cpsio_direct.mlg:7:19
IDENT "s" testdata/cpsio_direct.mlg:7:20
RIGHTPAREN ")" testdata/cpsio_direct.mlg:7:21
SEMICOLON ";" testdata/cpsio_direct.mlg:7:22
IDENT "exit" testdata/cpsio_direct.mlg:8:5
LEFTPAREN "(" testdata/cpsio_direct.mlg:8:9
RIGHTPAREN ")" testdata/cpsio_direct.mlg:8:10
RIGHTBRACE "}" testdata/cpsio_direct.mlg:9:1
EOF "" testdata/cpsio_direct.mlg:9:2
