DEF "def" testdata/curry.mlg:1:1
IDENT "add" testdata/curry.mlg:1:5
LEFTBRACE "{" testdata/curry.mlg:1:9
SHARP "#" testdata/curry.mlg:1:10
LEFTPAREN "(" testdata/curry.mlg:1:11
IDENT "x" testdata/curry.mlg:1:12
RIGHTPAREN ")" testdata/curry.mlg:1:13
LEFTPAREN "(" testdata/curry.mlg:1:14
IDENT "y" testdata/curry.mlg:1:15
RIGHTPAREN ")" testdata/curry.mlg:1:16
ARROW "->" testdata/curry.mlg:1:18
PRIM "prim" testdata/curry.mlg:1:21
LEFTPAREN "(" testdata/curry.mlg:1:25
IDENT "add" testdata/curry.mlg:1:26
COMMA "," testdata/curry.mlg:1:29
IDENT "x" testdata/curry.mlg:1:31
COMMA "," testdata/curry.mlg:1:32
IDENT "y" testdata/curry.mlg:1:34
RIGHTPAREN ")" testdata/curry.mlg:1:35
RIGHTBRACE "}" testdata/curry.mlg:1:37
DEF "def" testdata/curry.mlg:2:1
IDENT "mul" testdata/curry.mlg:2:5
LEFTBRACE "{" testdata/curry.mlg:2:9
SHARP "#" testdata/curry.mlg:2:10
LEFTPAREN "(" testdata/curry.mlg:2:11
IDENT "x" testdata/curry.mlg:2:12
RIGHTPAREN ")" testdata/curry.mlg:2:13
LEFTPAREN "(" testdata/curry.mlg:2:14
IDENT "y" testdata/curry.mlg:2:15
RIGHTPAREN ")" testdata/curry.mlg:2:16
ARROW "->" testdata/curry.mlg:2:18
PRIM "prim" testdata/curry.mlg:2:21
LEFTPAREN "(" testdata/curry.mlg:2:25
IDENT "mul" testdata/curry.mlg:2:26
COMMA "," testdata/curry.mlg:2:29
IDENT "x" testdata/curry.mlg:2:31
COMMA "," testdata/curry.mlg:2:32
IDENT "y" testdata/curry.mlg:2:34
RIGHTPAREN ")" testdata/curry.mlg:2:35
RIGHTBRACE "}" testdata/curry.mlg:2:37
DEF "def" testdata/curry.mlg:3:1
IDENT "main" testdata/curry.mlg:3:5
LEFTBRACE "{" testdata/curry.mlg:3:10
PRIM "prim" testdata/curry.mlg:3:12
LEFTPAREN "(" testdata/curry.mlg:3:16
IDENT "print" testdata/curry.mlg:3:17
COMMA "," testdata/curry.mlg:3:22
IDENT "add" testdata/curry.mlg:3:24
LEFTPAREN "(" testdata/curry.mlg:3:27
INTEGER "1" testdata/curry.mlg:3:28
RIGHTPAREN ")" testdata/curry.mlg:3:29
LEFTPAREN "(" testdata/curry.mlg:3:30
IDENT "mul" testdata/curry.mlg:3:31
LEFTPAREN "(" testdata/curry.mlg:3:34
INTEGER "2" testdata/curry.mlg:3:35
RIGHTPAREN ")" testdata/curry.mlg:3:36
LEFTPAREN "(" testdata/curry.mlg:3:37
INTEGER "3" testdata/curry.mlg:3:38
RIGHTPAREN ")" testdata/curry.mlg:3:39
RIGHTPAREN ")" testdata/curry.mlg:3:40
RIGHTPAREN ")" testdata/curry.mlg:3:41
RIGHTBRACE "}" testdata/curry.mlg:3:43
EOF "" testdata/curry.mlg:3:44
