DEF "def" testdata/exiotic_bool.mlg:1:1
IDENT "if" testdata/exiotic_bool.mlg:1:5
LEFTBRACE "{" testdata/exiotic_bool.mlg:1:8
SHARP "#" testdata/exiotic_bool.mlg:2:5
LEFTPAREN "(" testdata/exiotic_bool.mlg:2:6
SYMBOL "False" testdata/exiotic_bool.mlg:2:7
RIGHTPAREN ")" testdata/exiotic_bool.mlg:2:13
DOT "." testdata/exiotic_bool.mlg:2:14
IDENT "if" testdata/exiotic_bool.mlg:2:15
LEFTPAREN "(" testdata/exiotic_bool.mlg:2:17
IDENT "t" testdata/exiotic_bool.mlg:2:18
RIGHTPAREN ")" testdata/exiotic_bool.mlg:2:19
ARROW "->" testdata/exiotic_bool.mlg:2:21
IDENT "t" testdata/exiotic_bool.mlg:2:24
LEFTPAREN "(" testdata/exiotic_bool.mlg:2:25
RIGHTPAREN ")" testdata/exiotic_bool.mlg:2:26
COMMA "," testdata/exiotic_bool.mlg:2:27
SHARP "#" testdata/exiotic_bool.mlg:3:5
LEFTPAREN "(" testdata/exiotic_bool.mlg:3:6
SYMBOL "True" testdata/exiotic_bool.mlg:3:7
RIGHTPAREN ")" testdata/exiotic_bool.mlg:3:12
DOT "." testdata/exiotic_bool.mlg:3:13
IDENT "if" testdata/exiotic_bool.mlg:3:14
ARROW "->" testdata/exiotic_bool.mlg:3:17
LEFTBRACE "{" testdata/exiotic_bool.mlg:3:20
SHARP "#" testdata/exiotic_bool.mlg:3:22
LEFTPAREN "(" testdata/exiotic_bool.mlg:3:23
IDENT "t" testdata/exiotic_bool.mlg:3:24
RIGHTPAREN ")" testdata/exiotic_bool.mlg:3:25
ARROW "->" testdata/exiotic_bool.mlg:3:27
IDENT "t" testdata/exiotic_bool.mlg:3:30
LEFTPAREN "(" testdata/exiotic_bool.mlg:3:31
RIGHTPAREN ")" testdata/exiotic_bool.mlg:3:32
RIGHTBRACE "}" testdata/exiotic_bool.mlg:3:34
COMMA "," testdata/exiotic_bool.mlg:3:35
RIGHTBRACE "}" testdata/exiotic_bool.mlg:4:1
DEF "def" testdata/exiotic_bool.mlg:6:1
IDENT "main" testdata/exiotic_bool.mlg:6:5
LEFTBRACE "{" testdata/exiotic_bool.mlg:6:10
IDENT "if" testdata/exiotic_bool.mlg:7:5
LEFTPAREN "(" testdata/exiotic_bool.mlg:7:7
SYMBOL "True" testdata/exiotic_bool.mlg:7:8
RIGHTPAREN ")" testdata/exiotic_bool.mlg:7:13
DOT "." testdata/exiotic_bool.mlg:7:14
IDENT "if" testdata/exiotic_bool.mlg:7:15
LEFTPAREN "(" testdata/exiotic_bool.mlg:7:17
LEFTBRACE "{" testdata/exiotic_bool.mlg:7:18
PRIM "prim" testdata/exiotic_bool.mlg:7:20
LEFTPAREN "(" testdata/exiotic_bool.mlg:7:24
IDENT "print" testdata/exiotic_bool.mlg:7:25
COMMA "," testdata/exiotic_bool.mlg:7:30
STRING "\"hello\"" testdata/exiotic_bool.mlg:7:32
RIGHTPAREN ")" testdata/exiotic_bool.mlg:7:39
RIGHTBRACE "}" testdata/exiotic_bool.mlg:7:41
RIGHTPAREN ")" testdata/exiotic_bool.mlg:7:42
RIGHTBRACE "}" testdata/exiotic_bool.mlg:8:1
EOF "" testdata/exiotic_bool.mlg:8:2
