DEF "def" testdata/fact.mlg:1:1
IDENT "mul" testdata/fact.mlg:1:5
LEFTBRACE "{" testdata/fact.mlg:1:9
LEFTPAREN "(" testdata/fact.mlg:1:11
IDENT "x" testdata/fact.mlg:1:12
COMMA "," testdata/fact.mlg:1:13
IDENT "y" testdata/fact.mlg:1:15
RIGHTPAREN ")" testdata/fact.mlg:1:16
ARROW "->" testdata/fact.mlg:1:18
PRIM "prim" testdata/fact.mlg:1:21
LEFTPAREN "(" testdata/fact.mlg:1:25
IDENT "mul" testdata/fact.mlg:1:26
COMMA "," testdata/fact.mlg:1:29
IDENT "x" testdata/fact.mlg:1:31
COMMA "," testdata/fact.mlg:1:32
IDENT "y" testdata/fact.mlg:1:34
RIGHTPAREN ")" testdata/fact.mlg:1:35
RIGHTBRACE "}" testdata/fact.mlg:1:37
DEF "def" testdata/fact.mlg:2:1
IDENT "sub" testdata/fact.mlg:2:5
LEFTBRACE "{" testdata/fact.mlg:2:9
LEFTPAREN "(" testdata/fact.mlg:2:11
IDENT "x" testdata/fact.mlg:2:12
COMMA "," testdata/fact.mlg:2:13
IDENT "y" testdata/fact.mlg:2:15
RIGHTPAREN ")" testdata/fact.mlg:2:16
ARROW "->" testdata/fact.mlg:2:18
PRIM "prim" testdata/fact.mlg:2:21
LEFTPAREN "(" testdata/fact.mlg:2:25
IDENT "sub" testdata/fact.mlg:2:26
COMMA "," testdata/fact.mlg:2:29
IDENT "x" testdata/fact.mlg:2:31
COMMA "," testdata/fact.mlg:2:32
IDENT "y" testdata/fact.mlg:2:34
RIGHTPAREN ")" testdata/fact.mlg:2:35
RIGHTBRACE "}" testdata/fact.mlg:2:37
DEF "def" testdata/fact.mlg:3:1
IDENT "fact" testdata/fact.mlg:3:5
LEFTBRACE "{" testdata/fact.mlg:3:10
SHARP "#" testdata/fact.mlg:4:3
LEFTPAREN "(" testdata/fact.mlg:4:4
INTEGER "0" testdata/fact.mlg:4:5
RIGHTPAREN ")" testdata/fact.mlg:4:6
ARROW "->" testdata/fact.mlg:4:8
INTEGER "1" testdata/fact.mlg:4:11
COMMA "," testdata/fact.mlg:4:12
SHARP "#" testdata/fact.mlg:5:3
LEFTPAREN "(" testdata/fact.mlg:5:4
IDENT "n" testdata/fact.mlg:5:5
RIGHTPAREN ")" testdata/fact.mlg:5:6
ARROW "->" testdata/fact.mlg:5:8
IDENT "mul" testdata/fact.mlg:5:11
LEFTPAREN "(" testdata/fact.mlg:5:14
IDENT "n" testdata/fact.mlg:5:15
COMMA "," testdata/fact.mlg:5:16
IDENT "fact" testdata/fact.mlg:5:18
LEFTPAREN "(" testdata/fact.mlg:5:22
IDENT "sub" testdata/fact.mlg:5:23
LEFTPAREN "(" testdata/fact.mlg:5:26
IDENT "n" testdata/fact.mlg:5:27
COMMA "," testdata/fact.mlg:5:28
INTEGER "1" testdata/fact.mlg:5:30
RIGHTPAREN ")" testdata/fact.mlg:5:31
RIGHTPAREN ")" testdata/fact.mlg:5:32
RIGHTPAREN ")" testdata/fact.mlg:5:33
COMMA "," testdata/fact.mlg:5:34
RIGHTBRACE "}" testdata/fact.mlg:6:1
DEF "def" testdata/fact.mlg:8:1
IDENT "main" testdata/fact.mlg:8:5
LEFTBRACE "{" testdata/fact.mlg:8:10
PRIM "prim" testdata/fact.mlg:9:3
LEFTPAREN "(" testdata/fact.mlg:9:7
IDENT "print_trace" testdata/fact.mlg:9:8
COMMA "," testdata/fact.mlg:9:19
IDENT "fact" testdata/fact.mlg:9:21
LEFTPAREN "(" testdata/fact.mlg:9:25
INTEGER "5" testdata/fact.mlg:9:26
RIGHTPAREN ")" testdata/fact.mlg:9:27
RIGHTPAREN ")" testdata/fact.mlg:9:28
RIGHTBRACE "}" testdata/fact.mlg:10:1
EOF "" testdata/fact.mlg:10:2
