DEF "def" testdata/fib.mlg:2:1
IDENT "zipWith" testdata/fib.mlg:2:5
EQUAL "=" testdata/fib.mlg:2:13
LEFTBRACE "{" testdata/fib.mlg:2:15
SHARP "#" testdata/fib.mlg:3:3
LEFTPAREN "(" testdata/fib.mlg:3:4
IDENT "f" testdata/fib.mlg:3:5
COMMA "," testdata/fib.mlg:3:6
IDENT "xs" testdata/fib.mlg:3:8
COMMA "," testdata/fib.mlg:3:10
IDENT "ys" testdata/fib.mlg:3:12
RIGHTPAREN ")" testdata/fib.mlg:3:14
DOT "." testdata/fib.mlg:3:15
IDENT "head" testdata/fib.mlg:3:16
ARROW "->" testdata/fib.mlg:3:21
IDENT "f" testdata/fib.mlg:3:24
LEFTPAREN "(" testdata/fib.mlg:3:25
IDENT "xs" testdata/fib.mlg:3:26
DOT "." testdata/fib.mlg:3:28
IDENT "head" testdata/fib.mlg:3:29
COMMA "," testdata/fib.mlg:3:33
IDENT "ys" testdata/fib.mlg:3:35
DOT "." testdata/fib.mlg:3:37
IDENT "head" testdata/fib.mlg:3:38
RIGHTPAREN ")" testdata/fib.mlg:3:42
COMMA "," testdata/fib.mlg:3:43
SHARP "#" testdata/fib.mlg:4:3
LEFTPAREN "(" testdata/fib.mlg:4:4
IDENT "f" testdata/fib.mlg:4:5
COMMA "," testdata/fib.mlg:4:6
IDENT "xs" testdata/fib.mlg:4:8
COMMA "," testdata/fib.mlg:4:10
IDENT "ys" testdata/fib.mlg:4:12
RIGHTPAREN ")" testdata/fib.mlg:4:14
DOT "." testdata/fib.mlg:4:15
IDENT "tail" testdata/fib.mlg:4:16
ARROW "->" testdata/fib.mlg:4:21
IDENT "zipWith" testdata/fib.mlg:4:24
LEFTPAREN "(" testdata/fib.mlg:4:31
IDENT "f" testdata/fib.mlg:4:32
COMMA "," testdata/fib.mlg:4:33
IDENT "xs" testdata/fib.mlg:4:35
DOT "." testdata/fib.mlg:4:37
IDENT "tail" testdata/fib.mlg:4:38
COMMA "," testdata/fib.mlg:4:42
IDENT "ys" testdata/fib.mlg:4:44
DOT "." testdata/fib.mlg:4:46
IDENT "tail" testdata/fib.mlg:4:47
RIGHTPAREN ")" testdata/fib.mlg:4:51
COMMA "," testdata/fib.mlg:4:52
RIGHTBRACE "}" testdata/fib.mlg:5:1
DEF "def" testdata/fib.mlg:8:1
OPERATOR "+" testdata/fib.mlg:8:5
EQUAL "=" testdata/fib.mlg:8:7
LEFTBRACE "{" testdata/fib.mlg:8:9
SHARP "#" testdata/fib.mlg:8:11
LEFTPAREN "(" testdata/fib.mlg:8:12
IDENT "x" testdata/fib.mlg:8:13
COMMA "," testdata/fib.mlg:8:14
IDENT "y" testdata/fib.mlg:8:16
COMMA "," testdata/fib.mlg:8:17
RIGHTPAREN ")" testdata/fib.mlg:8:18
ARROW "->" testdata/fib.mlg:8:20
PRIM "prim" testdata/fib.mlg:8:23
LEFTPAREN "(" testdata/fib.mlg:8:27
IDENT "add" testdata/fib.mlg:8:28
COMMA "," testdata/fib.mlg:8:31
IDENT "x" testdata/fib.mlg:8:33
COMMA "," testdata/fib.mlg:8:34
IDENT "y" testdata/fib.mlg:8:36
RIGHTPAREN ")" testdata/fib.mlg:8:37
RIGHTBRACE "}" testdata/fib.mlg:8:95
DEF "def" testdata/fib.mlg:10:1
IDENT "fib" testdata/fib.mlg:10:5
EQUAL "=" testdata/fib.mlg:10:9
LEFTBRACE "{" testdata/fib.mlg:10:11
SHARP "#" testdata/fib.mlg:11:3
DOT "." testdata/fib.mlg:11:4
IDENT "head" testdata/fib.mlg:11:5
ARROW "->" testdata/fib.mlg:11:10
INTEGER "1" testdata/fib.mlg:11:13
COMMA "," testdata/fib.mlg:11:14
SHARP "#" testdata/fib.mlg:12:3
DOT "." testdata/fib.mlg:12:4
IDENT "tail" testdata/fib.mlg:12:5
DOT "." testdata/fib.mlg:12:9
IDENT "head" testdata/fib.mlg:12:10
ARROW "->" testdata/fib.mlg:12:15
INTEGER "1" testdata/fib.mlg:12:18
COMMA "," testdata/fib.mlg:12:19
SHARP "#" testdata/fib.mlg:13:3
DOT "." testdata/fib.mlg:13:4
IDENT "tail" testdata/fib.mlg:13:5
DOT "." testdata/fib.mlg:13:9
IDENT "tail" testdata/fib.mlg:13:10
ARROW "->" testdata/fib.mlg:13:15
IDENT "zipWith" testdata/fib.mlg:13:18
LEFTPAREN "(" testdata/fib.mlg:13:25
LEFTBRACE "{" testdata/fib.mlg:13:26
SHARP "#" testdata/fib.mlg:13:27
LEFTPAREN "(" testdata/fib.mlg:13:28
IDENT "x" testdata/fib.mlg:13:29
COMMA "," testdata/fib.mlg:13:30
IDENT "y" testdata/fib.mlg:13:32
RIGHTPAREN ")" testdata/fib.mlg:13:33
ARROW "->" testdata/fib.mlg:13:35
IDENT "x" testdata/fib.mlg:13:38
OPERATOR "+" testdata/fib.mlg:13:40
IDENT "y" testdata/fib.mlg:13:42
RIGHTBRACE "}" testdata/fib.mlg:13:43
COMMA "," testdata/fib.mlg:13:44
IDENT "fib" testdata/fib.mlg:13:46
COMMA "," testdata/fib.mlg:13:49
IDENT "fib" testdata/fib.mlg:13:51
DOT "." testdata/fib.mlg:13:54
IDENT "tail" testdata/fib.mlg:13:55
RIGHTPAREN ")" testdata/fib.mlg:13:59
COMMA "," testdata/fib.mlg:13:60
RIGHTBRACE "}" testdata/fib.mlg:14:1
DEF "def" testdata/fib.mlg:16:1
IDENT "main" testdata/fib.mlg:16:5
EQUAL "=" testdata/fib.mlg:16:10
LEFTBRACE "{" testdata/fib.mlg:16:12
SHARP "#" testdata/fib.mlg:16:14
LEFTPAREN "(" testdata/fib.mlg:16:15
RIGHTPAREN ")" testdata/fib.mlg:16:16
ARROW "->" testdata/fib.mlg:16:18
PRIM "prim" testdata/fib.mlg:16:21
LEFTPAREN "(" testdata/fib.mlg:16:25
IDENT "print" testdata/fib.mlg:16:26
COMMA "," testdata/fib.mlg:16:31
IDENT "fib" testdata/fib.mlg:16:33
DOT "." testdata/fib.mlg:16:36
IDENT "tail" testdata/fib.mlg:16:37
DOT "." testdata/fib.mlg:16:41
IDENT "tail" testdata/fib.mlg:16:42
DOT "." testdata/fib.mlg:16:46
IDENT "tail" testdata/fib.mlg:16:47
DOT "." testdata/fib.mlg:16:51
IDENT "head" testdata/fib.mlg:16:52
RIGHTPAREN ")" testdata/fib.mlg:16:56
RIGHTBRACE "}" testdata/fib.mlg:16:58
EOF "" testdata/fib.mlg:16:59
