INFIXL "infixl" testdata/infix3.mlg:1:1
INTEGER "6" testdata/infix3.mlg:1:8
OPERATOR "+" testdata/infix3.mlg:1:10
INFIXL "infixl" testdata/infix3.mlg:2:1
INTEGER "8" testdata/infix3.mlg:2:8
OPERATOR "*" testdata/infix3.mlg:2:10
DEF "def" testdata/infix3.mlg:3:1
OPERATOR "+" testdata/infix3.mlg:3:5
LEFTBRACE "{" testdata/infix3.mlg:3:7
LEFTPAREN "(" testdata/infix3.mlg:3:9
IDENT "x" testdata/infix3.mlg:3:10
COMMA "," testdata/infix3.mlg:3:11
IDENT "y" testdata/infix3.mlg:3:13
RIGHTPAREN ")" testdata/infix3.mlg:3:14
ARROW "->" testdata/infix3.mlg:3:16
PRIM "prim" testdata/infix3.mlg:3:19
LEFTPAREN "(" testdata/infix3.mlg:3:23
IDENT "add" testdata/infix3.mlg:3:24
COMMA "," testdata/infix3.mlg:3:27
IDENT "x" testdata/infix3.mlg:3:29
COMMA "," testdata/infix3.mlg:3:30
IDENT "y" testdata/infix3.mlg:3:32
RIGHTPAREN ")" testdata/infix3.mlg:3:33
RIGHTBRACE "}" testdata/infix3.mlg:3:35
DEF "def" testdata/infix3.mlg:4:1
OPERATOR "*" testdata/infix3.mlg:4:5
LEFTBRACE "{" testdata/infix3.mlg:4:7
LEFTPAREN "(" testdata/infix3.mlg:4:9
IDENT "x" testdata/infix3.mlg:4:10
COMMA "," testdata/infix3.mlg:4:11
IDENT "y" testdata/infix3.mlg:4:13
RIGHTPAREN ")" testdata/infix3.mlg:4:14
ARROW "->" testdata/infix3.mlg:4:16
PRIM "prim" testdata/infix3.mlg:4:19
LEFTPAREN "(" testdata/infix3.mlg:4:23
IDENT "mul" testdata/infix3.mlg:4:24
COMMA "," testdata/infix3.mlg:4:27
IDENT "x" testdata/infix3.mlg:4:29
COMMA "," testdata/infix3.mlg:4:30
IDENT "y" testdata/infix3.mlg:4:32
RIGHTPAREN ")" testdata/infix3.mlg:4:33
RIGHTBRACE "}" testdata/infix3.mlg:4:35
DEF "def" testdata/infix3.mlg:5:1
IDENT "main" testdata/infix3.mlg:5:5
LEFTBRACE "{" testdata/infix3.mlg:5:10
INTEGER "1" testdata/infix3.mlg:5:12
OPERATOR "*" testdata/infix3.mlg:5:14
LEFTPAREN "(" testdata/infix3.mlg:5:16
INTEGER "2" testdata/infix3.mlg:5:17
OPERATOR "+" testdata/infix3.mlg:5:19
INTEGER "3" testdata/infix3.mlg:5:21
RIGHTPAREN ")" testdata/infix3.mlg:5:22
RIGHTBRACE "}" testdata/infix3.mlg:5:24
EOF "" testdata/infix3.mlg:5:25
