DEF "def" testdata/redundant.mlg:1:1
IDENT "f" testdata/redundant.mlg:1:5
LEFTBRACE "{" testdata/redundant.mlg:1:7
SHARP "#" testdata/redundant.mlg:2:5
LEFTPAREN "(" testdata/redundant.mlg:2:6
INTEGER "0" testdata/redundant.mlg:2:7
RIGHTPAREN ")" testdata/redundant.mlg:2:8
DOT "." testdata/redundant.mlg:2:9
IDENT "h" testdata/redundant.mlg:2:10
ARROW "->" testdata/redundant.mlg:2:12
INTEGER "1" testdata/redundant.mlg:2:15
COMMA "," testdata/redundant.mlg:2:16
SHARP "#" testdata/redundant.mlg:3:5
LEFTPAREN "(" testdata/redundant.mlg:3:6
IDENT "x" testdata/redundant.mlg:3:7
RIGHTPAREN ")" testdata/redundant.mlg:3:8
DOT "." testdata/redundant.mlg:3:9
IDENT "h" testdata/redundant.mlg:3:10
DOT "." testdata/redundant.mlg:3:11
IDENT "h" testdata/redundant.mlg:3:12
ARROW "->" testdata/redundant.mlg:3:14
IDENT "x" testdata/redundant.mlg:3:17
COMMA "," testdata/redundant.mlg:3:18
RIGHTBRACE "}" testdata/redundant.mlg:4:1
DEF "def" testdata/redundant.mlg:6:1
IDENT "main" testdata/redundant.mlg:6:5
LEFTBRACE "{" testdata/redundant.mlg:6:10
PRIM "prim" testdata/redundant.mlg:7:5
LEFTPAREN "(" testdata/redundant.mlg:7:9
IDENT "print" testdata/redundant.mlg:7:10
COMMA "," testdata/redundant.mlg:7:15
IDENT "f" testdata/redundant.mlg:7:17
LEFTPAREN "(" testdata/redundant.mlg:7:18
INTEGER "0" testdata/redundant.mlg:7:19
RIGHTPAREN ")" testdata/redundant.mlg:7:20
DOT "." testdata/redundant.mlg:7:21
IDENT "h" testdata/redundant.mlg:7:22
RIGHTPAREN ")" testdata/redundant.mlg:7:23
SEMICOLON ";" testdata/redundant.mlg:7:24
PRIM "prim" testdata/redundant.mlg:8:5
LEFTPAREN "(" testdata/redundant.mlg:8:9
IDENT "print" testdata/redundant.mlg:8:10
COMMA "," testdata/redundant.mlg:8:15
IDENT "f" testdata/redundant.mlg:8:17
LEFTPAREN "(" testdata/redundant.mlg:8:18
INTEGER "1" testdata/redundant.mlg:8:19
RIGHTPAREN ")" testdata/redundant.mlg:8:20
DOT "." testdata/redundant.mlg:8:21
IDENT "h" testdata/redundant.mlg:8:22
DOT "." testdata/redundant.mlg:8:23
IDENT "h" testdata/redundant.mlg:8:24
RIGHTPAREN ")" testdata/redundant.mlg:8:25
SEMICOLON ";" testdata/redundant.mlg:8:26
RIGHTBRACE "}" testdata/redundant.mlg:9:1
EOF "" testdata/redundant.mlg:9:2
