DEF "def" testdata/tarai.mlg:1:1
IDENT "if" testdata/tarai.mlg:1:5
EQUAL "=" testdata/tarai.mlg:1:8
LEFTBRACE "{" testdata/tarai.mlg:1:10
SHARP "#" testdata/tarai.mlg:2:3
LEFTPAREN "(" testdata/tarai.mlg:2:4
INTEGER "0" testdata/tarai.mlg:2:5
RIGHTPAREN ")" testdata/tarai.mlg:2:6
DOT "." testdata/tarai.mlg:2:7
IDENT "then" testdata/tarai.mlg:2:8
LEFTPAREN "(" testdata/tarai.mlg:2:12
IDENT "t" testdata/tarai.mlg:2:13
RIGHTPAREN ")" testdata/tarai.mlg:2:14
DOT "." testdata/tarai.mlg:2:15
IDENT "else" testdata/tarai.mlg:2:16
LEFTPAREN "(" testdata/tarai.mlg:2:20
IDENT "e" testdata/tarai.mlg:2:21
RIGHTPAREN ")" testdata/tarai.mlg:2:22
ARROW "->" testdata/tarai.mlg:2:24
IDENT "e" testdata/tarai.mlg:2:27
LEFTPAREN "(" testdata/tarai.mlg:2:28
RIGHTPAREN ")" testdata/tarai.mlg:2:29
COMMA "," testdata/tarai.mlg:2:30
SHARP "#" testdata/tarai.mlg:3:3
LEFTPAREN "(" testdata/tarai.mlg:3:4
IDENT "_" testdata/tarai.mlg:3:5
RIGHTPAREN ")" testdata/tarai.mlg:3:6
DOT "." testdata/tarai.mlg:3:7
IDENT "then" testdata/tarai.mlg:3:8
LEFTPAREN "(" testdata/tarai.mlg:3:12
IDENT "t" testdata/tarai.mlg:3:13
RIGHTPAREN ")" testdata/tarai.mlg:3:14
DOT "." testdata/tarai.mlg:3:15
IDENT "else" testdata/tarai.mlg:3:16
LEFTPAREN "(" testdata/tarai.mlg:3:20
IDENT "e" testdata/tarai.mlg:3:21
RIGHTPAREN ")" testdata/tarai.mlg:3:22
ARROW "->" testdata/tarai.mlg:3:24
IDENT "t" testdata/tarai.mlg:3:27
LEFTPAREN "(" testdata/tarai.mlg:3:28
RIGHTPAREN ")" testdata/tarai.mlg:3:29
COMMA "," testdata/tarai.mlg:3:30
RIGHTBRACE "}" testdata/tarai.mlg:4:1
DEF "def" testdata/tarai.mlg:6:1
IDENT "le" testdata/tarai.mlg:6:5
EQUAL "=" testdata/tarai.mlg:6:8
LEFTBRACE "{" testdata/tarai.mlg:6:10
SHARP "#" testdata/tarai.mlg:7:3
LEFTPAREN "(" testdata/tarai.mlg:7:4
IDENT "x" testdata/tarai.mlg:7:5
COMMA "," testdata/tarai.mlg:7:6
IDENT "y" testdata/tarai.mlg:7:8
RIGHTPAREN ")" testdata/tarai.mlg:7:9
ARROW "->" testdata/tarai.mlg:7:11
PRIM "prim" testdata/tarai.mlg:7:14
LEFTPAREN "(" testdata/tarai.mlg:7:18
IDENT "less_equal" testdata/tarai.mlg:7:19
COMMA "," testdata/tarai.mlg:7:29
IDENT "x" testdata/tarai.mlg:7:31
COMMA "," testdata/tarai.mlg:7:32
IDENT "y" testdata/tarai.mlg:7:34
RIGHTPAREN ")" testdata/tarai.mlg:7:35
RIGHTBRACE "}" testdata/tarai.mlg:8:1
DEF "def" testdata/tarai.mlg:10:1
IDENT "dec" testdata/tarai.mlg:10:5
EQUAL "=" testdata/tarai.mlg:10:9
LEFTBRACE "{" testdata/tarai.mlg:10:11
SHARP "#" testdata/tarai.mlg:11:3
LEFTPAREN "(" testdata/tarai.mlg:11:4
IDENT "x" testdata/tarai.mlg:11:5
RIGHTPAREN ")" testdata/tarai.mlg:11:6
ARROW "->" testdata/tarai.mlg:11:8
PRIM "prim" testdata/tarai.mlg:11:11
LEFTPAREN "(" testdata/tarai.mlg:11:15
IDENT "sub" testdata/tarai.mlg:11:16
COMMA "," testdata/tarai.mlg:11:19
IDENT "x" testdata/tarai.mlg:11:21
COMMA "," testdata/tarai.mlg:11:22
INTEGER "1" testdata/tarai.mlg:11:24
RIGHTPAREN ")" testdata/tarai.mlg:11:25
RIGHTBRACE "}" testdata/tarai.mlg:12:1
DEF "def" testdata/tarai.mlg:14:1
IDENT "tarai" testdata/tarai.mlg:14:5
EQUAL "=" testdata/tarai.mlg:14:11
LEFTBRACE "{" testdata/tarai.mlg:14:13
SHARP "#" testdata/tarai.mlg:15:3
LEFTPAREN "(" testdata/tarai.mlg:15:4
IDENT "x" testdata/tarai.mlg:15:5
COMMA "," testdata/tarai.mlg:15:6
IDENT "y" testdata/tarai.mlg:15:8
COMMA "," testdata/tarai.mlg:15:9
IDENT "z" testdata/tarai.mlg:15:11
RIGHTPAREN ")" testdata/tarai.mlg:15:12
ARROW "->" testdata/tarai.mlg:15:14
IDENT "if" testdata/tarai.mlg:16:5
LEFTPAREN "(" testdata/tarai.mlg:16:7
IDENT "le" testdata/tarai.mlg:16:8
LEFTPAREN "(" testdata/tarai.mlg:16:10
IDENT "x" testdata/tarai.mlg:16:11
COMMA "," testdata/tarai.mlg:16:12
IDENT "y" testdata/tarai.mlg:16:14
RIGHTPAREN ")" testdata/tarai.mlg:16:15
RIGHTPAREN ")" testdata/tarai.mlg:16:16
DOT "." testdata/tarai.mlg:17:7
IDENT "then" testdata/tarai.mlg:17:8
LEFTPAREN "(" testdata/tarai.mlg:17:12
LEFTBRACE "{" testdata/tarai.mlg:17:13
IDENT "y" testdata/tarai.mlg:17:14
RIGHTBRACE "}" testdata/tarai.mlg:17:15
RIGHTPAREN ")" testdata/tarai.mlg:17:16
DOT "." testdata/tarai.mlg:18:7
IDENT "else" testdata/tarai.mlg:18:8
LEFTPAREN "(" testdata/tarai.mlg:18:12
LEFTBRACE "{" testdata/tarai.mlg:18:13
IDENT "tarai" testdata/tarai.mlg:19:9
LEFTPAREN "(" testdata/tarai.mlg:19:14
IDENT "tarai" testdata/tarai.mlg:20:11
LEFTPAREN "(" testdata/tarai.mlg:20:16
IDENT "dec" testdata/tarai.mlg:20:17
LEFTPAREN "(" testdata/tarai.mlg:20:20
IDENT "x" testdata/tarai.mlg:20:21
RIGHTPAREN ")" testdata/tarai.mlg:20:22
COMMA "," testdata/tarai.mlg:20:23
IDENT "y" testdata/tarai.mlg:20:25
COMMA "," testdata/tarai.mlg:20:26
IDENT "z" testdata/tarai.mlg:20:28
RIGHTPAREN ")" testdata/tarai.mlg:20:29
COMMA "," testdata/tarai.mlg:20:30
IDENT "tarai" testdata/tarai.mlg:21:11
LEFTPAREN "(" testdata/tarai.mlg:21:16
IDENT "dec" testdata/tarai.mlg:21:17
LEFTPAREN "(" testdata/tarai.mlg:21:20
IDENT "y" testdata/tarai.mlg:21:21
RIGHTPAREN ")" testdata/tarai.mlg:21:22
COMMA "," testdata/tarai.mlg:21:23
IDENT "z" testdata/tarai.mlg:21:25
COMMA "," testdata/tarai.mlg:21:26
IDENT "x" testdata/tarai.mlg:21:28
RIGHTPAREN ")" testdata/tarai.mlg:21:29
COMMA "," testdata/tarai.mlg:21:30
IDENT "tarai" testdata/tarai.mlg:22:11
LEFTPAREN "(" testdata/tarai.mlg:22:16
IDENT "dec" testdata/tarai.mlg:22:17
LEFTPAREN "(" testdata/tarai.mlg:22:20
IDENT "z" testdata/tarai.mlg:22:21
RIGHTPAREN ")" testdata/tarai.mlg:22:22
COMMA "," testdata/tarai.mlg:22:23
IDENT "x" testdata/tarai.mlg:22:25
COMMA "," testdata/tarai.mlg:22:26
IDENT "y" testdata/tarai.mlg:22:28
RIGHTPAREN ")" testdata/tarai.mlg:22:29
RIGHTPAREN ")" testdata/tarai.mlg:23:9
RIGHTBRACE "}" testdata/tarai.mlg:24:7
RIGHTPAREN ")" testdata/tarai.mlg:24:8
RIGHTBRACE "}" testdata/tarai.mlg:25:1
DEF "def" testdata/tarai.mlg:27:1
IDENT "main" testdata/tarai.mlg:27:5
EQUAL "=" testdata/tarai.mlg:27:10
LEFTBRACE "{" testdata/tarai.mlg:27:12
PRIM "prim" testdata/tarai.mlg:28:3
LEFTPAREN "(" testdata/tarai.mlg:28:7
IDENT "print" testdata/tarai.mlg:28:8
COMMA "," testdata/tarai.mlg:28:13
IDENT "tarai" testdata/tarai.mlg:28:15
LEFTPAREN "(" testdata/tarai.mlg:28:20
INTEGER "10" testdata/tarai.mlg:28:21
COMMA "," testdata/tarai.mlg:28:23
INTEGER "5" testdata/tarai.mlg:28:25
COMMA "," testdata/tarai.mlg:28:26
INTEGER "0" testdata/tarai.mlg:28:28
RIGHTPAREN ")" testdata/tarai.mlg:28:29
RIGHTPAREN ")" testdata/tarai.mlg:28:30
RIGHTBRACE "}" testdata/tarai.mlg:29:1
EOF "" testdata/tarai.mlg:29:2
