DEF "def" testdata/tuple.mlg:1:1
IDENT "f" testdata/tuple.mlg:1:5
LEFTBRACE "{" testdata/tuple.mlg:1:7
SHARP "#" testdata/tuple.mlg:2:5
LEFTPAREN "(" testdata/tuple.mlg:2:6
LEFTBRACKET "[" testdata/tuple.mlg:2:7
IDENT "x" testdata/tuple.mlg:2:8
COMMA "," testdata/tuple.mlg:2:9
IDENT "y" testdata/tuple.mlg:2:11
RIGHTBRACKET "]" testdata/tuple.mlg:2:12
RIGHTPAREN ")" testdata/tuple.mlg:2:13
ARROW "->" testdata/tuple.mlg:2:15
PRIM "prim" testdata/tuple.mlg:2:18
LEFTPAREN "(" testdata/tuple.mlg:2:22
IDENT "add" testdata/tuple.mlg:2:23
COMMA "," testdata/tuple.mlg:2:26
IDENT "x" testdata/tuple.mlg:2:28
COMMA "," testdata/tuple.mlg:2:29
IDENT "y" testdata/tuple.mlg:2:31
RIGHTPAREN ")" testdata/tuple.mlg:2:32
COMMA "," testdata/tuple.mlg:2:33
RIGHTBRACE "}" testdata/tuple.mlg:3:1
DEF "def" testdata/tuple.mlg:5:1
IDENT "main" testdata/tuple.mlg:5:5
LEFTBRACE "{" testdata/tuple.mlg:5:10
SHARP "#" testdata/tuple.mlg:6:5
LEFTPAREN "(" testdata/tuple.mlg:6:6
RIGHTPAREN ")" testdata/tuple.mlg:6:7
ARROW "->" testdata/tuple.mlg:6:9
PRIM "prim" testdata/tuple.mlg:7:5
LEFTPAREN "(" testdata/tuple.mlg:7:9
IDENT "print" testdata/tuple.mlg:7:10
COMMA "," testdata/tuple.mlg:7:15
LEFTBRACKET "[" testdata/tuple.mlg:7:17
INTEGER "1" testdata/tuple.mlg:7:18
COMMA "," testdata/tuple.mlg:7:19
STRING "\"string\"" testdata/tuple.mlg:7:21
RIGHTBRACKET "]" testdata/tuple.mlg:7:29
RIGHTPAREN ")" testdata/tuple.mlg:7:30
SEMICOLON ";" testdata/tuple.mlg:7:31
PRIM "prim" testdata/tuple.mlg:8:5
LEFTPAREN "(" testdata/tuple.mlg:8:9
IDENT "print" testdata/tuple.mlg:8:10
COMMA "," testdata/tuple.mlg:8:15
IDENT "f" testdata/tuple.mlg:8:17
LEFTPAREN "(" testdata/tuple.mlg:8:18
LEFTBRACKET "[" testdata/tuple.mlg:8:19
INTEGER "1" testdata/tuple.mlg:8:20
COMMA "," testdata/tuple.mlg:8:21
INTEGER "2" testdata/tuple.mlg:8:23
RIGHTBRACKET "]" testdata/tuple.mlg:8:24
RIGHTPAREN ")" testdata/tuple.mlg:8:25
RIGHTPAREN ")" testdata/tuple.mlg:8:26
COMMA "," testdata/tuple.mlg:8:27
RIGHTBRACE "}" testdata/tuple.mlg:9:1
EOF "" testdata/tuple.mlg:9:2
