DEF "def" testdata/twice.mlg:1:1
IDENT "add" testdata/twice.mlg:1:5
LEFTBRACE "{" testdata/twice.mlg:1:9
LEFTPAREN "(" testdata/twice.mlg:1:11
IDENT "x" testdata/twice.mlg:1:12
COMMA "," testdata/twice.mlg:1:13
IDENT "y" testdata/twice.mlg:1:15
RIGHTPAREN ")" testdata/twice.mlg:1:16
ARROW "->" testdata/twice.mlg:1:18
PRIM "prim" testdata/twice.mlg:1:21
LEFTPAREN "(" testdata/twice.mlg:1:25
IDENT "add" testdata/twice.mlg:1:26
COMMA "," testdata/twice.mlg:1:29
IDENT "x" testdata/twice.mlg:1:31
COMMA "," testdata/twice.mlg:1:32
IDENT "y" testdata/twice.mlg:1:34
RIGHTPAREN ")" testdata/twice.mlg:1:35
RIGHTBRACE "}" testdata/twice.mlg:1:37
DEF "def" testdata/twice.mlg:2:1
IDENT "main" testdata/twice.mlg:2:5
LEFTBRACE "{" testdata/twice.mlg:2:10
LET "let" testdata/twice.mlg:3:3
IDENT "add1" testdata/twice.mlg:3:7
EQUAL "=" testdata/twice.mlg:3:12
IDENT "add" testdata/twice.mlg:3:14
LEFTPAREN "(" testdata/twice.mlg:3:17
INTEGER "1" testdata/twice.mlg:3:18
RIGHTPAREN ")" testdata/twice.mlg:3:19
SEMICOLON ";" testdata/twice.mlg:3:20
PRIM "prim" testdata/twice.mlg:4:3
LEFTPAREN "(" testdata/twice.mlg:4:7
IDENT "print" testdata/twice.mlg:4:8
COMMA "," testdata/twice.mlg:4:13
IDENT "add1" testdata/twice.mlg:4:15
LEFTPAREN "(" testdata/twice.mlg:4:19
INTEGER "2" testdata/twice.mlg:4:20
RIGHTPAREN ")" testdata/twice.mlg:4:21
RIGHTPAREN ")" testdata/twice.mlg:4:22
SEMICOLON ";" testdata/twice.mlg:4:23
PRIM "prim" testdata/twice.mlg:5:3
LEFTPAREN "(" testdata/twice.mlg:5:7
IDENT "print" testdata/twice.mlg:5:8
COMMA "," testdata/twice.mlg:5:13
IDENT "add1" testdata/twice.mlg:5:15
LEFTPAREN "(" testdata/twice.mlg:5:19
INTEGER "3" testdata/twice.mlg:5:20
RIGHTPAREN ")" testdata/twice.mlg:5:21
RIGHTPAREN ")" testdata/twice.mlg:5:22
RIGHTBRACE "}" testdata/twice.mlg:6:1
EOF "" testdata/twice.mlg:6:2
