DEF "def" testdata/with.mlg:1:1
IDENT "main" testdata/with.mlg:1:5
LEFTBRACE "{" testdata/with.mlg:1:10
WITH "with" testdata/with.mlg:2:5
IDENT "x" testdata/with.mlg:2:10
COMMA "," testdata/with.mlg:2:11
IDENT "y" testdata/with.mlg:2:13
BACKARROW "<-" testdata/with.mlg:2:15
LEFTBRACE "{" testdata/with.mlg:2:18
SHARP "#" testdata/with.mlg:2:20
LEFTPAREN "(" testdata/with.mlg:2:21
RIGHTPAREN ")" testdata/with.mlg:2:22
LEFTPAREN "(" testdata/with.mlg:2:23
IDENT "cont" testdata/with.mlg:2:24
RIGHTPAREN ")" testdata/with.mlg:2:28
ARROW "->" testdata/with.mlg:2:30
IDENT "cont" testdata/with.mlg:2:33
LEFTPAREN "(" testdata/with.mlg:2:37
INTEGER "1" testdata/with.mlg:2:38
COMMA "," testdata/with.mlg:2:39
INTEGER "2" testdata/with.mlg:2:41
RIGHTPAREN ")" testdata/with.mlg:2:42
RIGHTBRACE "}" testdata/with.mlg:2:44
LEFTPAREN "(" testdata/with.mlg:2:45
RIGHTPAREN ")" testdata/with.mlg:2:46
SEMICOLON ";" testdata/with.mlg:2:47
PRIM "prim" testdata/with.mlg:3:5
LEFTPAREN "(" testdata/with.mlg:3:9
IDENT "print" testdata/with.mlg:3:10
COMMA "," testdata/with.mlg:3:15
LEFTBRACKET "[" testdata/with.mlg:3:17
IDENT "x" testdata/with.mlg:3:18
COMMA "," testdata/with.mlg:3:19
IDENT "y" testdata/with.mlg:3:21
RIGHTBRACKET "]" testdata/with.mlg:3:22
RIGHTPAREN ")" testdata/with.mlg:3:23
RIGHTBRACE "}" testdata/with.mlg:4:1
EOF "" testdata/with.mlg:4:2
