(type (var Bool) (call (var False)) (call (var True)))
(def if (lambda (:p1) (object (field if (case ((var :p1)) (clause (call (var False)) (lambda (:p2) (case ((var :p1) (var :p2)) (clause ((call (var False)) (var t)) (seq (call (var t))))))) (clause (call (var True)) (seq (lambda (:p1) (case ((var :p1)) (clause (var t) (seq (call (var t)))))))))))))
(def main (lambda () (seq (call (access (call (var if) (call (var True))) if) (lambda () (seq (prim print (literal "hello"))))))))
