def bool.0($def.3)
  cocase
    .false(; $object.4) ->
      0
      | $object.4
    .true(; $object.5) ->
      1
      | $object.5
  | $def.3
def flip.1($def.6)
  cocase
    .ap($p1.8; $lambda.7) ->
      μ $case.9:
        μ $ap.10:
          :tuple
          | .ap($p1.8; $ap.10)
        | case
            :tuple.ap(
              b.11.false(; $_.12);
              $_.13) ->
              μ $proj.14:
                b.11
                | .true(; $proj.14)
              | $case.9
            :tuple.ap(
              b.15.true(; $_.16);
              $_.17) ->
              μ $proj.18:
                b.15
                | .false(; $proj.18)
              | $case.9
      | $lambda.7
  | $def.6
def main.2($def.19)
  cocase
    .ap(; $lambda.20) ->
      μ $let.26:
        μ $ap.23:
          μ $top.22:
            invoke flip.1($top.22)
          | μ~ $y.31:
              μ $proj.24:
                μ $top.25:
                  invoke bool.0($top.25)
                | .true(; $proj.24)
              | μ~ $x.32:
                  $y.31
                  | .ap($x.32; $ap.23)
        | case
            x.21 ->
              μ $seq.28:
                μ $prim.27:
                  prim print(x.21; $prim.27)
                | μ~ $_.30:
                    μ $prim.29:
                      prim print_trace(x.21; $prim.29)
                    | $seq.28
              | $let.26
      | $lambda.20
  | $def.19
