def bool.0 ret.3
  cocase
    .false(; object.4) ->
      0
      | object.4
    .true(; object.4) ->
      1
      | object.4
  | ret.3
def flip.1 ret.5
  cocase
    .ap(:p1.7; lambda.6) ->
      μ case.8:
        μ a.9:
          :tuple
          | .ap(:p1.7; a.9)
        | case
            :tuple.ap(
              b.10.false()) ->
              μ proj.11:
                b.10
                | .true(; proj.11)
              | case.8
            :tuple.ap(
              b.12.true()) ->
              μ proj.13:
                b.12
                | .false(; proj.13)
              | case.8
      | lambda.6
  | ret.5
def main.2 ret.14
  cocase
    .ap(; lambda.15) ->
      μ let.21:
        μ a.18:
          μ ret.17:
            invoke flip.1(ret.17)
          | .ap(
              μ proj.19:
                μ ret.20:
                  invoke bool.0(ret.20)
                | .true(; proj.19); 
              a.18)
        | case
            x.16 ->
              μ seq.23:
                μ prim.22:
                  prim print(x.16; prim.22)
                | μ~ hole.25:
                    μ prim.24:
                      prim print_trace(x.16; prim.24)
                    | seq.23
              | let.21
      | lambda.15
  | ret.14
