def main.0 ret.1
  cocase
    .ap(; lambda.2) ->
      μ let.6:
        cocase
          .ap(; lambda.4) ->
            μ prim.5:
              prim exit(; prim.5)
            | lambda.4
        | case
            exit.3 ->
              μ let.14:
                cocase
                  .ap(:p1.9; lambda.8) ->
                    μ case.10:
                      μ a.11:
                        :tuple
                        | .ap(:p1.9; a.11)
                      | case
                          :tuple.ap(s.12) ->
                            μ prim.13:
                              prim print_cps(s.12, exit.3; prim.13)
                            | case.10
                    | lambda.8
                | case
                    print.7 ->
                      μ prim.15:
                        prim read_all_cps(print.7; prim.15)
                      | let.14
              | let.6
      | lambda.2
  | ret.1
