(def main.0 ret.1 {(cocase (.ap(; lambda.2) -> {(μ let.6 {(cocase (.ap(; lambda.4) -> {(μ prim.5 (prim exit (var prim.5))); (var lambda.4)})); (case ((var exit.3) -> {(μ let.14 {(cocase (.ap(:p1.9; lambda.8) -> {(μ case.10 {(μ a.11 {(symbol tuple); .ap((var :p1.9); (var a.11))}); (case ((symbol tuple).ap((var s.12)) -> {(μ prim.13 (prim print_cps (var s.12) (var exit.3) (var prim.13))); (var case.10)}))}); (var lambda.8)})); (case ((var print.7) -> {(μ prim.15 (prim read_all_cps (var print.7) (var prim.15))); (var let.14)}))}); (var let.6)}))}); (var lambda.2)})); (var ret.1)})
