(def read_all_cps.0 ret.4 {(cocase (.ap(; lambda.5) -> {(cocase (.ap(:p1.7; lambda.6) -> {(μ case.8 {(μ a.9 {(symbol tuple); .ap((var :p1.7); (var a.9))}); (case ((symbol tuple).ap((var cont.10)) -> {(μ prim.11 (prim read_all_cps (var cont.10) (var prim.11))); (var case.8)}))}); (var lambda.6)})); (var lambda.5)})); (var ret.4)})
(def print_cps.1 ret.12 {(cocase (.ap(:p1.14; lambda.13) -> {(cocase (.ap(:p2.16; lambda.15) -> {(μ case.17 {(μ a.18 {(symbol tuple); .ap((var :p1.14) (var :p2.16); (var a.18))}); (case ((symbol tuple).ap((var s.19) (var cont.20)) -> {(μ prim.21 (prim print_cps (var s.19) (var cont.20) (var prim.21))); (var case.17)}))}); (var lambda.15)})); (var lambda.13)})); (var ret.12)})
(def exit.2 ret.22 {(cocase (.ap(; lambda.23) -> {(μ prim.24 (prim exit (var prim.24))); (var lambda.23)})); (var ret.22)})
(def main.3 ret.25 {(cocase (.ap(; lambda.26) -> {(μ a.29 {(μ a.28 {(μ ret.27 (invoke read_all_cps.0 (var ret.27))); .ap(; (var a.28))}); .ap((cocase (.ap(:p1.31; lambda.30) -> {(μ case.32 {(μ a.33 {(symbol tuple); .ap((var :p1.31); (var a.33))}); (case ((symbol tuple).ap((var s.34)) -> {(μ a.37 {(μ a.36 {(μ ret.35 (invoke print_cps.1 (var ret.35))); .ap((var s.34); (var a.36))}); .ap((cocase (.ap(; lambda.38) -> {(μ a.40 {(μ ret.39 (invoke exit.2 (var ret.39))); .ap(; (var a.40))}); (var lambda.38)})); (var a.37))}); (var case.32)}))}); (var lambda.30)})); (var a.29))}); (var lambda.26)})); (var ret.25)})
