def read_all_cps.0 ret.4
  cocase
    .ap(; lambda.5) ->
      cocase
        .ap(:p1.7; lambda.6) ->
          μ case.8:
            μ a.9:
              :tuple
              | .ap(:p1.7; a.9)
            | case
                :tuple.ap(cont.10) ->
                  μ prim.11:
                    prim read_all_cps(cont.10; prim.11)
                  | case.8
          | lambda.6
      | lambda.5
  | ret.4
def print_cps.1 ret.12
  cocase
    .ap(:p1.14; lambda.13) ->
      cocase
        .ap(:p2.16; lambda.15) ->
          μ case.17:
            μ a.18:
              :tuple
              | .ap(:p1.14, :p2.16; a.18)
            | case
                :tuple.ap(s.19, cont.20) ->
                  μ prim.21:
                    prim print_cps(s.19, cont.20; prim.21)
                  | case.17
          | lambda.15
      | lambda.13
  | ret.12
def exit.2 ret.22
  cocase
    .ap(; lambda.23) ->
      μ prim.24:
        prim exit(; prim.24)
      | lambda.23
  | ret.22
def main.3 ret.25
  cocase
    .ap(; lambda.26) ->
      μ a.29:
        μ a.28:
          μ ret.27:
            invoke read_all_cps.0(ret.27)
          | .ap(; a.28)
        | .ap(
            cocase
              .ap(:p1.31; lambda.30) ->
                μ case.32:
                  μ a.33:
                    :tuple
                    | .ap(:p1.31; a.33)
                  | case
                      :tuple.ap(s.34) ->
                        μ a.37:
                          μ a.36:
                            μ ret.35:
                              invoke print_cps.1(ret.35)
                            | .ap(s.34; a.36)
                          | .ap(
                              cocase
                                .ap(; lambda.38) ->
                                  μ a.40:
                                    μ ret.39:
                                      invoke exit.2(ret.39)
                                    | .ap(; a.40)
                                  | lambda.38; 
                              a.37)
                        | case.32
                | lambda.30; 
            a.29)
      | lambda.26
  | ret.25
