def add.0 ret.3
  cocase
    .ap(:p1.5; lambda.4) ->
      cocase
        .ap(:p2.7; lambda.6) ->
          μ case.8:
            μ a.9:
              :tuple
              | .ap(:p1.5, :p2.7; a.9)
            | case
                :tuple.ap(x.10, y.11) ->
                  μ prim.12:
                    prim add(x.10, y.11; prim.12)
                  | case.8
          | lambda.6
      | lambda.4
  | ret.3
def mul.1 ret.13
  cocase
    .ap(:p1.15; lambda.14) ->
      cocase
        .ap(:p2.17; lambda.16) ->
          μ case.18:
            μ a.19:
              :tuple
              | .ap(:p1.15, :p2.17; a.19)
            | case
                :tuple.ap(x.20, y.21) ->
                  μ prim.22:
                    prim mul(x.20, y.21; prim.22)
                  | case.18
          | lambda.16
      | lambda.14
  | ret.13
def main.2 ret.23
  cocase
    .ap(; lambda.24) ->
      μ prim.25:
        prim print(
          μ a.28:
            μ a.27:
              μ ret.26:
                invoke add.0(ret.26)
              | .ap(1; a.27)
            | .ap(
                μ a.31:
                  μ a.30:
                    μ ret.29:
                      invoke mul.1(ret.29)
                    | .ap(2; a.30)
                  | .ap(3; a.31); 
                a.28);
          prim.25)
      | lambda.24
  | ret.23
