(def add.0 ret.3 {(cocase (.ap(:p1.5; lambda.4) -> {(cocase (.ap(:p2.7; lambda.6) -> {(μ case.8 {(μ a.9 {(symbol tuple); .ap((var :p1.5) (var :p2.7); (var a.9))}); (case ((symbol tuple).ap((var x.10) (var y.11)) -> {(μ prim.12 (prim add (var x.10) (var y.11) (var prim.12))); (var case.8)}))}); (var lambda.6)})); (var lambda.4)})); (var ret.3)})
(def mul.1 ret.13 {(cocase (.ap(:p1.15; lambda.14) -> {(cocase (.ap(:p2.17; lambda.16) -> {(μ case.18 {(μ a.19 {(symbol tuple); .ap((var :p1.15) (var :p2.17); (var a.19))}); (case ((symbol tuple).ap((var x.20) (var y.21)) -> {(μ prim.22 (prim mul (var x.20) (var y.21) (var prim.22))); (var case.18)}))}); (var lambda.16)})); (var lambda.14)})); (var ret.13)})
(def main.2 ret.23 {(cocase (.ap(; lambda.24) -> {(μ prim.25 (prim print (μ a.28 {(μ a.27 {(μ ret.26 (invoke add.0 (var ret.26))); .ap((literal 1); (var a.27))}); .ap((μ a.31 {(μ a.30 {(μ ret.29 (invoke mul.1 (var ret.29))); .ap((literal 2); (var a.30))}); .ap((literal 3); (var a.31))}); (var a.28))}) (var prim.25))); (var lambda.24)})); (var ret.23)})
