def if.0 ret.2
  cocase
    .ap(:p1.4; lambda.3) ->
      cocase
        .if(; object.5) ->
          μ case.6:
            μ a.7:
              :tuple
              | .ap(:p1.4; a.7)
            | case
                :tuple.ap(:False) ->
                  cocase
                    .ap(:p2.9; lambda.8) ->
                      μ case.10:
                        μ a.11:
                          :tuple
                          | .ap(:p1.4, :p2.9; a.11)
                        | case
                            :tuple.ap(:False, t.12) ->
                              μ a.13:
                                t.12
                                | .ap(; a.13)
                              | case.10
                      | lambda.8
                  | case.6
                :tuple.ap(:True) ->
                  cocase
                    .ap(:p1.15; lambda.14) ->
                      μ case.16:
                        μ a.17:
                          :tuple
                          | .ap(:p1.15; a.17)
                        | case
                            :tuple.ap(t.18) ->
                              μ a.19:
                                t.18
                                | .ap(; a.19)
                              | case.16
                      | lambda.14
                  | case.6
          | object.5
      | lambda.3
  | ret.2
def main.1 ret.20
  cocase
    .ap(; lambda.21) ->
      μ a.25:
        μ proj.22:
          μ a.24:
            μ ret.23:
              invoke if.0(ret.23)
            | .ap(:True; a.24)
          | .if(; proj.22)
        | .ap(
            cocase
              .ap(; lambda.26) ->
                μ prim.27:
                  prim print("hello"; prim.27)
                | lambda.26; 
            a.25)
      | lambda.21
  | ret.20
