(def if.0 ret.2 {(cocase (.ap(:p1.4; lambda.3) -> {(cocase (.if(; object.5) -> {(μ case.6 {(μ a.7 {(symbol tuple); .ap((var :p1.4); (var a.7))}); (case ((symbol tuple).ap((symbol False)) -> {(cocase (.ap(:p2.9; lambda.8) -> {(μ case.10 {(μ a.11 {(symbol tuple); .ap((var :p1.4) (var :p2.9); (var a.11))}); (case ((symbol tuple).ap((symbol False) (var t.12)) -> {(μ a.13 {(var t.12); .ap(; (var a.13))}); (var case.10)}))}); (var lambda.8)})); (var case.6)}) ((symbol tuple).ap((symbol True)) -> {(cocase (.ap(:p1.15; lambda.14) -> {(μ case.16 {(μ a.17 {(symbol tuple); .ap((var :p1.15); (var a.17))}); (case ((symbol tuple).ap((var t.18)) -> {(μ a.19 {(var t.18); .ap(; (var a.19))}); (var case.16)}))}); (var lambda.14)})); (var case.6)}))}); (var object.5)})); (var lambda.3)})); (var ret.2)})
(def main.1 ret.20 {(cocase (.ap(; lambda.21) -> {(μ a.25 {(μ proj.22 {(μ a.24 {(μ ret.23 (invoke if.0 (var ret.23))); .ap((symbol True); (var a.24))}); .if(; (var proj.22))}); .ap((cocase (.ap(; lambda.26) -> {(μ prim.27 (prim print (literal "hello") (var prim.27))); (var lambda.26)})); (var a.25))}); (var lambda.21)})); (var ret.20)})
