def zipWith.0 ret.5
  cocase
    .ap(:p1.7, :p2.8, :p3.9; lambda.6) ->
      cocase
        .head(; object.10) ->
          μ case.11:
            μ a.12:
              :tuple
              | .ap(:p1.7, :p2.8, :p3.9; a.12)
            | case
                :tuple.ap(f.13, xs.14, ys.15) ->
                  μ a.16:
                    f.13
                    | .ap(
                        μ proj.17:
                          xs.14
                          | .head(; proj.17),
                        μ proj.18:
                          ys.15
                          | .head(; proj.18); 
                        a.16)
                  | case.11
          | object.10
        .tail(; object.10) ->
          μ case.19:
            μ a.20:
              :tuple
              | .ap(:p1.7, :p2.8, :p3.9; a.20)
            | case
                :tuple.ap(f.21, xs.22, ys.23) ->
                  μ a.25:
                    μ ret.24:
                      invoke zipWith.0(ret.24)
                    | .ap(
                        f.21,
                        μ proj.26:
                          xs.22
                          | .tail(; proj.26),
                        μ proj.27:
                          ys.23
                          | .tail(; proj.27); 
                        a.25)
                  | case.19
          | object.10
      | lambda.6
  | ret.5
def +.1 ret.28
  cocase
    .ap(:p1.30, :p2.31; lambda.29) ->
      μ case.32:
        μ a.33:
          :tuple
          | .ap(:p1.30, :p2.31; a.33)
        | case
            :tuple.ap(x.34, y.35) ->
              μ prim.36:
                prim add(x.34, y.35; prim.36)
              | case.32
      | lambda.29
  | ret.28
def fib.2 ret.37
  cocase
    .head(; object.38) ->
      1
      | object.38
    .tail(; object.38) ->
      cocase
        .head(; object.39) ->
          1
          | object.39
        .tail(; object.39) ->
          μ a.41:
            μ ret.40:
              invoke zipWith.0(ret.40)
            | .ap(
                cocase
                  .ap(:p1.43, :p2.44; lambda.42) ->
                    μ case.45:
                      μ a.46:
                        :tuple
                        | .ap(:p1.43, :p2.44; a.46)
                      | case
                          :tuple.ap(x.47, y.48) ->
                            μ a.50:
                              μ ret.49:
                                invoke +.1(ret.49)
                              | .ap(x.47, y.48; a.50)
                            | case.45
                    | lambda.42,
                μ ret.51:
                  invoke fib.2(ret.51),
                μ proj.52:
                  μ ret.53:
                    invoke fib.2(ret.53)
                  | .tail(; proj.52); 
                a.41)
          | object.39
      | object.38
  | ret.37
def shift.3 ret.54
  cocase
    .ap(:p1.56; lambda.55) ->
      μ case.57:
        μ a.58:
          :tuple
          | .ap(:p1.56; a.58)
        | case
            :tuple.ap(
              s.59.head()) ->
              μ proj.60:
                μ proj.61:
                  s.59
                  | .tail(; proj.61)
                | .head(; proj.60)
              | case.57
            :tuple.ap(
              s.62.tail()) ->
              μ proj.63:
                μ proj.64:
                  s.62
                  | .tail(; proj.64)
                | .tail(; proj.63)
              | case.57
      | lambda.55
  | ret.54
def main.4 ret.65
  cocase
    .ap(; lambda.66) ->
      μ prim.67:
        prim print(
          μ a.69:
            μ ret.68:
              invoke shift.3(ret.68)
            | .ap(
                μ a.71:
                  μ ret.70:
                    invoke shift.3(ret.70)
                  | .ap(
                      μ a.73:
                        μ ret.72:
                          invoke shift.3(ret.72)
                        | .ap(
                            μ proj.74:
                              μ ret.75:
                                invoke fib.2(ret.75)
                              | .head(; proj.74); 
                            a.73); 
                      a.71); 
                a.69);
          prim.67)
      | lambda.66
  | ret.65
