def printer.0 ret.2
  cocase
    .print(; object.3) ->
      cocase
        .ap(:p1.5; lambda.4) ->
          μ case.6:
            μ a.7:
              :tuple
              | .ap(:p1.5; a.7)
            | case
                :tuple.ap(x.8) ->
                  μ prim.9:
                    prim print(x.8; prim.9)
                  | case.6
          | lambda.4
      | object.3
  | ret.2
def main.1 ret.10
  cocase
    .ap(; lambda.11) ->
      μ a.14:
        μ proj.12:
          μ ret.13:
            invoke printer.0(ret.13)
          | .print(; proj.12)
        | .ap(1; a.14)
      | lambda.11
  | ret.10
