(def option.0 ret.4 {(cocase (.none(; object.5) -> {(literal "none"); (var object.5)}) (.some(; object.5) -> {(cocase (.ap(:p1.7; lambda.6) -> {(μ case.8 {(μ a.9 {(symbol tuple); .ap((var :p1.7); (var a.9))}); (case ((symbol tuple).ap((var x.10)) -> {(var x.10); (var case.8)}))}); (var lambda.6)})); (var object.5)})); (var ret.4)})
(def map.1 ret.11 {(cocase (.ap(:p1.13 :p2.14; lambda.12) -> {(μ case.15 {(μ a.16 {(symbol tuple); .ap((var :p1.13) (var :p2.14); (var a.16))}); (case ((symbol tuple).ap((var f.17) (var o.18).none()) -> {(μ proj.19 {(var o.18); .none(; (var proj.19))}); (var case.15)}) ((symbol tuple).ap((var f.20) (var o.21).some().ap((var x.22))) -> {(μ a.24 {(μ proj.23 {(var o.21); .some(; (var proj.23))}); .ap((μ a.25 {(var f.20); .ap((var x.22); (var a.25))}); (var a.24))}); (var case.15)}))}); (var lambda.12)})); (var ret.11)})
(def addone.2 ret.26 {(cocase (.ap(:p1.28; lambda.27) -> {(μ case.29 {(μ a.30 {(symbol tuple); .ap((var :p1.28); (var a.30))}); (case ((symbol tuple).ap((var x.31)) -> {(μ prim.32 (prim add (var x.31) (literal 1) (var prim.32))); (var case.29)}))}); (var lambda.27)})); (var ret.26)})
(def main.3 ret.33 {(cocase (.ap(; lambda.34) -> {(μ let.42 {(μ a.37 {(μ ret.36 (invoke map.1 (var ret.36))); .ap((μ ret.38 (invoke addone.2 (var ret.38))) (μ a.41 {(μ proj.39 {(μ ret.40 (invoke option.0 (var ret.40))); .some(; (var proj.39))}); .ap((literal 41); (var a.41))}); (var a.37))}); (case ((var x.35) -> {(μ prim.43 (prim print_trace (var x.35) (var prim.43))); (var let.42)}))}); (var lambda.34)})); (var ret.33)})
