(def f.0 ret.2 {(cocase (.ap(:p1.4; lambda.3) -> {(cocase (.h(; object.5) -> {(μ case.6 {(μ a.7 {(symbol tuple); .ap((var :p1.4); (var a.7))}); (case ((symbol tuple).ap((literal 0)) -> {(literal 1); (var case.6)}) ((symbol tuple).ap((var x.8)) -> {(cocase (.h(; object.9) -> {(μ case.10 {(μ a.11 {(symbol tuple); .ap((var :p1.4); (var a.11))}); (case ((symbol tuple).ap((var x.12)) -> {(var x.12); (var case.10)}))}); (var object.9)})); (var case.6)}))}); (var object.5)})); (var lambda.3)})); (var ret.2)})
(def main.1 ret.13 {(cocase (.ap(; lambda.14) -> {(μ seq.19 {(μ prim.15 (prim print (μ proj.16 {(μ a.18 {(μ ret.17 (invoke f.0 (var ret.17))); .ap((literal 0); (var a.18))}); .h(; (var proj.16))}) (var prim.15))); (μ~ hole.25 {(μ prim.20 (prim print (μ proj.21 {(μ proj.22 {(μ a.24 {(μ ret.23 (invoke f.0 (var ret.23))); .ap((literal 1); (var a.24))}); .h(; (var proj.22))}); .h(; (var proj.21))}) (var prim.20))); (var seq.19)})}); (var lambda.14)})); (var ret.13)})
