def -.0($def.7)
  cocase
    .ap($p1.9, $p2.10; $lambda.8) ->
      μ $case.11:
        μ $ap.12:
          :tuple
          | .ap($p1.9, $p2.10; $ap.12)
        | case
            :tuple.ap(x.13, y.14; $_.15) ->
              μ $prim.16:
                prim sub(x.13, y.14; $prim.16)
              | $case.11
      | $lambda.8
  | $def.7
def map.1($def.17)
  cocase
    .ap($p1.19, $p2.20; $lambda.18) ->
      μ $case.21:
        μ $ap.22:
          :tuple
          | .ap($p1.19, $p2.20; $ap.22)
        | case
            :tuple.ap(f.23, :Nil; $_.24) ->
              :Nil
              | $case.21
            :tuple.ap(
              f.25,
              :Cons.ap(x.26, xs.27; $_.28);
              $_.29) ->
              μ $ap.30:
                :Cons
                | μ~ $y.81:
                    μ $ap.31:
                      f.25
                      | .ap(x.26; $ap.31)
                    | μ~ $x.82:
                        $y.81
                        | μ~ $y.83:
                            μ $ap.33:
                              μ $top.32:
                                invoke map.1($top.32)
                              | .ap(f.25, xs.27; $ap.33)
                            | μ~ $x.84:
                                $y.83
                                | .ap($x.82, $x.84; $ap.30)
              | $case.21
      | $lambda.18
  | $def.17
def prune.2($def.34)
  cocase
    .ap($p1.36, $p2.37; $lambda.35) ->
      cocase
        .children(; $object.52) ->
          μ $case.38:
            μ $ap.39:
              :tuple
              | .ap($p1.36, $p2.37; $ap.39)
            | case
                :tuple.ap(0, t.40; $_.41) ->
                  :Nil
                  | $case.38
                :tuple.ap(x.42, t.43; $_.44) ->
                  μ $ap.46:
                    μ $top.45:
                      invoke map.1($top.45)
                    | μ~ $y.87:
                        μ $ap.48:
                          μ $top.47:
                            invoke prune.2($top.47)
                          | μ~ $y.85:
                              μ $ap.50:
                                μ $top.49:
                                  invoke -.0($top.49)
                                | .ap(x.42, 1; $ap.50)
                              | μ~ $x.86:
                                  $y.85
                                  | .ap($x.86; $ap.48)
                        | μ~ $x.88:
                            $y.87
                            | μ~ $y.89:
                                μ $proj.51:
                                  t.43
                                  | .children(; $proj.51)
                                | μ~ $x.90:
                                    $y.89
                                    | .ap($x.88, $x.90; $ap.46)
                  | $case.38
          | $object.52
        .node(; $object.59) ->
          μ $case.53:
            μ $ap.54:
              :tuple
              | .ap($p1.36, $p2.37; $ap.54)
            | case
                :tuple.ap(x.55, t.56; $_.57) ->
                  μ $proj.58:
                    t.56
                    | .node(; $proj.58)
                  | $case.53
          | $object.59
      | $lambda.35
  | $def.34
def tree.3($def.60)
  cocase
    .children(; $object.65) ->
      μ $ap.61:
        :Cons
        | μ~ $y.91:
            μ $top.62:
              invoke tree1.4($top.62)
            | μ~ $x.92:
                $y.91
                | μ~ $y.95:
                    μ $ap.63:
                      :Cons
                      | μ~ $y.93:
                          :Nil
                          | μ~ $x.94:
                              $y.93
                              | .ap(:Nil, $x.94; $ap.63)
                    | μ~ $x.96:
                        $y.95
                        | .ap($x.92, $x.96; $ap.61)
      | $object.65
    .node(; $object.66) ->
      1
      | $object.66
  | $def.60
def tree1.4($def.67)
  cocase
    .children(; $object.68) ->
      :Nil
      | $object.68
    .node(; $object.69) ->
      2
      | $object.69
  | $def.67
def tree2.5($def.70)
  cocase
    .children(; $object.73) ->
      μ $ap.71:
        :Cons
        | μ~ $y.97:
            :Nil
            | μ~ $x.98:
                $y.97
                | .ap(:Nil, $x.98; $ap.71)
      | $object.73
    .node(; $object.74) ->
      3
      | $object.74
  | $def.70
def main.6($def.75)
  cocase
    .ap(; $lambda.76) ->
      μ $proj.77:
        μ $ap.79:
          μ $top.78:
            invoke prune.2($top.78)
          | μ~ $y.99:
              μ $top.80:
                invoke tree.3($top.80)
              | μ~ $x.100:
                  $y.99
                  | .ap(2, $x.100; $ap.79)
        | .children(; $proj.77)
      | $lambda.76
  | $def.75
