def -.0 ret.7
  cocase
    .ap(:p1.9, :p2.10; lambda.8) ->
      μ case.11:
        μ a.12:
          :tuple
          | .ap(:p1.9, :p2.10; a.12)
        | case
            :tuple.ap(x.13, y.14) ->
              μ prim.15:
                prim sub(x.13, y.14; prim.15)
              | case.11
      | lambda.8
  | ret.7
def map.1 ret.16
  cocase
    .ap(:p1.18, :p2.19; lambda.17) ->
      μ case.20:
        μ a.21:
          :tuple
          | .ap(:p1.18, :p2.19; a.21)
        | case
            :tuple.ap(f.22, :Nil) ->
              :Nil
              | case.20
            :tuple.ap(
              f.23,
              :Cons.ap(x.24, xs.25)) ->
              μ a.26:
                :Cons
                | .ap(
                    μ a.27:
                      f.23
                      | .ap(x.24; a.27),
                    μ a.29:
                      μ ret.28:
                        invoke map.1(ret.28)
                      | .ap(f.23, xs.25; a.29); 
                    a.26)
              | case.20
      | lambda.17
  | ret.16
def prune.2 ret.30
  cocase
    .ap(:p1.32, :p2.33; lambda.31) ->
      cocase
        .children(; object.34) ->
          μ case.35:
            μ a.36:
              :tuple
              | .ap(:p1.32, :p2.33; a.36)
            | case
                :tuple.ap(0, t.37) ->
                  :Nil
                  | case.35
                :tuple.ap(x.38, t.39) ->
                  μ a.41:
                    μ ret.40:
                      invoke map.1(ret.40)
                    | .ap(
                        μ a.43:
                          μ ret.42:
                            invoke prune.2(ret.42)
                          | .ap(
                              μ a.45:
                                μ ret.44:
                                  invoke -.0(ret.44)
                                | .ap(x.38, 1; a.45); 
                              a.43),
                        μ proj.46:
                          t.39
                          | .children(; proj.46); 
                        a.41)
                  | case.35
          | object.34
        .node(; object.34) ->
          μ case.47:
            μ a.48:
              :tuple
              | .ap(:p1.32, :p2.33; a.48)
            | case
                :tuple.ap(x.49, t.50) ->
                  μ proj.51:
                    t.50
                    | .node(; proj.51)
                  | case.47
          | object.34
      | lambda.31
  | ret.30
def tree.3 ret.52
  cocase
    .children(; object.53) ->
      μ a.54:
        :Cons
        | .ap(
            μ ret.55:
              invoke tree1.4(ret.55),
            μ a.56:
              :Cons
              | .ap(
                  μ ret.57:
                    invoke tree2.5(ret.57),
                  :Nil; 
                  a.56); 
            a.54)
      | object.53
    .node(; object.53) ->
      1
      | object.53
  | ret.52
def tree1.4 ret.58
  cocase
    .children(; object.59) ->
      :Nil
      | object.59
    .node(; object.59) ->
      2
      | object.59
  | ret.58
def tree2.5 ret.60
  cocase
    .children(; object.61) ->
      μ a.62:
        :Cons
        | .ap(
            μ ret.63:
              invoke tree.3(ret.63),
            :Nil; 
            a.62)
      | object.61
    .node(; object.61) ->
      3
      | object.61
  | ret.60
def main.6 ret.64
  cocase
    .ap(; lambda.65) ->
      μ proj.66:
        μ a.68:
          μ ret.67:
            invoke prune.2(ret.67)
          | .ap(
              2,
              μ ret.69:
                invoke tree.3(ret.69); 
              a.68)
        | .children(; proj.66)
      | lambda.65
  | ret.64
