(def f.0 ret.2 {(cocase (.ap(:p1.4; lambda.3) -> {(μ case.5 {(μ a.6 {(symbol tuple); .ap((var :p1.4); (var a.6))}); (case ((symbol tuple).ap((symbol tuple).ap((var x.7) (var y.8))) -> {(μ prim.9 (prim add (var x.7) (var y.8) (var prim.9))); (var case.5)}))}); (var lambda.3)})); (var ret.2)})
(def main.1 ret.10 {(cocase (.ap(; lambda.11) -> {(μ seq.14 {(μ prim.12 (prim print (μ a.13 {(symbol tuple); .ap((literal 1) (literal "string"); (var a.13))}) (var prim.12))); (μ~ hole.19 {(μ prim.15 (prim print (μ a.17 {(μ ret.16 (invoke f.0 (var ret.16))); .ap((μ a.18 {(symbol tuple); .ap((literal 1) (literal 2); (var a.18))}); (var a.17))}) (var prim.15))); (var seq.14)})}); (var lambda.11)})); (var ret.10)})
