def f.0($def.2)
  cocase
    .ap($p1.4; $lambda.3) ->
      μ $case.5:
        μ $ap.6:
          :tuple
          | .ap($p1.4; $ap.6)
        | case
            :tuple.ap(
              :tuple.ap(x.7, y.8; $_.9);
              $_.10) ->
              μ $prim.11:
                prim add(x.7, y.8; $prim.11)
              | $case.5
      | $lambda.3
  | $def.2
def main.1($def.12)
  cocase
    .ap(; $lambda.13) ->
      μ $seq.16:
        μ $prim.14:
          prim print(
            μ $ap.15:
              :tuple
              | .ap(1, "string"; $ap.15);
            $prim.14)
        | μ~ $_.21:
            μ $prim.17:
              prim print(
                μ $ap.19:
                  μ $top.18:
                    invoke f.0($top.18)
                  | .ap(
                      μ $ap.20:
                        :tuple
                        | .ap(1, 2; $ap.20); 
                      $ap.19);
                $prim.17)
            | $seq.16
      | $lambda.13
  | $def.12
