(def add.0 ret.2 {(cocase (.ap(:p1.4 :p2.5; lambda.3) -> {(μ case.6 {(μ a.7 {(symbol tuple); .ap((var :p1.4) (var :p2.5); (var a.7))}); (case ((symbol tuple).ap((var x.8) (var y.9)) -> {(μ prim.10 (prim add (var x.8) (var y.9) (var prim.10))); (var case.6)}))}); (var lambda.3)})); (var ret.2)})
(def main.1 ret.11 {(cocase (.ap(; lambda.12) -> {(μ let.16 {(μ a.15 {(μ ret.14 (invoke add.0 (var ret.14))); .ap((literal 1); (var a.15))}); (case ((var add1.13) -> {(μ seq.19 {(μ prim.17 (prim print (μ a.18 {(var add1.13); .ap((literal 2); (var a.18))}) (var prim.17))); (μ~ hole.22 {(μ prim.20 (prim print (μ a.21 {(var add1.13); .ap((literal 3); (var a.21))}) (var prim.20))); (var seq.19)})}); (var let.16)}))}); (var lambda.12)})); (var ret.11)})
