def add.0($def.2)
  cocase
    .ap($p1.4, $p2.5; $lambda.3) ->
      μ $case.6:
        μ $ap.7:
          :tuple
          | .ap($p1.4, $p2.5; $ap.7)
        | case
            :tuple.ap(x.8, y.9; $_.10) ->
              μ $prim.11:
                prim add(x.8, y.9; $prim.11)
              | $case.6
      | $lambda.3
  | $def.2
def main.1($def.12)
  cocase
    .ap(; $lambda.13) ->
      μ $let.17:
        μ $ap.16:
          μ $top.15:
            invoke add.0($top.15)
          | .ap(1; $ap.16)
        | case
            add1.14 ->
              μ $seq.20:
                μ $prim.18:
                  prim print(
                    μ $ap.19:
                      add1.14
                      | .ap(2; $ap.19);
                    $prim.18)
                | μ~ $_.23:
                    μ $prim.21:
                      prim print(
                        μ $ap.22:
                          add1.14
                          | .ap(3; $ap.22);
                        $prim.21)
                    | $seq.20
              | $let.17
      | $lambda.13
  | $def.12
