def vendor.0($def.2)
  cocase
    .ap($p1.4; $lambda.3) ->
      cocase
        .get(; $object.9) ->
          μ $case.5:
            μ $ap.6:
              :tuple
              | .ap($p1.4; $ap.6)
            | case
                :tuple.ap(items.7; $_.8) ->
                  :None
                  | $case.5
          | $object.9
        .put(; $object.40) ->
          cocase
            .get(; $object.31) ->
              μ $case.10:
                μ $ap.11:
                  :tuple
                  | .ap($p1.4; $ap.11)
                | case
                    :tuple.ap(:Nil; $_.12) ->
                      μ $seq.14:
                        μ $prim.13:
                          prim print("Nil case"; $prim.13)
                        | μ~ $_.18:
                            μ $seq.16:
                              μ $prim.15:
                                prim print(:Nil; $prim.15)
                              | μ~ $_.17:
                                  :None
                                  | $seq.16
                            | $seq.14
                      | $case.10
                    :tuple.ap(
                      :Cons.ap(x.19, xs.20; $_.21);
                      $_.22) ->
                      μ $seq.24:
                        μ $prim.23:
                          prim print("Cons case"; $prim.23)
                        | μ~ $_.30:
                            μ $seq.27:
                              μ $prim.25:
                                μ $ap.26:
                                  :Cons
                                  | .ap(x.19, xs.20; $ap.26)
                                | μ~ $x.49:
                                    prim print($x.49; $prim.25)
                              | μ~ $_.29:
                                  μ $ap.28:
                                    :Some
                                    | .ap(x.19; $ap.28)
                                  | $seq.27
                            | $seq.24
                      | $case.10
              | $object.31
            .put(; $object.39) ->
              μ $case.32:
                μ $ap.33:
                  :tuple
                  | .ap($p1.4; $ap.33)
                | case
                    :tuple.ap(items.34; $_.35) ->
                      μ $proj.36:
                        μ $ap.38:
                          μ $top.37:
                            invoke vendor.0($top.37)
                          | .ap(items.34; $ap.38)
                        | .put(; $proj.36)
                      | $case.32
              | $object.39
          | $object.40
      | $lambda.3
  | $def.2
def main.1($def.41)
  cocase
    .ap(; $lambda.42) ->
      μ $prim.43:
        μ $proj.44:
          μ $proj.45:
            μ $ap.47:
              μ $top.46:
                invoke vendor.0($top.46)
              | μ~ $y.50:
                  μ $ap.48:
                    :Cons
                    | .ap(0, :Nil; $ap.48)
                  | μ~ $x.51:
                      $y.50
                      | .ap($x.51; $ap.47)
            | .put(; $proj.45)
          | .get(; $proj.44)
        | μ~ $x.52:
            prim print($x.52; $prim.43)
      | $lambda.42
  | $def.41
