(def if.0 (lambda (:p1.2) (object (field if (case ((var :p1.2)) (clause (symbol :False) (lambda (:p2.3) (case ((var :p1.2) (var :p2.3)) (clause ((symbol :False) (var t.4)) (seq (call (var t.4))))))) (clause (symbol :True) (seq (lambda (:p1.5) (case ((var :p1.5)) (clause (var t.6) (seq (call (var t.6)))))))))))))
(def main.1 (lambda () (seq (call (access (call (var if.0) (symbol :True)) if) (lambda () (seq (prim print (literal "hello"))))))))
