(def vendor.0 (lambda (:p1.2) (object (field get (case ((var :p1.2)) (clause (var items.3) (seq (symbol :None))))) (field put (object (field get (case ((var :p1.2)) (clause (symbol :Nil) (seq (prim print (literal "Nil case")) (prim print (symbol :Nil)) (symbol :None))) (clause (call (call (symbol :Cons) (var x.4)) (var xs.5)) (seq (prim print (literal "Cons case")) (prim print (call (call (symbol :Cons) (var x.4)) (var xs.5))) (call (symbol :Some) (var x.4)))))) (field put (case ((var :p1.2)) (clause (var items.6) (seq (access (call (var vendor.0) (var items.6)) put))))))))))
(def main.1 (lambda (:p1.7) (case ((var :p1.7)) (clause (tuple) (seq (prim print (access (access (call (var vendor.0) (call (call (symbol :Cons) (literal 0)) (symbol :Nil))) put) get)))))))
