(def main.0 (lambda (:p1.1) (case ((var :p1.1)) (clause (tuple) (seq (call (call (lambda (:p1.2) (lambda (:p2.3) (case ((var :p1.2) (var :p2.3)) (clause ((tuple) (var cont.4)) (seq (call (call (var cont.4) (literal 1)) (literal 2))))))) (tuple)) (lambda (:p1.5) (lambda (:p2.6) (case ((var :p1.5) (var :p2.6)) (clause ((var x.7) (var y.8)) (seq (prim print (tuple (var x.7) (var y.8))))))))))))))
