(def main.0 (lambda () (seq (call (call (lambda () (lambda (:p1.1) (case ((var :p1.1)) (clause (var cont.2) (seq (call (var cont.2) (literal 1) (literal 2)))))))) (lambda (:p1.3 :p2.4) (case ((var :p1.3) (var :p2.4)) (clause ((var x.5) (var y.6)) (seq (prim print (tuple (var x.5) (var y.6)))))))))))
