DEF "def" ../testdata/bool_observe.mlg:1:1
IDENT "bool" ../testdata/bool_observe.mlg:1:5
EQUAL "=" ../testdata/bool_observe.mlg:1:10
LEFTBRACE "{" ../testdata/bool_observe.mlg:1:12
SHARP "#" ../testdata/bool_observe.mlg:2:3
DOT "." ../testdata/bool_observe.mlg:2:4
IDENT "false" ../testdata/bool_observe.mlg:2:5
ARROW "->" ../testdata/bool_observe.mlg:2:11
INTEGER "0" ../testdata/bool_observe.mlg:2:14
COMMA "," ../testdata/bool_observe.mlg:2:15
SHARP "#" ../testdata/bool_observe.mlg:3:3
DOT "." ../testdata/bool_observe.mlg:3:4
IDENT "true" ../testdata/bool_observe.mlg:3:5
ARROW "->" ../testdata/bool_observe.mlg:3:10
INTEGER "1" ../testdata/bool_observe.mlg:3:13
COMMA "," ../testdata/bool_observe.mlg:3:14
RIGHTBRACE "}" ../testdata/bool_observe.mlg:4:1
DEF "def" ../testdata/bool_observe.mlg:6:1
IDENT "flip" ../testdata/bool_observe.mlg:6:5
EQUAL "=" ../testdata/bool_observe.mlg:6:10
LEFTBRACE "{" ../testdata/bool_observe.mlg:6:12
SHARP "#" ../testdata/bool_observe.mlg:7:3
LEFTPAREN "(" ../testdata/bool_observe.mlg:7:4
IDENT "b" ../testdata/bool_observe.mlg:7:5
DOT "." ../testdata/bool_observe.mlg:7:6
IDENT "false" ../testdata/bool_observe.mlg:7:7
RIGHTPAREN ")" ../testdata/bool_observe.mlg:7:12
ARROW "->" ../testdata/bool_observe.mlg:7:14
IDENT "b" ../testdata/bool_observe.mlg:7:17
DOT "." ../testdata/bool_observe.mlg:7:18
IDENT "true" ../testdata/bool_observe.mlg:7:19
COMMA "," ../testdata/bool_observe.mlg:7:23
SHARP "#" ../testdata/bool_observe.mlg:8:3
LEFTPAREN "(" ../testdata/bool_observe.mlg:8:4
IDENT "b" ../testdata/bool_observe.mlg:8:5
DOT "." ../testdata/bool_observe.mlg:8:6
IDENT "true" ../testdata/bool_observe.mlg:8:7
RIGHTPAREN ")" ../testdata/bool_observe.mlg:8:11
ARROW "->" ../testdata/bool_observe.mlg:8:13
IDENT "b" ../testdata/bool_observe.mlg:8:16
DOT "." ../testdata/bool_observe.mlg:8:17
IDENT "false" ../testdata/bool_observe.mlg:8:18
COMMA "," ../testdata/bool_observe.mlg:8:23
RIGHTBRACE "}" ../testdata/bool_observe.mlg:9:1
DEF "def" ../testdata/bool_observe.mlg:11:1
IDENT "main" ../testdata/bool_observe.mlg:11:5
EQUAL "=" ../testdata/bool_observe.mlg:11:10
LEFTBRACE "{" ../testdata/bool_observe.mlg:11:12
LET "let" ../testdata/bool_observe.mlg:12:3
IDENT "x" ../testdata/bool_observe.mlg:12:7
EQUAL "=" ../testdata/bool_observe.mlg:12:9
IDENT "flip" ../testdata/bool_observe.mlg:12:11
LEFTPAREN "(" ../testdata/bool_observe.mlg:12:15
IDENT "bool" ../testdata/bool_observe.mlg:12:16
DOT "." ../testdata/bool_observe.mlg:12:20
IDENT "true" ../testdata/bool_observe.mlg:12:21
RIGHTPAREN ")" ../testdata/bool_observe.mlg:12:25
SEMICOLON ";" ../testdata/bool_observe.mlg:12:26
PRIM "prim" ../testdata/bool_observe.mlg:13:3
LEFTPAREN "(" ../testdata/bool_observe.mlg:13:7
IDENT "print" ../testdata/bool_observe.mlg:13:8
COMMA "," ../testdata/bool_observe.mlg:13:13
IDENT "x" ../testdata/bool_observe.mlg:13:15
RIGHTPAREN ")" ../testdata/bool_observe.mlg:13:16
SEMICOLON ";" ../testdata/bool_observe.mlg:13:17
PRIM "prim" ../testdata/bool_observe.mlg:14:3
LEFTPAREN "(" ../testdata/bool_observe.mlg:14:7
IDENT "print_trace" ../testdata/bool_observe.mlg:14:8
COMMA "," ../testdata/bool_observe.mlg:14:19
IDENT "x" ../testdata/bool_observe.mlg:14:21
RIGHTPAREN ")" ../testdata/bool_observe.mlg:14:22
RIGHTBRACE "}" ../testdata/bool_observe.mlg:15:1
EOF "" ../testdata/bool_observe.mlg:15:2
