DEF "def" testdata/cpsio.mlg:1:1
IDENT "main" testdata/cpsio.mlg:1:5
EQUAL "=" testdata/cpsio.mlg:1:10
LEFTBRACE "{" testdata/cpsio.mlg:1:12
LET "let" testdata/cpsio.mlg:2:5
IDENT "exit" testdata/cpsio.mlg:2:9
EQUAL "=" testdata/cpsio.mlg:2:14
LEFTBRACE "{" testdata/cpsio.mlg:2:16
PRIM "prim" testdata/cpsio.mlg:3:9
LEFTPAREN "(" testdata/cpsio.mlg:3:13
IDENT "exit" testdata/cpsio.mlg:3:14
RIGHTPAREN ")" testdata/cpsio.mlg:3:18
RIGHTBRACE "}" testdata/cpsio.mlg:4:5
SEMICOLON ";" testdata/cpsio.mlg:4:6
LET "let" testdata/cpsio.mlg:5:5
IDENT "print" testdata/cpsio.mlg:5:9
EQUAL "=" testdata/cpsio.mlg:5:15
LEFTBRACE "{" testdata/cpsio.mlg:5:17
IDENT "s" testdata/cpsio.mlg:5:19
ARROW "->" testdata/cpsio.mlg:5:21
PRIM "prim" testdata/cpsio.mlg:6:9
LEFTPAREN "(" testdata/cpsio.mlg:6:13
IDENT "print_cps" testdata/cpsio.mlg:6:14
COMMA "," testdata/cpsio.mlg:6:23
IDENT "s" testdata/cpsio.mlg:6:25
COMMA "," testdata/cpsio.mlg:6:26
IDENT "exit" testdata/cpsio.mlg:6:28
RIGHTPAREN ")" testdata/cpsio.mlg:6:32
RIGHTBRACE "}" testdata/cpsio.mlg:7:5
SEMICOLON ";" testdata/cpsio.mlg:7:6
PRIM "prim" testdata/cpsio.mlg:8:5
LEFTPAREN "(" testdata/cpsio.mlg:8:9
IDENT "read_all_cps" testdata/cpsio.mlg:8:10
COMMA "," testdata/cpsio.mlg:8:22
IDENT "print" testdata/cpsio.mlg:8:24
RIGHTPAREN ")" testdata/cpsio.mlg:8:29
RIGHTBRACE "}" testdata/cpsio.mlg:9:1
EOF "" testdata/cpsio.mlg:9:2
