DEF "def" testdata/curry.mlg:1:1
IDENT "add" testdata/curry.mlg:1:5
EQUAL "=" testdata/curry.mlg:1:9
LEFTBRACE "{" testdata/curry.mlg:1:11
SHARP "#" testdata/curry.mlg:1:12
LEFTPAREN "(" testdata/curry.mlg:1:13
IDENT "x" testdata/curry.mlg:1:14
RIGHTPAREN ")" testdata/curry.mlg:1:15
LEFTPAREN "(" testdata/curry.mlg:1:16
IDENT "y" testdata/curry.mlg:1:17
RIGHTPAREN ")" testdata/curry.mlg:1:18
ARROW "->" testdata/curry.mlg:1:20
PRIM "prim" testdata/curry.mlg:1:23
LEFTPAREN "(" testdata/curry.mlg:1:27
IDENT "add" testdata/curry.mlg:1:28
COMMA "," testdata/curry.mlg:1:31
IDENT "x" testdata/curry.mlg:1:33
COMMA "," testdata/curry.mlg:1:34
IDENT "y" testdata/curry.mlg:1:36
RIGHTPAREN ")" testdata/curry.mlg:1:37
RIGHTBRACE "}" testdata/curry.mlg:1:39
DEF "def" testdata/curry.mlg:2:1
IDENT "mul" testdata/curry.mlg:2:5
EQUAL "=" testdata/curry.mlg:2:9
LEFTBRACE "{" testdata/curry.mlg:2:11
SHARP "#" testdata/curry.mlg:2:12
LEFTPAREN "(" testdata/curry.mlg:2:13
IDENT "x" testdata/curry.mlg:2:14
RIGHTPAREN ")" testdata/curry.mlg:2:15
LEFTPAREN "(" testdata/curry.mlg:2:16
IDENT "y" testdata/curry.mlg:2:17
RIGHTPAREN ")" testdata/curry.mlg:2:18
ARROW "->" testdata/curry.mlg:2:20
PRIM "prim" testdata/curry.mlg:2:23
LEFTPAREN "(" testdata/curry.mlg:2:27
IDENT "mul" testdata/curry.mlg:2:28
COMMA "," testdata/curry.mlg:2:31
IDENT "x" testdata/curry.mlg:2:33
COMMA "," testdata/curry.mlg:2:34
IDENT "y" testdata/curry.mlg:2:36
RIGHTPAREN ")" testdata/curry.mlg:2:37
RIGHTBRACE "}" testdata/curry.mlg:2:39
DEF "def" testdata/curry.mlg:3:1
IDENT "main" testdata/curry.mlg:3:5
EQUAL "=" testdata/curry.mlg:3:10
LEFTBRACE "{" testdata/curry.mlg:3:12
PRIM "prim" testdata/curry.mlg:3:14
LEFTPAREN "(" testdata/curry.mlg:3:18
IDENT "print" testdata/curry.mlg:3:19
COMMA "," testdata/curry.mlg:3:24
IDENT "add" testdata/curry.mlg:3:26
LEFTPAREN "(" testdata/curry.mlg:3:29
INTEGER "1" testdata/curry.mlg:3:30
RIGHTPAREN ")" testdata/curry.mlg:3:31
LEFTPAREN "(" testdata/curry.mlg:3:32
IDENT "mul" testdata/curry.mlg:3:33
LEFTPAREN "(" testdata/curry.mlg:3:36
INTEGER "2" testdata/curry.mlg:3:37
RIGHTPAREN ")" testdata/curry.mlg:3:38
LEFTPAREN "(" testdata/curry.mlg:3:39
INTEGER "3" testdata/curry.mlg:3:40
RIGHTPAREN ")" testdata/curry.mlg:3:41
RIGHTPAREN ")" testdata/curry.mlg:3:42
RIGHTPAREN ")" testdata/curry.mlg:3:43
RIGHTBRACE "}" testdata/curry.mlg:3:45
EOF "" testdata/curry.mlg:3:46
