DATA "data" ../testdata/exiotic_bool.mlg:1:1
IDENT "Bool" ../testdata/exiotic_bool.mlg:1:6
EQUAL "=" ../testdata/exiotic_bool.mlg:1:11
LEFTBRACE "{" ../testdata/exiotic_bool.mlg:1:13
IDENT "False" ../testdata/exiotic_bool.mlg:2:5
LEFTPAREN "(" ../testdata/exiotic_bool.mlg:2:10
RIGHTPAREN ")" ../testdata/exiotic_bool.mlg:2:11
COMMA "," ../testdata/exiotic_bool.mlg:2:12
IDENT "True" ../testdata/exiotic_bool.mlg:3:5
LEFTPAREN "(" ../testdata/exiotic_bool.mlg:3:9
RIGHTPAREN ")" ../testdata/exiotic_bool.mlg:3:10
COMMA "," ../testdata/exiotic_bool.mlg:3:11
RIGHTBRACE "}" ../testdata/exiotic_bool.mlg:4:1
DEF "def" ../testdata/exiotic_bool.mlg:6:1
IDENT "if" ../testdata/exiotic_bool.mlg:6:5
EQUAL "=" ../testdata/exiotic_bool.mlg:6:8
LEFTBRACE "{" ../testdata/exiotic_bool.mlg:6:10
SHARP "#" ../testdata/exiotic_bool.mlg:7:5
LEFTPAREN "(" ../testdata/exiotic_bool.mlg:7:6
IDENT "False" ../testdata/exiotic_bool.mlg:7:7
LEFTPAREN "(" ../testdata/exiotic_bool.mlg:7:12
RIGHTPAREN ")" ../testdata/exiotic_bool.mlg:7:13
RIGHTPAREN ")" ../testdata/exiotic_bool.mlg:7:14
DOT "." ../testdata/exiotic_bool.mlg:7:15
IDENT "if" ../testdata/exiotic_bool.mlg:7:16
LEFTPAREN "(" ../testdata/exiotic_bool.mlg:7:18
IDENT "t" ../testdata/exiotic_bool.mlg:7:19
RIGHTPAREN ")" ../testdata/exiotic_bool.mlg:7:20
ARROW "->" ../testdata/exiotic_bool.mlg:7:22
IDENT "t" ../testdata/exiotic_bool.mlg:7:25
LEFTPAREN "(" ../testdata/exiotic_bool.mlg:7:26
RIGHTPAREN ")" ../testdata/exiotic_bool.mlg:7:27
COMMA "," ../testdata/exiotic_bool.mlg:7:28
SHARP "#" ../testdata/exiotic_bool.mlg:8:5
LEFTPAREN "(" ../testdata/exiotic_bool.mlg:8:6
IDENT "True" ../testdata/exiotic_bool.mlg:8:7
LEFTPAREN "(" ../testdata/exiotic_bool.mlg:8:11
RIGHTPAREN ")" ../testdata/exiotic_bool.mlg:8:12
RIGHTPAREN ")" ../testdata/exiotic_bool.mlg:8:13
DOT "." ../testdata/exiotic_bool.mlg:8:14
IDENT "if" ../testdata/exiotic_bool.mlg:8:15
ARROW "->" ../testdata/exiotic_bool.mlg:8:18
LEFTBRACE "{" ../testdata/exiotic_bool.mlg:8:21
SHARP "#" ../testdata/exiotic_bool.mlg:8:23
LEFTPAREN "(" ../testdata/exiotic_bool.mlg:8:24
IDENT "t" ../testdata/exiotic_bool.mlg:8:25
RIGHTPAREN ")" ../testdata/exiotic_bool.mlg:8:26
ARROW "->" ../testdata/exiotic_bool.mlg:8:28
IDENT "t" ../testdata/exiotic_bool.mlg:8:31
LEFTPAREN "(" ../testdata/exiotic_bool.mlg:8:32
RIGHTPAREN ")" ../testdata/exiotic_bool.mlg:8:33
RIGHTBRACE "}" ../testdata/exiotic_bool.mlg:8:35
COMMA "," ../testdata/exiotic_bool.mlg:8:36
RIGHTBRACE "}" ../testdata/exiotic_bool.mlg:9:1
DEF "def" ../testdata/exiotic_bool.mlg:11:1
IDENT "main" ../testdata/exiotic_bool.mlg:11:5
EQUAL "=" ../testdata/exiotic_bool.mlg:11:10
LEFTBRACE "{" ../testdata/exiotic_bool.mlg:11:12
IDENT "if" ../testdata/exiotic_bool.mlg:12:5
LEFTPAREN "(" ../testdata/exiotic_bool.mlg:12:7
IDENT "True" ../testdata/exiotic_bool.mlg:12:8
LEFTPAREN "(" ../testdata/exiotic_bool.mlg:12:12
RIGHTPAREN ")" ../testdata/exiotic_bool.mlg:12:13
RIGHTPAREN ")" ../testdata/exiotic_bool.mlg:12:14
DOT "." ../testdata/exiotic_bool.mlg:12:15
IDENT "if" ../testdata/exiotic_bool.mlg:12:16
LEFTPAREN "(" ../testdata/exiotic_bool.mlg:12:18
LEFTBRACE "{" ../testdata/exiotic_bool.mlg:12:19
PRIM "prim" ../testdata/exiotic_bool.mlg:12:21
LEFTPAREN "(" ../testdata/exiotic_bool.mlg:12:25
IDENT "print" ../testdata/exiotic_bool.mlg:12:26
COMMA "," ../testdata/exiotic_bool.mlg:12:31
STRING "\"hello\"" ../testdata/exiotic_bool.mlg:12:33
RIGHTPAREN ")" ../testdata/exiotic_bool.mlg:12:40
RIGHTBRACE "}" ../testdata/exiotic_bool.mlg:12:42
RIGHTPAREN ")" ../testdata/exiotic_bool.mlg:12:43
RIGHTBRACE "}" ../testdata/exiotic_bool.mlg:13:1
EOF "" ../testdata/exiotic_bool.mlg:13:2
