DEF "def" ../testdata/fib.mlg:1:1
OPERATOR "+" ../testdata/fib.mlg:1:5
EQUAL "=" ../testdata/fib.mlg:1:7
LEFTBRACE "{" ../testdata/fib.mlg:1:9
SHARP "#" ../testdata/fib.mlg:1:11
LEFTPAREN "(" ../testdata/fib.mlg:1:12
IDENT "x" ../testdata/fib.mlg:1:13
COMMA "," ../testdata/fib.mlg:1:14
IDENT "y" ../testdata/fib.mlg:1:16
COMMA "," ../testdata/fib.mlg:1:17
RIGHTPAREN ")" ../testdata/fib.mlg:1:18
ARROW "->" ../testdata/fib.mlg:1:20
PRIM "prim" ../testdata/fib.mlg:1:23
LEFTPAREN "(" ../testdata/fib.mlg:1:27
IDENT "add" ../testdata/fib.mlg:1:28
COMMA "," ../testdata/fib.mlg:1:31
IDENT "x" ../testdata/fib.mlg:1:33
COMMA "," ../testdata/fib.mlg:1:34
IDENT "y" ../testdata/fib.mlg:1:36
RIGHTPAREN ")" ../testdata/fib.mlg:1:37
RIGHTBRACE "}" ../testdata/fib.mlg:1:39
DEF "def" ../testdata/fib.mlg:2:1
IDENT "zipWith" ../testdata/fib.mlg:2:5
EQUAL "=" ../testdata/fib.mlg:2:13
LEFTBRACE "{" ../testdata/fib.mlg:2:15
SHARP "#" ../testdata/fib.mlg:3:3
LEFTPAREN "(" ../testdata/fib.mlg:3:4
IDENT "f" ../testdata/fib.mlg:3:5
COMMA "," ../testdata/fib.mlg:3:6
IDENT "xs" ../testdata/fib.mlg:3:8
COMMA "," ../testdata/fib.mlg:3:10
IDENT "ys" ../testdata/fib.mlg:3:12
RIGHTPAREN ")" ../testdata/fib.mlg:3:14
DOT "." ../testdata/fib.mlg:3:15
IDENT "head" ../testdata/fib.mlg:3:16
ARROW "->" ../testdata/fib.mlg:3:21
IDENT "f" ../testdata/fib.mlg:3:24
LEFTPAREN "(" ../testdata/fib.mlg:3:25
IDENT "xs" ../testdata/fib.mlg:3:26
DOT "." ../testdata/fib.mlg:3:28
IDENT "head" ../testdata/fib.mlg:3:29
COMMA "," ../testdata/fib.mlg:3:33
IDENT "ys" ../testdata/fib.mlg:3:35
DOT "." ../testdata/fib.mlg:3:37
IDENT "head" ../testdata/fib.mlg:3:38
RIGHTPAREN ")" ../testdata/fib.mlg:3:42
COMMA "," ../testdata/fib.mlg:3:43
SHARP "#" ../testdata/fib.mlg:4:3
LEFTPAREN "(" ../testdata/fib.mlg:4:4
IDENT "f" ../testdata/fib.mlg:4:5
COMMA "," ../testdata/fib.mlg:4:6
IDENT "xs" ../testdata/fib.mlg:4:8
COMMA "," ../testdata/fib.mlg:4:10
IDENT "ys" ../testdata/fib.mlg:4:12
RIGHTPAREN ")" ../testdata/fib.mlg:4:14
DOT "." ../testdata/fib.mlg:4:15
IDENT "tail" ../testdata/fib.mlg:4:16
ARROW "->" ../testdata/fib.mlg:4:21
IDENT "zipWith" ../testdata/fib.mlg:4:24
LEFTPAREN "(" ../testdata/fib.mlg:4:31
IDENT "f" ../testdata/fib.mlg:4:32
COMMA "," ../testdata/fib.mlg:4:33
IDENT "xs" ../testdata/fib.mlg:4:35
DOT "." ../testdata/fib.mlg:4:37
IDENT "tail" ../testdata/fib.mlg:4:38
COMMA "," ../testdata/fib.mlg:4:42
IDENT "ys" ../testdata/fib.mlg:4:44
DOT "." ../testdata/fib.mlg:4:46
IDENT "tail" ../testdata/fib.mlg:4:47
RIGHTPAREN ")" ../testdata/fib.mlg:4:51
COMMA "," ../testdata/fib.mlg:4:52
RIGHTBRACE "}" ../testdata/fib.mlg:5:1
DEF "def" ../testdata/fib.mlg:6:1
IDENT "fib" ../testdata/fib.mlg:6:5
EQUAL "=" ../testdata/fib.mlg:6:9
LEFTBRACE "{" ../testdata/fib.mlg:6:11
SHARP "#" ../testdata/fib.mlg:7:3
DOT "." ../testdata/fib.mlg:7:4
IDENT "head" ../testdata/fib.mlg:7:5
ARROW "->" ../testdata/fib.mlg:7:10
INTEGER "1" ../testdata/fib.mlg:7:13
COMMA "," ../testdata/fib.mlg:7:14
SHARP "#" ../testdata/fib.mlg:8:3
DOT "." ../testdata/fib.mlg:8:4
IDENT "tail" ../testdata/fib.mlg:8:5
DOT "." ../testdata/fib.mlg:8:9
IDENT "head" ../testdata/fib.mlg:8:10
ARROW "->" ../testdata/fib.mlg:8:15
INTEGER "1" ../testdata/fib.mlg:8:18
COMMA "," ../testdata/fib.mlg:8:19
SHARP "#" ../testdata/fib.mlg:9:3
DOT "." ../testdata/fib.mlg:9:4
IDENT "tail" ../testdata/fib.mlg:9:5
DOT "." ../testdata/fib.mlg:9:9
IDENT "tail" ../testdata/fib.mlg:9:10
ARROW "->" ../testdata/fib.mlg:9:15
IDENT "zipWith" ../testdata/fib.mlg:9:18
LEFTPAREN "(" ../testdata/fib.mlg:9:25
LEFTBRACE "{" ../testdata/fib.mlg:9:26
SHARP "#" ../testdata/fib.mlg:9:27
LEFTPAREN "(" ../testdata/fib.mlg:9:28
IDENT "x" ../testdata/fib.mlg:9:29
COMMA "," ../testdata/fib.mlg:9:30
IDENT "y" ../testdata/fib.mlg:9:32
RIGHTPAREN ")" ../testdata/fib.mlg:9:33
ARROW "->" ../testdata/fib.mlg:9:35
IDENT "x" ../testdata/fib.mlg:9:38
OPERATOR "+" ../testdata/fib.mlg:9:40
IDENT "y" ../testdata/fib.mlg:9:42
RIGHTBRACE "}" ../testdata/fib.mlg:9:43
COMMA "," ../testdata/fib.mlg:9:44
IDENT "fib" ../testdata/fib.mlg:9:46
COMMA "," ../testdata/fib.mlg:9:49
IDENT "fib" ../testdata/fib.mlg:9:51
DOT "." ../testdata/fib.mlg:9:54
IDENT "tail" ../testdata/fib.mlg:9:55
RIGHTPAREN ")" ../testdata/fib.mlg:9:59
COMMA "," ../testdata/fib.mlg:9:60
RIGHTBRACE "}" ../testdata/fib.mlg:10:1
DEF "def" ../testdata/fib.mlg:11:1
IDENT "main" ../testdata/fib.mlg:11:5
EQUAL "=" ../testdata/fib.mlg:11:10
LEFTBRACE "{" ../testdata/fib.mlg:11:12
SHARP "#" ../testdata/fib.mlg:11:14
LEFTPAREN "(" ../testdata/fib.mlg:11:15
RIGHTPAREN ")" ../testdata/fib.mlg:11:16
ARROW "->" ../testdata/fib.mlg:11:18
PRIM "prim" ../testdata/fib.mlg:11:21
LEFTPAREN "(" ../testdata/fib.mlg:11:25
IDENT "print" ../testdata/fib.mlg:11:26
COMMA "," ../testdata/fib.mlg:11:31
IDENT "fib" ../testdata/fib.mlg:11:33
DOT "." ../testdata/fib.mlg:11:36
IDENT "tail" ../testdata/fib.mlg:11:37
DOT "." ../testdata/fib.mlg:11:41
IDENT "tail" ../testdata/fib.mlg:11:42
DOT "." ../testdata/fib.mlg:11:46
IDENT "tail" ../testdata/fib.mlg:11:47
DOT "." ../testdata/fib.mlg:11:51
IDENT "head" ../testdata/fib.mlg:11:52
RIGHTPAREN ")" ../testdata/fib.mlg:11:56
RIGHTBRACE "}" ../testdata/fib.mlg:11:58
EOF "" ../testdata/fib.mlg:11:59
