DEF "def" ../testdata/method-copattern.mlg:1:1
IDENT "printer" ../testdata/method-copattern.mlg:1:5
EQUAL "=" ../testdata/method-copattern.mlg:1:13
LEFTBRACE "{" ../testdata/method-copattern.mlg:1:15
SHARP "#" ../testdata/method-copattern.mlg:2:3
DOT "." ../testdata/method-copattern.mlg:2:4
IDENT "print" ../testdata/method-copattern.mlg:2:5
LEFTPAREN "(" ../testdata/method-copattern.mlg:2:10
IDENT "x" ../testdata/method-copattern.mlg:2:11
RIGHTPAREN ")" ../testdata/method-copattern.mlg:2:12
ARROW "->" ../testdata/method-copattern.mlg:2:14
PRIM "prim" ../testdata/method-copattern.mlg:2:17
LEFTPAREN "(" ../testdata/method-copattern.mlg:2:21
IDENT "print" ../testdata/method-copattern.mlg:2:22
COMMA "," ../testdata/method-copattern.mlg:2:27
IDENT "x" ../testdata/method-copattern.mlg:2:29
RIGHTPAREN ")" ../testdata/method-copattern.mlg:2:30
COMMA "," ../testdata/method-copattern.mlg:2:31
RIGHTBRACE "}" ../testdata/method-copattern.mlg:3:1
DEF "def" ../testdata/method-copattern.mlg:4:1
IDENT "main" ../testdata/method-copattern.mlg:4:5
EQUAL "=" ../testdata/method-copattern.mlg:4:10
LEFTBRACE "{" ../testdata/method-copattern.mlg:4:12
IDENT "printer" ../testdata/method-copattern.mlg:4:14
DOT "." ../testdata/method-copattern.mlg:4:21
IDENT "print" ../testdata/method-copattern.mlg:4:22
LEFTPAREN "(" ../testdata/method-copattern.mlg:4:27
INTEGER "1" ../testdata/method-copattern.mlg:4:28
RIGHTPAREN ")" ../testdata/method-copattern.mlg:4:29
RIGHTBRACE "}" ../testdata/method-copattern.mlg:4:31
EOF "" ../testdata/method-copattern.mlg:4:32
