INFIXL "infixl" testdata/tree.mlg:1:1
INTEGER "6" testdata/tree.mlg:1:8
OPERATOR "-" testdata/tree.mlg:1:10
DEF "def" testdata/tree.mlg:2:1
OPERATOR "-" testdata/tree.mlg:2:5
EQUAL "=" testdata/tree.mlg:2:7
LEFTBRACE "{" testdata/tree.mlg:2:9
LEFTPAREN "(" testdata/tree.mlg:2:11
IDENT "x" testdata/tree.mlg:2:12
COMMA "," testdata/tree.mlg:2:13
IDENT "y" testdata/tree.mlg:2:15
RIGHTPAREN ")" testdata/tree.mlg:2:16
ARROW "->" testdata/tree.mlg:2:18
PRIM "prim" testdata/tree.mlg:2:21
LEFTPAREN "(" testdata/tree.mlg:2:25
IDENT "sub" testdata/tree.mlg:2:26
COMMA "," testdata/tree.mlg:2:29
IDENT "x" testdata/tree.mlg:2:31
COMMA "," testdata/tree.mlg:2:32
IDENT "y" testdata/tree.mlg:2:34
RIGHTPAREN ")" testdata/tree.mlg:2:35
RIGHTBRACE "}" testdata/tree.mlg:2:37
DEF "def" testdata/tree.mlg:3:1
IDENT "map" testdata/tree.mlg:3:5
EQUAL "=" testdata/tree.mlg:3:9
LEFTBRACE "{" testdata/tree.mlg:3:11
LEFTPAREN "(" testdata/tree.mlg:4:3
IDENT "f" testdata/tree.mlg:4:4
COMMA "," testdata/tree.mlg:4:5
SYMBOL "Nil" testdata/tree.mlg:4:7
RIGHTPAREN ")" testdata/tree.mlg:4:10
ARROW "->" testdata/tree.mlg:4:12
SYMBOL "Nil" testdata/tree.mlg:4:15
COMMA "," testdata/tree.mlg:4:18
LEFTPAREN "(" testdata/tree.mlg:5:3
IDENT "f" testdata/tree.mlg:5:4
COMMA "," testdata/tree.mlg:5:5
SYMBOL "Cons" testdata/tree.mlg:5:7
LEFTPAREN "(" testdata/tree.mlg:5:11
IDENT "x" testdata/tree.mlg:5:12
COMMA "," testdata/tree.mlg:5:13
IDENT "xs" testdata/tree.mlg:5:15
RIGHTPAREN ")" testdata/tree.mlg:5:17
RIGHTPAREN ")" testdata/tree.mlg:5:18
ARROW "->" testdata/tree.mlg:5:20
SYMBOL "Cons" testdata/tree.mlg:5:23
LEFTPAREN "(" testdata/tree.mlg:5:27
IDENT "f" testdata/tree.mlg:5:28
LEFTPAREN "(" testdata/tree.mlg:5:29
IDENT "x" testdata/tree.mlg:5:30
RIGHTPAREN ")" testdata/tree.mlg:5:31
COMMA "," testdata/tree.mlg:5:32
IDENT "map" testdata/tree.mlg:5:34
LEFTPAREN "(" testdata/tree.mlg:5:37
IDENT "f" testdata/tree.mlg:5:38
COMMA "," testdata/tree.mlg:5:39
IDENT "xs" testdata/tree.mlg:5:41
RIGHTPAREN ")" testdata/tree.mlg:5:43
RIGHTPAREN ")" testdata/tree.mlg:5:44
COMMA "," testdata/tree.mlg:5:45
RIGHTBRACE "}" testdata/tree.mlg:6:1
DEF "def" testdata/tree.mlg:7:1
IDENT "prune" testdata/tree.mlg:7:5
EQUAL "=" testdata/tree.mlg:7:11
LEFTBRACE "{" testdata/tree.mlg:7:13
SHARP "#" testdata/tree.mlg:8:3
LEFTPAREN "(" testdata/tree.mlg:8:4
IDENT "x" testdata/tree.mlg:8:5
COMMA "," testdata/tree.mlg:8:6
IDENT "t" testdata/tree.mlg:8:7
RIGHTPAREN ")" testdata/tree.mlg:8:8
DOT "." testdata/tree.mlg:8:9
IDENT "node" testdata/tree.mlg:8:10
ARROW "->" testdata/tree.mlg:8:15
IDENT "t" testdata/tree.mlg:8:18
DOT "." testdata/tree.mlg:8:19
IDENT "node" testdata/tree.mlg:8:20
COMMA "," testdata/tree.mlg:8:24
SHARP "#" testdata/tree.mlg:9:3
LEFTPAREN "(" testdata/tree.mlg:9:4
INTEGER "0" testdata/tree.mlg:9:5
COMMA "," testdata/tree.mlg:9:6
IDENT "t" testdata/tree.mlg:9:7
RIGHTPAREN ")" testdata/tree.mlg:9:8
DOT "." testdata/tree.mlg:9:9
IDENT "children" testdata/tree.mlg:9:10
ARROW "->" testdata/tree.mlg:9:19
SYMBOL "Nil" testdata/tree.mlg:9:22
COMMA "," testdata/tree.mlg:9:25
SHARP "#" testdata/tree.mlg:10:3
LEFTPAREN "(" testdata/tree.mlg:10:4
IDENT "x" testdata/tree.mlg:10:5
COMMA "," testdata/tree.mlg:10:6
IDENT "t" testdata/tree.mlg:10:7
RIGHTPAREN ")" testdata/tree.mlg:10:8
DOT "." testdata/tree.mlg:10:9
IDENT "children" testdata/tree.mlg:10:10
ARROW "->" testdata/tree.mlg:10:19
IDENT "map" testdata/tree.mlg:10:22
LEFTPAREN "(" testdata/tree.mlg:10:25
LEFTBRACE "{" testdata/tree.mlg:10:26
SHARP "#" testdata/tree.mlg:10:27
LEFTPAREN "(" testdata/tree.mlg:10:28
IDENT "c" testdata/tree.mlg:10:29
RIGHTPAREN ")" testdata/tree.mlg:10:30
ARROW "->" testdata/tree.mlg:10:32
IDENT "prune" testdata/tree.mlg:10:35
LEFTPAREN "(" testdata/tree.mlg:10:40
IDENT "x" testdata/tree.mlg:10:41
OPERATOR "-" testdata/tree.mlg:10:42
INTEGER "1" testdata/tree.mlg:10:43
COMMA "," testdata/tree.mlg:10:44
IDENT "c" testdata/tree.mlg:10:46
RIGHTPAREN ")" testdata/tree.mlg:10:47
RIGHTBRACE "}" testdata/tree.mlg:10:48
COMMA "," testdata/tree.mlg:10:49
IDENT "t" testdata/tree.mlg:10:51
DOT "." testdata/tree.mlg:10:52
IDENT "children" testdata/tree.mlg:10:53
RIGHTPAREN ")" testdata/tree.mlg:10:61
COMMA "," testdata/tree.mlg:10:62
RIGHTBRACE "}" testdata/tree.mlg:11:1
DEF "def" testdata/tree.mlg:12:1
IDENT "tree" testdata/tree.mlg:12:5
EQUAL "=" testdata/tree.mlg:12:10
LEFTBRACE "{" testdata/tree.mlg:12:12
SHARP "#" testdata/tree.mlg:13:3
DOT "." testdata/tree.mlg:13:4
IDENT "node" testdata/tree.mlg:13:5
ARROW "->" testdata/tree.mlg:13:10
INTEGER "1" testdata/tree.mlg:13:13
COMMA "," testdata/tree.mlg:13:14
SHARP "#" testdata/tree.mlg:14:3
DOT "." testdata/tree.mlg:14:4
IDENT "children" testdata/tree.mlg:14:5
ARROW "->" testdata/tree.mlg:14:14
SYMBOL "Cons" testdata/tree.mlg:14:17
LEFTPAREN "(" testdata/tree.mlg:14:21
IDENT "tree1" testdata/tree.mlg:14:22
COMMA "," testdata/tree.mlg:14:27
SYMBOL "Cons" testdata/tree.mlg:14:29
LEFTPAREN "(" testdata/tree.mlg:14:33
IDENT "tree2" testdata/tree.mlg:14:34
COMMA "," testdata/tree.mlg:14:39
SYMBOL "Nil" testdata/tree.mlg:14:41
RIGHTPAREN ")" testdata/tree.mlg:14:44
RIGHTPAREN ")" testdata/tree.mlg:14:45
COMMA "," testdata/tree.mlg:14:46
RIGHTBRACE "}" testdata/tree.mlg:15:1
DEF "def" testdata/tree.mlg:16:1
IDENT "tree1" testdata/tree.mlg:16:5
EQUAL "=" testdata/tree.mlg:16:11
LEFTBRACE "{" testdata/tree.mlg:16:13
SHARP "#" testdata/tree.mlg:17:3
DOT "." testdata/tree.mlg:17:4
IDENT "node" testdata/tree.mlg:17:5
ARROW "->" testdata/tree.mlg:17:10
INTEGER "2" testdata/tree.mlg:17:13
COMMA "," testdata/tree.mlg:17:14
SHARP "#" testdata/tree.mlg:18:3
DOT "." testdata/tree.mlg:18:4
IDENT "children" testdata/tree.mlg:18:5
ARROW "->" testdata/tree.mlg:18:14
SYMBOL "Nil" testdata/tree.mlg:18:17
COMMA "," testdata/tree.mlg:18:20
RIGHTBRACE "}" testdata/tree.mlg:19:1
DEF "def" testdata/tree.mlg:20:1
IDENT "tree2" testdata/tree.mlg:20:5
EQUAL "=" testdata/tree.mlg:20:11
LEFTBRACE "{" testdata/tree.mlg:20:13
SHARP "#" testdata/tree.mlg:21:3
DOT "." testdata/tree.mlg:21:4
IDENT "node" testdata/tree.mlg:21:5
ARROW "->" testdata/tree.mlg:21:10
INTEGER "3" testdata/tree.mlg:21:13
COMMA "," testdata/tree.mlg:21:14
SHARP "#" testdata/tree.mlg:22:3
DOT "." testdata/tree.mlg:22:4
IDENT "children" testdata/tree.mlg:22:5
ARROW "->" testdata/tree.mlg:22:14
SYMBOL "Cons" testdata/tree.mlg:22:17
LEFTPAREN "(" testdata/tree.mlg:22:21
IDENT "tree" testdata/tree.mlg:22:22
COMMA "," testdata/tree.mlg:22:26
SYMBOL "Nil" testdata/tree.mlg:22:28
RIGHTPAREN ")" testdata/tree.mlg:22:31
COMMA "," testdata/tree.mlg:22:32
RIGHTBRACE "}" testdata/tree.mlg:23:1
DEF "def" testdata/tree.mlg:24:1
IDENT "main" testdata/tree.mlg:24:5
EQUAL "=" testdata/tree.mlg:24:10
LEFTBRACE "{" testdata/tree.mlg:24:12
IDENT "prune" testdata/tree.mlg:24:14
LEFTPAREN "(" testdata/tree.mlg:24:19
INTEGER "2" testdata/tree.mlg:24:20
COMMA "," testdata/tree.mlg:24:21
IDENT "tree" testdata/tree.mlg:24:23
RIGHTPAREN ")" testdata/tree.mlg:24:27
DOT "." testdata/tree.mlg:24:28
IDENT "children" testdata/tree.mlg:24:29
RIGHTBRACE "}" testdata/tree.mlg:24:38
EOF "" testdata/tree.mlg:24:39
