DATA "data" testdata/vendor.mlg:1:1
IDENT "Option" testdata/vendor.mlg:1:6
LEFTPAREN "(" testdata/vendor.mlg:1:12
IDENT "a" testdata/vendor.mlg:1:13
RIGHTPAREN ")" testdata/vendor.mlg:1:14
EQUAL "=" testdata/vendor.mlg:1:16
LEFTBRACE "{" testdata/vendor.mlg:1:18
IDENT "None" testdata/vendor.mlg:2:5
LEFTPAREN "(" testdata/vendor.mlg:2:9
RIGHTPAREN ")" testdata/vendor.mlg:2:10
COMMA "," testdata/vendor.mlg:2:11
IDENT "Some" testdata/vendor.mlg:3:5
LEFTPAREN "(" testdata/vendor.mlg:3:9
IDENT "a" testdata/vendor.mlg:3:10
RIGHTPAREN ")" testdata/vendor.mlg:3:11
COMMA "," testdata/vendor.mlg:3:12
RIGHTBRACE "}" testdata/vendor.mlg:4:1
DATA "data" testdata/vendor.mlg:5:1
IDENT "List" testdata/vendor.mlg:5:6
LEFTPAREN "(" testdata/vendor.mlg:5:10
IDENT "a" testdata/vendor.mlg:5:11
RIGHTPAREN ")" testdata/vendor.mlg:5:12
EQUAL "=" testdata/vendor.mlg:5:14
LEFTBRACE "{" testdata/vendor.mlg:5:16
IDENT "Nil" testdata/vendor.mlg:6:5
LEFTPAREN "(" testdata/vendor.mlg:6:8
RIGHTPAREN ")" testdata/vendor.mlg:6:9
COMMA "," testdata/vendor.mlg:6:10
IDENT "Cons" testdata/vendor.mlg:7:5
LEFTPAREN "(" testdata/vendor.mlg:7:9
IDENT "a" testdata/vendor.mlg:7:10
COMMA "," testdata/vendor.mlg:7:11
IDENT "List" testdata/vendor.mlg:7:13
LEFTPAREN "(" testdata/vendor.mlg:7:17
IDENT "a" testdata/vendor.mlg:7:18
RIGHTPAREN ")" testdata/vendor.mlg:7:19
RIGHTPAREN ")" testdata/vendor.mlg:7:20
COMMA "," testdata/vendor.mlg:7:21
RIGHTBRACE "}" testdata/vendor.mlg:8:1
DEF "def" testdata/vendor.mlg:10:1
IDENT "vendor" testdata/vendor.mlg:10:5
EQUAL "=" testdata/vendor.mlg:10:12
LEFTBRACE "{" testdata/vendor.mlg:10:14
SHARP "#" testdata/vendor.mlg:11:5
LEFTPAREN "(" testdata/vendor.mlg:11:6
IDENT "items" testdata/vendor.mlg:11:7
RIGHTPAREN ")" testdata/vendor.mlg:11:12
DOT "." testdata/vendor.mlg:11:13
IDENT "get" testdata/vendor.mlg:11:14
ARROW "->" testdata/vendor.mlg:11:18
SYMBOL ":None" testdata/vendor.mlg:11:21
COMMA "," testdata/vendor.mlg:11:26
SHARP "#" testdata/vendor.mlg:12:5
LEFTPAREN "(" testdata/vendor.mlg:12:6
SYMBOL ":Nil" testdata/vendor.mlg:12:7
RIGHTPAREN ")" testdata/vendor.mlg:12:11
DOT "." testdata/vendor.mlg:12:12
IDENT "put" testdata/vendor.mlg:12:13
DOT "." testdata/vendor.mlg:12:16
IDENT "get" testdata/vendor.mlg:12:17
ARROW "->" testdata/vendor.mlg:12:21
PRIM "prim" testdata/vendor.mlg:13:9
LEFTPAREN "(" testdata/vendor.mlg:13:13
IDENT "print" testdata/vendor.mlg:13:14
COMMA "," testdata/vendor.mlg:13:19
STRING "\"Nil case\"" testdata/vendor.mlg:13:21
RIGHTPAREN ")" testdata/vendor.mlg:13:31
SEMICOLON ";" testdata/vendor.mlg:13:32
PRIM "prim" testdata/vendor.mlg:14:9
LEFTPAREN "(" testdata/vendor.mlg:14:13
IDENT "print" testdata/vendor.mlg:14:14
COMMA "," testdata/vendor.mlg:14:19
SYMBOL ":Nil" testdata/vendor.mlg:14:21
RIGHTPAREN ")" testdata/vendor.mlg:14:25
SEMICOLON ";" testdata/vendor.mlg:14:26
SYMBOL ":None" testdata/vendor.mlg:15:9
COMMA "," testdata/vendor.mlg:15:14
SHARP "#" testdata/vendor.mlg:16:5
LEFTPAREN "(" testdata/vendor.mlg:16:6
SYMBOL ":Cons" testdata/vendor.mlg:16:7
LEFTPAREN "(" testdata/vendor.mlg:16:12
IDENT "x" testdata/vendor.mlg:16:13
COMMA "," testdata/vendor.mlg:16:14
IDENT "xs" testdata/vendor.mlg:16:16
RIGHTPAREN ")" testdata/vendor.mlg:16:18
RIGHTPAREN ")" testdata/vendor.mlg:16:19
DOT "." testdata/vendor.mlg:16:20
IDENT "put" testdata/vendor.mlg:16:21
DOT "." testdata/vendor.mlg:16:24
IDENT "get" testdata/vendor.mlg:16:25
ARROW "->" testdata/vendor.mlg:16:29
PRIM "prim" testdata/vendor.mlg:17:9
LEFTPAREN "(" testdata/vendor.mlg:17:13
IDENT "print" testdata/vendor.mlg:17:14
COMMA "," testdata/vendor.mlg:17:19
STRING "\"Cons case\"" testdata/vendor.mlg:17:21
RIGHTPAREN ")" testdata/vendor.mlg:17:32
SEMICOLON ";" testdata/vendor.mlg:17:33
PRIM "prim" testdata/vendor.mlg:18:9
LEFTPAREN "(" testdata/vendor.mlg:18:13
IDENT "print" testdata/vendor.mlg:18:14
COMMA "," testdata/vendor.mlg:18:19
SYMBOL ":Cons" testdata/vendor.mlg:18:21
LEFTPAREN "(" testdata/vendor.mlg:18:26
IDENT "x" testdata/vendor.mlg:18:27
COMMA "," testdata/vendor.mlg:18:28
IDENT "xs" testdata/vendor.mlg:18:30
RIGHTPAREN ")" testdata/vendor.mlg:18:32
RIGHTPAREN ")" testdata/vendor.mlg:18:33
SEMICOLON ";" testdata/vendor.mlg:18:34
SYMBOL ":Some" testdata/vendor.mlg:19:9
LEFTPAREN "(" testdata/vendor.mlg:19:14
IDENT "x" testdata/vendor.mlg:19:15
RIGHTPAREN ")" testdata/vendor.mlg:19:16
COMMA "," testdata/vendor.mlg:19:17
SHARP "#" testdata/vendor.mlg:20:5
LEFTPAREN "(" testdata/vendor.mlg:20:6
IDENT "items" testdata/vendor.mlg:20:7
RIGHTPAREN ")" testdata/vendor.mlg:20:12
DOT "." testdata/vendor.mlg:20:13
IDENT "put" testdata/vendor.mlg:20:14
DOT "." testdata/vendor.mlg:20:17
IDENT "put" testdata/vendor.mlg:20:18
ARROW "->" testdata/vendor.mlg:20:22
IDENT "vendor" testdata/vendor.mlg:21:9
LEFTPAREN "(" testdata/vendor.mlg:21:15
IDENT "items" testdata/vendor.mlg:21:16
RIGHTPAREN ")" testdata/vendor.mlg:21:21
DOT "." testdata/vendor.mlg:21:22
IDENT "put" testdata/vendor.mlg:21:23
COMMA "," testdata/vendor.mlg:21:26
RIGHTBRACE "}" testdata/vendor.mlg:22:1
DEF "def" testdata/vendor.mlg:24:1
IDENT "main" testdata/vendor.mlg:24:5
EQUAL "=" testdata/vendor.mlg:24:10
LEFTBRACE "{" testdata/vendor.mlg:24:12
PRIM "prim" testdata/vendor.mlg:25:5
LEFTPAREN "(" testdata/vendor.mlg:25:9
IDENT "print" testdata/vendor.mlg:25:10
COMMA "," testdata/vendor.mlg:25:15
IDENT "vendor" testdata/vendor.mlg:25:17
LEFTPAREN "(" testdata/vendor.mlg:25:23
SYMBOL ":Cons" testdata/vendor.mlg:25:24
LEFTPAREN "(" testdata/vendor.mlg:25:29
INTEGER "0" testdata/vendor.mlg:25:30
COMMA "," testdata/vendor.mlg:25:31
SYMBOL ":Nil" testdata/vendor.mlg:25:33
RIGHTPAREN ")" testdata/vendor.mlg:25:37
RIGHTPAREN ")" testdata/vendor.mlg:25:38
DOT "." testdata/vendor.mlg:25:39
IDENT "put" testdata/vendor.mlg:25:40
DOT "." testdata/vendor.mlg:25:43
IDENT "get" testdata/vendor.mlg:25:44
RIGHTPAREN ")" testdata/vendor.mlg:25:47
RIGHTBRACE "}" testdata/vendor.mlg:26:1
EOF "" testdata/vendor.mlg:26:2
