DEF "def" testdata/vendor.mlg:1:1
IDENT "vendor" testdata/vendor.mlg:1:5
EQUAL "=" testdata/vendor.mlg:1:12
LEFTBRACE "{" testdata/vendor.mlg:1:14
SHARP "#" testdata/vendor.mlg:2:5
LEFTPAREN "(" testdata/vendor.mlg:2:6
IDENT "items" testdata/vendor.mlg:2:7
RIGHTPAREN ")" testdata/vendor.mlg:2:12
DOT "." testdata/vendor.mlg:2:13
IDENT "get" testdata/vendor.mlg:2:14
ARROW "->" testdata/vendor.mlg:2:18
SYMBOL ":None" testdata/vendor.mlg:2:21
COMMA "," testdata/vendor.mlg:2:26
SHARP "#" testdata/vendor.mlg:3:5
LEFTPAREN "(" testdata/vendor.mlg:3:6
SYMBOL ":Nil" testdata/vendor.mlg:3:7
RIGHTPAREN ")" testdata/vendor.mlg:3:11
DOT "." testdata/vendor.mlg:3:12
IDENT "put" testdata/vendor.mlg:3:13
DOT "." testdata/vendor.mlg:3:16
IDENT "get" testdata/vendor.mlg:3:17
ARROW "->" testdata/vendor.mlg:3:21
PRIM "prim" testdata/vendor.mlg:4:9
LEFTPAREN "(" testdata/vendor.mlg:4:13
IDENT "print" testdata/vendor.mlg:4:14
COMMA "," testdata/vendor.mlg:4:19
STRING "\"Nil case\"" testdata/vendor.mlg:4:21
RIGHTPAREN ")" testdata/vendor.mlg:4:31
SEMICOLON ";" testdata/vendor.mlg:4:32
PRIM "prim" testdata/vendor.mlg:5:9
LEFTPAREN "(" testdata/vendor.mlg:5:13
IDENT "print" testdata/vendor.mlg:5:14
COMMA "," testdata/vendor.mlg:5:19
SYMBOL ":Nil" testdata/vendor.mlg:5:21
RIGHTPAREN ")" testdata/vendor.mlg:5:25
SEMICOLON ";" testdata/vendor.mlg:5:26
SYMBOL ":None" testdata/vendor.mlg:6:9
COMMA "," testdata/vendor.mlg:6:14
SHARP "#" testdata/vendor.mlg:7:5
LEFTPAREN "(" testdata/vendor.mlg:7:6
SYMBOL ":Cons" testdata/vendor.mlg:7:7
LEFTPAREN "(" testdata/vendor.mlg:7:12
IDENT "x" testdata/vendor.mlg:7:13
COMMA "," testdata/vendor.mlg:7:14
IDENT "xs" testdata/vendor.mlg:7:16
RIGHTPAREN ")" testdata/vendor.mlg:7:18
RIGHTPAREN ")" testdata/vendor.mlg:7:19
DOT "." testdata/vendor.mlg:7:20
IDENT "put" testdata/vendor.mlg:7:21
DOT "." testdata/vendor.mlg:7:24
IDENT "get" testdata/vendor.mlg:7:25
ARROW "->" testdata/vendor.mlg:7:29
PRIM "prim" testdata/vendor.mlg:8:9
LEFTPAREN "(" testdata/vendor.mlg:8:13
IDENT "print" testdata/vendor.mlg:8:14
COMMA "," testdata/vendor.mlg:8:19
STRING "\"Cons case\"" testdata/vendor.mlg:8:21
RIGHTPAREN ")" testdata/vendor.mlg:8:32
SEMICOLON ";" testdata/vendor.mlg:8:33
PRIM "prim" testdata/vendor.mlg:9:9
LEFTPAREN "(" testdata/vendor.mlg:9:13
IDENT "print" testdata/vendor.mlg:9:14
COMMA "," testdata/vendor.mlg:9:19
SYMBOL ":Cons" testdata/vendor.mlg:9:21
LEFTPAREN "(" testdata/vendor.mlg:9:26
IDENT "x" testdata/vendor.mlg:9:27
COMMA "," testdata/vendor.mlg:9:28
IDENT "xs" testdata/vendor.mlg:9:30
RIGHTPAREN ")" testdata/vendor.mlg:9:32
RIGHTPAREN ")" testdata/vendor.mlg:9:33
SEMICOLON ";" testdata/vendor.mlg:9:34
SYMBOL ":Some" testdata/vendor.mlg:10:9
LEFTPAREN "(" testdata/vendor.mlg:10:14
IDENT "x" testdata/vendor.mlg:10:15
RIGHTPAREN ")" testdata/vendor.mlg:10:16
COMMA "," testdata/vendor.mlg:10:17
SHARP "#" testdata/vendor.mlg:11:5
LEFTPAREN "(" testdata/vendor.mlg:11:6
IDENT "items" testdata/vendor.mlg:11:7
RIGHTPAREN ")" testdata/vendor.mlg:11:12
DOT "." testdata/vendor.mlg:11:13
IDENT "put" testdata/vendor.mlg:11:14
DOT "." testdata/vendor.mlg:11:17
IDENT "put" testdata/vendor.mlg:11:18
ARROW "->" testdata/vendor.mlg:11:22
IDENT "vendor" testdata/vendor.mlg:12:9
LEFTPAREN "(" testdata/vendor.mlg:12:15
IDENT "items" testdata/vendor.mlg:12:16
RIGHTPAREN ")" testdata/vendor.mlg:12:21
DOT "." testdata/vendor.mlg:12:22
IDENT "put" testdata/vendor.mlg:12:23
COMMA "," testdata/vendor.mlg:12:26
RIGHTBRACE "}" testdata/vendor.mlg:13:1
DEF "def" testdata/vendor.mlg:15:1
IDENT "main" testdata/vendor.mlg:15:5
EQUAL "=" testdata/vendor.mlg:15:10
LEFTBRACE "{" testdata/vendor.mlg:15:12
PRIM "prim" testdata/vendor.mlg:16:5
LEFTPAREN "(" testdata/vendor.mlg:16:9
IDENT "print" testdata/vendor.mlg:16:10
COMMA "," testdata/vendor.mlg:16:15
IDENT "vendor" testdata/vendor.mlg:16:17
LEFTPAREN "(" testdata/vendor.mlg:16:23
SYMBOL ":Cons" testdata/vendor.mlg:16:24
LEFTPAREN "(" testdata/vendor.mlg:16:29
INTEGER "0" testdata/vendor.mlg:16:30
COMMA "," testdata/vendor.mlg:16:31
SYMBOL ":Nil" testdata/vendor.mlg:16:33
RIGHTPAREN ")" testdata/vendor.mlg:16:37
RIGHTPAREN ")" testdata/vendor.mlg:16:38
DOT "." testdata/vendor.mlg:16:39
IDENT "put" testdata/vendor.mlg:16:40
DOT "." testdata/vendor.mlg:16:43
IDENT "get" testdata/vendor.mlg:16:44
RIGHTPAREN ")" testdata/vendor.mlg:16:47
RIGHTBRACE "}" testdata/vendor.mlg:17:1
EOF "" testdata/vendor.mlg:17:2
