.
├── call
│   ├── call
│   │   ├── root
│   │   └── root
│   ├── root
│   ├── call
│   │   ├── access
│   │   │   ├── root
│   │   │   └── some
│   │   ├── root
│   │   └── root
│   └── root
├── call
│   ├── access
│   │   ├── root
│   │   └── some
│   ├── root
│   ├── call
│   │   ├── root
│   │   └── root
│   └── root
├── call
│   ├── root
│   └── root
└── root

result => ()
