2
├── [λ.:p3.21 0]  call
│   ├── [λ.:p2.20 1]  call
│   │   ├── [λ.:p1.19 2]  call
│   │   │   ├── root
│   │   │   └── root
│   │   ├── root
│   │   └── root
│   ├── root
│   └── root
├── [λ.:p3.7 λ.:p1.26]  call
│   ├── [{else}.else]  access
│   │   ├── [λ.:p2.6 λ.:p1.25]  call
│   │   │   ├── [{then}.then]  access
│   │   │   │   ├── [λ.:p1.5 0]  call
│   │   │   │   │   ├── root
│   │   │   │   │   ├── [λ.:p2.14 1]  call
│   │   │   │   │   │   ├── [λ.:p1.13 2]  call
│   │   │   │   │   │   │   ├── root
│   │   │   │   │   │   │   └── root
│   │   │   │   │   │   ├── root
│   │   │   │   │   │   └── root
│   │   │   │   │   └── root
│   │   │   │   └── root
│   │   │   ├── root
│   │   │   └── root
│   │   └── root
│   ├── root
│   └── root
├── [λ.:p1.26 ()]  call
│   ├── root
│   └── root
├── [λ.:p3.21 2]  call
│   ├── [λ.:p2.20 0]  call
│   │   ├── [λ.:p1.19 1]  call
│   │   │   ├── root
│   │   │   ├── [λ.:p3.21 0]  call
│   │   │   │   ├── [λ.:p2.20 1]  call
│   │   │   │   │   ├── [λ.:p1.19 1]  call
│   │   │   │   │   │   ├── root
│   │   │   │   │   │   ├── [λ.:p1.17 2]  call
│   │   │   │   │   │   │   ├── root
│   │   │   │   │   │   │   └── root
│   │   │   │   │   │   └── root
│   │   │   │   │   ├── root
│   │   │   │   │   └── root
│   │   │   │   ├── root
│   │   │   │   └── root
│   │   │   ├── [λ.:p3.7 λ.:p1.26]  call
│   │   │   │   ├── [{else}.else]  access
│   │   │   │   │   ├── [λ.:p2.6 λ.:p1.25]  call
│   │   │   │   │   │   ├── [{then}.then]  access
│   │   │   │   │   │   │   ├── [λ.:p1.5 1]  call
│   │   │   │   │   │   │   │   ├── root
│   │   │   │   │   │   │   │   ├── [λ.:p2.14 1]  call
│   │   │   │   │   │   │   │   │   ├── [λ.:p1.13 1]  call
│   │   │   │   │   │   │   │   │   │   ├── root
│   │   │   │   │   │   │   │   │   │   ├── [λ.:p1.17 2]  call
│   │   │   │   │   │   │   │   │   │   │   ├── root
│   │   │   │   │   │   │   │   │   │   │   └── root
│   │   │   │   │   │   │   │   │   │   └── root
│   │   │   │   │   │   │   │   │   ├── root
│   │   │   │   │   │   │   │   │   └── root
│   │   │   │   │   │   │   │   └── root
│   │   │   │   │   │   │   └── root
│   │   │   │   │   │   ├── root
│   │   │   │   │   │   └── root
│   │   │   │   │   └── root
│   │   │   │   ├── root
│   │   │   │   └── root
│   │   │   ├── [λ.:p1.25 ()]  call
│   │   │   │   ├── root
│   │   │   │   └── root
│   │   │   └── root
│   │   ├── root
│   │   ├── [λ.:p3.21 2]  call
│   │   │   ├── [λ.:p2.20 0]  call
│   │   │   │   ├── [λ.:p1.19 0]  call
│   │   │   │   │   ├── root
│   │   │   │   │   ├── [λ.:p1.17 1]  call
│   │   │   │   │   │   ├── root
│   │   │   │   │   │   └── root
│   │   │   │   │   └── root
│   │   │   │   ├── root
│   │   │   │   └── root
│   │   │   ├── root
│   │   │   └── root
│   │   ├── [λ.:p3.7 λ.:p1.26]  call
│   │   │   ├── [{else}.else]  access
│   │   │   │   ├── [λ.:p2.6 λ.:p1.25]  call
│   │   │   │   │   ├── [{then}.then]  access
│   │   │   │   │   │   ├── [λ.:p1.5 1]  call
│   │   │   │   │   │   │   ├── root
│   │   │   │   │   │   │   ├── [λ.:p2.14 0]  call
│   │   │   │   │   │   │   │   ├── [λ.:p1.13 0]  call
│   │   │   │   │   │   │   │   │   ├── root
│   │   │   │   │   │   │   │   │   ├── [λ.:p1.17 1]  call
│   │   │   │   │   │   │   │   │   │   ├── root
│   │   │   │   │   │   │   │   │   │   └── root
│   │   │   │   │   │   │   │   │   └── root
│   │   │   │   │   │   │   │   ├── root
│   │   │   │   │   │   │   │   └── root
│   │   │   │   │   │   │   └── root
│   │   │   │   │   │   └── root
│   │   │   │   │   ├── root
│   │   │   │   │   └── root
│   │   │   │   └── root
│   │   │   ├── root
│   │   │   └── root
│   │   ├── [λ.:p1.25 ()]  call
│   │   │   ├── root
│   │   │   └── root
│   │   └── root
│   ├── root
│   ├── [λ.:p3.21 1]  call
│   │   ├── [λ.:p2.20 2]  call
│   │   │   ├── [λ.:p1.19 -1]  call
│   │   │   │   ├── root
│   │   │   │   ├── [λ.:p1.17 0]  call
│   │   │   │   │   ├── root
│   │   │   │   │   └── root
│   │   │   │   └── root
│   │   │   ├── root
│   │   │   └── root
│   │   ├── root
│   │   └── root
│   ├── [λ.:p3.7 λ.:p1.26]  call
│   │   ├── [{else}.else]  access
│   │   │   ├── [λ.:p2.6 λ.:p1.25]  call
│   │   │   │   ├── [{then}.then]  access
│   │   │   │   │   ├── [λ.:p1.5 1]  call
│   │   │   │   │   │   ├── root
│   │   │   │   │   │   ├── [λ.:p2.14 2]  call
│   │   │   │   │   │   │   ├── [λ.:p1.13 -1]  call
│   │   │   │   │   │   │   │   ├── root
│   │   │   │   │   │   │   │   ├── [λ.:p1.17 0]  call
│   │   │   │   │   │   │   │   │   ├── root
│   │   │   │   │   │   │   │   │   └── root
│   │   │   │   │   │   │   │   └── root
│   │   │   │   │   │   │   ├── root
│   │   │   │   │   │   │   └── root
│   │   │   │   │   │   └── root
│   │   │   │   │   └── root
│   │   │   │   ├── root
│   │   │   │   └── root
│   │   │   └── root
│   │   ├── root
│   │   └── root
│   ├── [λ.:p1.25 ()]  call
│   │   ├── root
│   │   └── root
│   └── root
├── [λ.:p3.7 λ.:p1.26]  call
│   ├── [{else}.else]  access
│   │   ├── [λ.:p2.6 λ.:p1.25]  call
│   │   │   ├── [{then}.then]  access
│   │   │   │   ├── [λ.:p1.5 0]  call
│   │   │   │   │   ├── root
│   │   │   │   │   ├── [λ.:p2.14 0]  call
│   │   │   │   │   │   ├── [λ.:p1.13 1]  call
│   │   │   │   │   │   │   ├── root
│   │   │   │   │   │   │   ├── [λ.:p3.21 0]  call
│   │   │   │   │   │   │   │   ├── [λ.:p2.20 1]  call
│   │   │   │   │   │   │   │   │   ├── [λ.:p1.19 1]  call
│   │   │   │   │   │   │   │   │   │   ├── root
│   │   │   │   │   │   │   │   │   │   ├── [λ.:p1.17 2]  call
│   │   │   │   │   │   │   │   │   │   │   ├── root
│   │   │   │   │   │   │   │   │   │   │   └── root
│   │   │   │   │   │   │   │   │   │   └── root
│   │   │   │   │   │   │   │   │   ├── root
│   │   │   │   │   │   │   │   │   └── root
│   │   │   │   │   │   │   │   ├── root
│   │   │   │   │   │   │   │   └── root
│   │   │   │   │   │   │   ├── [λ.:p3.7 λ.:p1.26]  call
│   │   │   │   │   │   │   │   ├── [{else}.else]  access
│   │   │   │   │   │   │   │   │   ├── [λ.:p2.6 λ.:p1.25]  call
│   │   │   │   │   │   │   │   │   │   ├── [{then}.then]  access
│   │   │   │   │   │   │   │   │   │   │   ├── [λ.:p1.5 1]  call
│   │   │   │   │   │   │   │   │   │   │   │   ├── root
│   │   │   │   │   │   │   │   │   │   │   │   ├── [λ.:p2.14 1]  call
│   │   │   │   │   │   │   │   │   │   │   │   │   ├── [λ.:p1.13 1]  call
│   │   │   │   │   │   │   │   │   │   │   │   │   │   ├── root
│   │   │   │   │   │   │   │   │   │   │   │   │   │   ├── [λ.:p1.17 2]  call
│   │   │   │   │   │   │   │   │   │   │   │   │   │   │   ├── root
│   │   │   │   │   │   │   │   │   │   │   │   │   │   │   └── root
│   │   │   │   │   │   │   │   │   │   │   │   │   │   └── root
│   │   │   │   │   │   │   │   │   │   │   │   │   ├── root
│   │   │   │   │   │   │   │   │   │   │   │   │   └── root
│   │   │   │   │   │   │   │   │   │   │   │   └── root
│   │   │   │   │   │   │   │   │   │   │   └── root
│   │   │   │   │   │   │   │   │   │   ├── root
│   │   │   │   │   │   │   │   │   │   └── root
│   │   │   │   │   │   │   │   │   └── root
│   │   │   │   │   │   │   │   ├── root
│   │   │   │   │   │   │   │   └── root
│   │   │   │   │   │   │   ├── [λ.:p1.25 ()]  call
│   │   │   │   │   │   │   │   ├── root
│   │   │   │   │   │   │   │   └── root
│   │   │   │   │   │   │   └── root
│   │   │   │   │   │   ├── root
│   │   │   │   │   │   ├── [λ.:p3.21 2]  call
│   │   │   │   │   │   │   ├── [λ.:p2.20 0]  call
│   │   │   │   │   │   │   │   ├── [λ.:p1.19 0]  call
│   │   │   │   │   │   │   │   │   ├── root
│   │   │   │   │   │   │   │   │   ├── [λ.:p1.17 1]  call
│   │   │   │   │   │   │   │   │   │   ├── root
│   │   │   │   │   │   │   │   │   │   └── root
│   │   │   │   │   │   │   │   │   └── root
│   │   │   │   │   │   │   │   ├── root
│   │   │   │   │   │   │   │   └── root
│   │   │   │   │   │   │   ├── root
│   │   │   │   │   │   │   └── root
│   │   │   │   │   │   ├── [λ.:p3.7 λ.:p1.26]  call
│   │   │   │   │   │   │   ├── [{else}.else]  access
│   │   │   │   │   │   │   │   ├── [λ.:p2.6 λ.:p1.25]  call
│   │   │   │   │   │   │   │   │   ├── [{then}.then]  access
│   │   │   │   │   │   │   │   │   │   ├── [λ.:p1.5 1]  call
│   │   │   │   │   │   │   │   │   │   │   ├── root
│   │   │   │   │   │   │   │   │   │   │   ├── [λ.:p2.14 0]  call
│   │   │   │   │   │   │   │   │   │   │   │   ├── [λ.:p1.13 0]  call
│   │   │   │   │   │   │   │   │   │   │   │   │   ├── root
│   │   │   │   │   │   │   │   │   │   │   │   │   ├── [λ.:p1.17 1]  call
│   │   │   │   │   │   │   │   │   │   │   │   │   │   ├── root
│   │   │   │   │   │   │   │   │   │   │   │   │   │   └── root
│   │   │   │   │   │   │   │   │   │   │   │   │   └── root
│   │   │   │   │   │   │   │   │   │   │   │   ├── root
│   │   │   │   │   │   │   │   │   │   │   │   └── root
│   │   │   │   │   │   │   │   │   │   │   └── root
│   │   │   │   │   │   │   │   │   │   └── root
│   │   │   │   │   │   │   │   │   ├── root
│   │   │   │   │   │   │   │   │   └── root
│   │   │   │   │   │   │   │   └── root
│   │   │   │   │   │   │   ├── root
│   │   │   │   │   │   │   └── root
│   │   │   │   │   │   ├── [λ.:p1.25 ()]  call
│   │   │   │   │   │   │   ├── root
│   │   │   │   │   │   │   └── root
│   │   │   │   │   │   └── root
│   │   │   │   │   └── root
│   │   │   │   └── root
│   │   │   ├── root
│   │   │   └── root
│   │   └── root
│   ├── root
│   └── root
├── [λ.:p1.26 ()]  call
│   ├── root
│   └── root
├── [λ.:p3.21 1]  call
│   ├── [λ.:p2.20 2]  call
│   │   ├── [λ.:p1.19 0]  call
│   │   │   ├── root
│   │   │   ├── [λ.:p3.21 2]  call
│   │   │   │   ├── [λ.:p2.20 0]  call
│   │   │   │   │   ├── [λ.:p1.19 0]  call
│   │   │   │   │   │   ├── root
│   │   │   │   │   │   ├── [λ.:p1.17 1]  call
│   │   │   │   │   │   │   ├── root
│   │   │   │   │   │   │   ├── [λ.:p3.21 0]  call
│   │   │   │   │   │   │   │   ├── [λ.:p2.20 1]  call
│   │   │   │   │   │   │   │   │   ├── [λ.:p1.19 1]  call
│   │   │   │   │   │   │   │   │   │   ├── root
│   │   │   │   │   │   │   │   │   │   ├── [λ.:p1.17 2]  call
│   │   │   │   │   │   │   │   │   │   │   ├── root
│   │   │   │   │   │   │   │   │   │   │   └── root
│   │   │   │   │   │   │   │   │   │   └── root
│   │   │   │   │   │   │   │   │   ├── root
│   │   │   │   │   │   │   │   │   └── root
│   │   │   │   │   │   │   │   ├── root
│   │   │   │   │   │   │   │   └── root
│   │   │   │   │   │   │   ├── [λ.:p3.7 λ.:p1.26]  call
│   │   │   │   │   │   │   │   ├── [{else}.else]  access
│   │   │   │   │   │   │   │   │   ├── [λ.:p2.6 λ.:p1.25]  call
│   │   │   │   │   │   │   │   │   │   ├── [{then}.then]  access
│   │   │   │   │   │   │   │   │   │   │   ├── [λ.:p1.5 1]  call
│   │   │   │   │   │   │   │   │   │   │   │   ├── root
│   │   │   │   │   │   │   │   │   │   │   │   ├── [λ.:p2.14 1]  call
│   │   │   │   │   │   │   │   │   │   │   │   │   ├── [λ.:p1.13 1]  call
│   │   │   │   │   │   │   │   │   │   │   │   │   │   ├── root
│   │   │   │   │   │   │   │   │   │   │   │   │   │   ├── [λ.:p1.17 2]  call
│   │   │   │   │   │   │   │   │   │   │   │   │   │   │   ├── root
│   │   │   │   │   │   │   │   │   │   │   │   │   │   │   └── root
│   │   │   │   │   │   │   │   │   │   │   │   │   │   └── root
│   │   │   │   │   │   │   │   │   │   │   │   │   ├── root
│   │   │   │   │   │   │   │   │   │   │   │   │   └── root
│   │   │   │   │   │   │   │   │   │   │   │   └── root
│   │   │   │   │   │   │   │   │   │   │   └── root
│   │   │   │   │   │   │   │   │   │   ├── root
│   │   │   │   │   │   │   │   │   │   └── root
│   │   │   │   │   │   │   │   │   └── root
│   │   │   │   │   │   │   │   ├── root
│   │   │   │   │   │   │   │   └── root
│   │   │   │   │   │   │   ├── [λ.:p1.25 ()]  call
│   │   │   │   │   │   │   │   ├── root
│   │   │   │   │   │   │   │   └── root
│   │   │   │   │   │   │   └── root
│   │   │   │   │   │   └── root
│   │   │   │   │   ├── root
│   │   │   │   │   ├── [λ.:p3.21 2]  call
│   │   │   │   │   │   ├── [λ.:p2.20 0]  call
│   │   │   │   │   │   │   ├── [λ.:p1.19 0]  call
│   │   │   │   │   │   │   │   ├── root
│   │   │   │   │   │   │   │   ├── [λ.:p1.17 1]  call
│   │   │   │   │   │   │   │   │   ├── root
│   │   │   │   │   │   │   │   │   └── root
│   │   │   │   │   │   │   │   └── root
│   │   │   │   │   │   │   ├── root
│   │   │   │   │   │   │   └── root
│   │   │   │   │   │   ├── root
│   │   │   │   │   │   └── root
│   │   │   │   │   ├── [λ.:p3.7 λ.:p1.26]  call
│   │   │   │   │   │   ├── [{else}.else]  access
│   │   │   │   │   │   │   ├── [λ.:p2.6 λ.:p1.25]  call
│   │   │   │   │   │   │   │   ├── [{then}.then]  access
│   │   │   │   │   │   │   │   │   ├── [λ.:p1.5 1]  call
│   │   │   │   │   │   │   │   │   │   ├── root
│   │   │   │   │   │   │   │   │   │   ├── [λ.:p2.14 0]  call
│   │   │   │   │   │   │   │   │   │   │   ├── [λ.:p1.13 0]  call
│   │   │   │   │   │   │   │   │   │   │   │   ├── root
│   │   │   │   │   │   │   │   │   │   │   │   ├── [λ.:p1.17 1]  call
│   │   │   │   │   │   │   │   │   │   │   │   │   ├── root
│   │   │   │   │   │   │   │   │   │   │   │   │   └── root
│   │   │   │   │   │   │   │   │   │   │   │   └── root
│   │   │   │   │   │   │   │   │   │   │   ├── root
│   │   │   │   │   │   │   │   │   │   │   └── root
│   │   │   │   │   │   │   │   │   │   └── root
│   │   │   │   │   │   │   │   │   └── root
│   │   │   │   │   │   │   │   ├── root
│   │   │   │   │   │   │   │   └── root
│   │   │   │   │   │   │   └── root
│   │   │   │   │   │   ├── root
│   │   │   │   │   │   └── root
│   │   │   │   │   ├── [λ.:p1.25 ()]  call
│   │   │   │   │   │   ├── root
│   │   │   │   │   │   └── root
│   │   │   │   │   └── root
│   │   │   │   ├── root
│   │   │   │   ├── [λ.:p3.21 1]  call
│   │   │   │   │   ├── [λ.:p2.20 2]  call
│   │   │   │   │   │   ├── [λ.:p1.19 -1]  call
│   │   │   │   │   │   │   ├── root
│   │   │   │   │   │   │   ├── [λ.:p1.17 0]  call
│   │   │   │   │   │   │   │   ├── root
│   │   │   │   │   │   │   │   └── root
│   │   │   │   │   │   │   └── root
│   │   │   │   │   │   ├── root
│   │   │   │   │   │   └── root
│   │   │   │   │   ├── root
│   │   │   │   │   └── root
│   │   │   │   ├── [λ.:p3.7 λ.:p1.26]  call
│   │   │   │   │   ├── [{else}.else]  access
│   │   │   │   │   │   ├── [λ.:p2.6 λ.:p1.25]  call
│   │   │   │   │   │   │   ├── [{then}.then]  access
│   │   │   │   │   │   │   │   ├── [λ.:p1.5 1]  call
│   │   │   │   │   │   │   │   │   ├── root
│   │   │   │   │   │   │   │   │   ├── [λ.:p2.14 2]  call
│   │   │   │   │   │   │   │   │   │   ├── [λ.:p1.13 -1]  call
│   │   │   │   │   │   │   │   │   │   │   ├── root
│   │   │   │   │   │   │   │   │   │   │   ├── [λ.:p1.17 0]  call
│   │   │   │   │   │   │   │   │   │   │   │   ├── root
│   │   │   │   │   │   │   │   │   │   │   │   └── root
│   │   │   │   │   │   │   │   │   │   │   └── root
│   │   │   │   │   │   │   │   │   │   ├── root
│   │   │   │   │   │   │   │   │   │   └── root
│   │   │   │   │   │   │   │   │   └── root
│   │   │   │   │   │   │   │   └── root
│   │   │   │   │   │   │   ├── root
│   │   │   │   │   │   │   └── root
│   │   │   │   │   │   └── root
│   │   │   │   │   ├── root
│   │   │   │   │   └── root
│   │   │   │   ├── [λ.:p1.25 ()]  call
│   │   │   │   │   ├── root
│   │   │   │   │   └── root
│   │   │   │   └── root
│   │   │   ├── [λ.:p3.7 λ.:p1.26]  call
│   │   │   │   ├── [{else}.else]  access
│   │   │   │   │   ├── [λ.:p2.6 λ.:p1.25]  call
│   │   │   │   │   │   ├── [{then}.then]  access
│   │   │   │   │   │   │   ├── [λ.:p1.5 1]  call
│   │   │   │   │   │   │   │   ├── root
│   │   │   │   │   │   │   │   ├── [λ.:p2.14 0]  call
│   │   │   │   │   │   │   │   │   ├── [λ.:p1.13 0]  call
│   │   │   │   │   │   │   │   │   │   ├── root
│   │   │   │   │   │   │   │   │   │   ├── [λ.:p1.17 1]  call
│   │   │   │   │   │   │   │   │   │   │   ├── root
│   │   │   │   │   │   │   │   │   │   │   ├── [λ.:p3.21 0]  call
│   │   │   │   │   │   │   │   │   │   │   │   ├── [λ.:p2.20 1]  call
│   │   │   │   │   │   │   │   │   │   │   │   │   ├── [λ.:p1.19 1]  call
│   │   │   │   │   │   │   │   │   │   │   │   │   │   ├── root
│   │   │   │   │   │   │   │   │   │   │   │   │   │   ├── [λ.:p1.17 2]  call
│   │   │   │   │   │   │   │   │   │   │   │   │   │   │   ├── root
│   │   │   │   │   │   │   │   │   │   │   │   │   │   │   └── root
│   │   │   │   │   │   │   │   │   │   │   │   │   │   └── root
│   │   │   │   │   │   │   │   │   │   │   │   │   ├── root
│   │   │   │   │   │   │   │   │   │   │   │   │   └── root
│   │   │   │   │   │   │   │   │   │   │   │   ├── root
│   │   │   │   │   │   │   │   │   │   │   │   └── root
│   │   │   │   │   │   │   │   │   │   │   ├── [λ.:p3.7 λ.:p1.26]  call
│   │   │   │   │   │   │   │   │   │   │   │   ├── [{else}.else]  access
│   │   │   │   │   │   │   │   │   │   │   │   │   ├── [λ.:p2.6 λ.:p1.25]  call
│   │   │   │   │   │   │   │   │   │   │   │   │   │   ├── [{then}.then]  access
│   │   │   │   │   │   │   │   │   │   │   │   │   │   │   ├── [λ.:p1.5 1]  call
│   │   │   │   │   │   │   │   │   │   │   │   │   │   │   │   ├── root
│   │   │   │   │   │   │   │   │   │   │   │   │   │   │   │   ├── [λ.:p2.14 1]  call
│   │   │   │   │   │   │   │   │   │   │   │   │   │   │   │   │   ├── [λ.:p1.13 1]  call
│   │   │   │   │   │   │   │   │   │   │   │   │   │   │   │   │   │   ├── root
│   │   │   │   │   │   │   │   │   │   │   │   │   │   │   │   │   │   ├── [λ.:p1.17 2]  call
│   │   │   │   │   │   │   │   │   │   │   │   │   │   │   │   │   │   │   ├── root
│   │   │   │   │   │   │   │   │   │   │   │   │   │   │   │   │   │   │   └── root
│   │   │   │   │   │   │   │   │   │   │   │   │   │   │   │   │   │   └── root
│   │   │   │   │   │   │   │   │   │   │   │   │   │   │   │   │   ├── root
│   │   │   │   │   │   │   │   │   │   │   │   │   │   │   │   │   └── root
│   │   │   │   │   │   │   │   │   │   │   │   │   │   │   │   └── root
│   │   │   │   │   │   │   │   │   │   │   │   │   │   │   └── root
│   │   │   │   │   │   │   │   │   │   │   │   │   │   ├── root
│   │   │   │   │   │   │   │   │   │   │   │   │   │   └── root
│   │   │   │   │   │   │   │   │   │   │   │   │   └── root
│   │   │   │   │   │   │   │   │   │   │   │   ├── root
│   │   │   │   │   │   │   │   │   │   │   │   └── root
│   │   │   │   │   │   │   │   │   │   │   ├── [λ.:p1.25 ()]  call
│   │   │   │   │   │   │   │   │   │   │   │   ├── root
│   │   │   │   │   │   │   │   │   │   │   │   └── root
│   │   │   │   │   │   │   │   │   │   │   └── root
│   │   │   │   │   │   │   │   │   │   └── root
│   │   │   │   │   │   │   │   │   ├── root
│   │   │   │   │   │   │   │   │   ├── [λ.:p3.21 2]  call
│   │   │   │   │   │   │   │   │   │   ├── [λ.:p2.20 0]  call
│   │   │   │   │   │   │   │   │   │   │   ├── [λ.:p1.19 0]  call
│   │   │   │   │   │   │   │   │   │   │   │   ├── root
│   │   │   │   │   │   │   │   │   │   │   │   ├── [λ.:p1.17 1]  call
│   │   │   │   │   │   │   │   │   │   │   │   │   ├── root
│   │   │   │   │   │   │   │   │   │   │   │   │   └── root
│   │   │   │   │   │   │   │   │   │   │   │   └── root
│   │   │   │   │   │   │   │   │   │   │   ├── root
│   │   │   │   │   │   │   │   │   │   │   └── root
│   │   │   │   │   │   │   │   │   │   ├── root
│   │   │   │   │   │   │   │   │   │   └── root
│   │   │   │   │   │   │   │   │   ├── [λ.:p3.7 λ.:p1.26]  call
│   │   │   │   │   │   │   │   │   │   ├── [{else}.else]  access
│   │   │   │   │   │   │   │   │   │   │   ├── [λ.:p2.6 λ.:p1.25]  call
│   │   │   │   │   │   │   │   │   │   │   │   ├── [{then}.then]  access
│   │   │   │   │   │   │   │   │   │   │   │   │   ├── [λ.:p1.5 1]  call
│   │   │   │   │   │   │   │   │   │   │   │   │   │   ├── root
│   │   │   │   │   │   │   │   │   │   │   │   │   │   ├── [λ.:p2.14 0]  call
│   │   │   │   │   │   │   │   │   │   │   │   │   │   │   ├── [λ.:p1.13 0]  call
│   │   │   │   │   │   │   │   │   │   │   │   │   │   │   │   ├── root
│   │   │   │   │   │   │   │   │   │   │   │   │   │   │   │   ├── [λ.:p1.17 1]  call
│   │   │   │   │   │   │   │   │   │   │   │   │   │   │   │   │   ├── root
│   │   │   │   │   │   │   │   │   │   │   │   │   │   │   │   │   └── root
│   │   │   │   │   │   │   │   │   │   │   │   │   │   │   │   └── root
│   │   │   │   │   │   │   │   │   │   │   │   │   │   │   ├── root
│   │   │   │   │   │   │   │   │   │   │   │   │   │   │   └── root
│   │   │   │   │   │   │   │   │   │   │   │   │   │   └── root
│   │   │   │   │   │   │   │   │   │   │   │   │   └── root
│   │   │   │   │   │   │   │   │   │   │   │   ├── root
│   │   │   │   │   │   │   │   │   │   │   │   └── root
│   │   │   │   │   │   │   │   │   │   │   └── root
│   │   │   │   │   │   │   │   │   │   ├── root
│   │   │   │   │   │   │   │   │   │   └── root
│   │   │   │   │   │   │   │   │   ├── [λ.:p1.25 ()]  call
│   │   │   │   │   │   │   │   │   │   ├── root
│   │   │   │   │   │   │   │   │   │   └── root
│   │   │   │   │   │   │   │   │   └── root
│   │   │   │   │   │   │   │   └── root
│   │   │   │   │   │   │   └── root
│   │   │   │   │   │   ├── root
│   │   │   │   │   │   └── root
│   │   │   │   │   └── root
│   │   │   │   ├── root
│   │   │   │   └── root
│   │   │   ├── [λ.:p1.25 ()]  call
│   │   │   │   ├── root
│   │   │   │   └── root
│   │   │   ├── [λ.:p3.21 2]  call
│   │   │   │   ├── [λ.:p2.20 0]  call
│   │   │   │   │   ├── [λ.:p1.19 0]  call
│   │   │   │   │   │   ├── root
│   │   │   │   │   │   ├── [λ.:p1.17 1]  call
│   │   │   │   │   │   │   ├── root
│   │   │   │   │   │   │   └── root
│   │   │   │   │   │   └── root
│   │   │   │   │   ├── root
│   │   │   │   │   └── root
│   │   │   │   ├── root
│   │   │   │   └── root
│   │   │   ├── [λ.:p3.7 λ.:p1.26]  call
│   │   │   │   ├── [{else}.else]  access
│   │   │   │   │   ├── [λ.:p2.6 λ.:p1.25]  call
│   │   │   │   │   │   ├── [{then}.then]  access
│   │   │   │   │   │   │   ├── [λ.:p1.5 1]  call
│   │   │   │   │   │   │   │   ├── root
│   │   │   │   │   │   │   │   ├── [λ.:p2.14 0]  call
│   │   │   │   │   │   │   │   │   ├── [λ.:p1.13 0]  call
│   │   │   │   │   │   │   │   │   │   ├── root
│   │   │   │   │   │   │   │   │   │   ├── [λ.:p1.17 1]  call
│   │   │   │   │   │   │   │   │   │   │   ├── root
│   │   │   │   │   │   │   │   │   │   │   └── root
│   │   │   │   │   │   │   │   │   │   └── root
│   │   │   │   │   │   │   │   │   ├── root
│   │   │   │   │   │   │   │   │   └── root
│   │   │   │   │   │   │   │   └── root
│   │   │   │   │   │   │   └── root
│   │   │   │   │   │   ├── root
│   │   │   │   │   │   └── root
│   │   │   │   │   └── root
│   │   │   │   ├── root
│   │   │   │   └── root
│   │   │   ├── [λ.:p1.25 ()]  call
│   │   │   │   ├── root
│   │   │   │   └── root
│   │   │   └── root
│   │   ├── root
│   │   ├── [λ.:p3.21 1]  call
│   │   │   ├── [λ.:p2.20 2]  call
│   │   │   │   ├── [λ.:p1.19 -1]  call
│   │   │   │   │   ├── root
│   │   │   │   │   ├── [λ.:p1.17 0]  call
│   │   │   │   │   │   ├── root
│   │   │   │   │   │   ├── [λ.:p3.21 2]  call
│   │   │   │   │   │   │   ├── [λ.:p2.20 0]  call
│   │   │   │   │   │   │   │   ├── [λ.:p1.19 0]  call
│   │   │   │   │   │   │   │   │   ├── root
│   │   │   │   │   │   │   │   │   ├── [λ.:p1.17 1]  call
│   │   │   │   │   │   │   │   │   │   ├── root
│   │   │   │   │   │   │   │   │   │   └── root
│   │   │   │   │   │   │   │   │   └── root
│   │   │   │   │   │   │   │   ├── root
│   │   │   │   │   │   │   │   └── root
│   │   │   │   │   │   │   ├── root
│   │   │   │   │   │   │   └── root
│   │   │   │   │   │   ├── [λ.:p3.7 λ.:p1.26]  call
│   │   │   │   │   │   │   ├── [{else}.else]  access
│   │   │   │   │   │   │   │   ├── [λ.:p2.6 λ.:p1.25]  call
│   │   │   │   │   │   │   │   │   ├── [{then}.then]  access
│   │   │   │   │   │   │   │   │   │   ├── [λ.:p1.5 1]  call
│   │   │   │   │   │   │   │   │   │   │   ├── root
│   │   │   │   │   │   │   │   │   │   │   ├── [λ.:p2.14 0]  call
│   │   │   │   │   │   │   │   │   │   │   │   ├── [λ.:p1.13 0]  call
│   │   │   │   │   │   │   │   │   │   │   │   │   ├── root
│   │   │   │   │   │   │   │   │   │   │   │   │   ├── [λ.:p1.17 1]  call
│   │   │   │   │   │   │   │   │   │   │   │   │   │   ├── root
│   │   │   │   │   │   │   │   │   │   │   │   │   │   └── root
│   │   │   │   │   │   │   │   │   │   │   │   │   └── root
│   │   │   │   │   │   │   │   │   │   │   │   ├── root
│   │   │   │   │   │   │   │   │   │   │   │   └── root
│   │   │   │   │   │   │   │   │   │   │   └── root
│   │   │   │   │   │   │   │   │   │   └── root
│   │   │   │   │   │   │   │   │   ├── root
│   │   │   │   │   │   │   │   │   └── root
│   │   │   │   │   │   │   │   └── root
│   │   │   │   │   │   │   ├── root
│   │   │   │   │   │   │   └── root
│   │   │   │   │   │   ├── [λ.:p1.25 ()]  call
│   │   │   │   │   │   │   ├── root
│   │   │   │   │   │   │   └── root
│   │   │   │   │   │   └── root
│   │   │   │   │   └── root
│   │   │   │   ├── root
│   │   │   │   ├── [λ.:p3.21 1]  call
│   │   │   │   │   ├── [λ.:p2.20 2]  call
│   │   │   │   │   │   ├── [λ.:p1.19 -1]  call
│   │   │   │   │   │   │   ├── root
│   │   │   │   │   │   │   ├── [λ.:p1.17 0]  call
│   │   │   │   │   │   │   │   ├── root
│   │   │   │   │   │   │   │   └── root
│   │   │   │   │   │   │   └── root
│   │   │   │   │   │   ├── root
│   │   │   │   │   │   └── root
│   │   │   │   │   ├── root
│   │   │   │   │   └── root
│   │   │   │   ├── [λ.:p3.7 λ.:p1.26]  call
│   │   │   │   │   ├── [{else}.else]  access
│   │   │   │   │   │   ├── [λ.:p2.6 λ.:p1.25]  call
│   │   │   │   │   │   │   ├── [{then}.then]  access
│   │   │   │   │   │   │   │   ├── [λ.:p1.5 1]  call
│   │   │   │   │   │   │   │   │   ├── root
│   │   │   │   │   │   │   │   │   ├── [λ.:p2.14 2]  call
│   │   │   │   │   │   │   │   │   │   ├── [λ.:p1.13 -1]  call
│   │   │   │   │   │   │   │   │   │   │   ├── root
│   │   │   │   │   │   │   │   │   │   │   ├── [λ.:p1.17 0]  call
│   │   │   │   │   │   │   │   │   │   │   │   ├── root
│   │   │   │   │   │   │   │   │   │   │   │   └── root
│   │   │   │   │   │   │   │   │   │   │   └── root
│   │   │   │   │   │   │   │   │   │   ├── root
│   │   │   │   │   │   │   │   │   │   └── root
│   │   │   │   │   │   │   │   │   └── root
│   │   │   │   │   │   │   │   └── root
│   │   │   │   │   │   │   ├── root
│   │   │   │   │   │   │   └── root
│   │   │   │   │   │   └── root
│   │   │   │   │   ├── root
│   │   │   │   │   └── root
│   │   │   │   ├── [λ.:p1.25 ()]  call
│   │   │   │   │   ├── root
│   │   │   │   │   └── root
│   │   │   │   └── root
│   │   │   ├── root
│   │   │   ├── [λ.:p3.21 0]  call
│   │   │   │   ├── [λ.:p2.20 1]  call
│   │   │   │   │   ├── [λ.:p1.19 1]  call
│   │   │   │   │   │   ├── root
│   │   │   │   │   │   ├── [λ.:p1.17 2]  call
│   │   │   │   │   │   │   ├── root
│   │   │   │   │   │   │   └── root
│   │   │   │   │   │   └── root
│   │   │   │   │   ├── root
│   │   │   │   │   └── root
│   │   │   │   ├── root
│   │   │   │   └── root
│   │   │   ├── [λ.:p3.7 λ.:p1.26]  call
│   │   │   │   ├── [{else}.else]  access
│   │   │   │   │   ├── [λ.:p2.6 λ.:p1.25]  call
│   │   │   │   │   │   ├── [{then}.then]  access
│   │   │   │   │   │   │   ├── [λ.:p1.5 1]  call
│   │   │   │   │   │   │   │   ├── root
│   │   │   │   │   │   │   │   ├── [λ.:p2.14 1]  call
│   │   │   │   │   │   │   │   │   ├── [λ.:p1.13 1]  call
│   │   │   │   │   │   │   │   │   │   ├── root
│   │   │   │   │   │   │   │   │   │   ├── [λ.:p1.17 2]  call
│   │   │   │   │   │   │   │   │   │   │   ├── root
│   │   │   │   │   │   │   │   │   │   │   └── root
│   │   │   │   │   │   │   │   │   │   └── root
│   │   │   │   │   │   │   │   │   ├── root
│   │   │   │   │   │   │   │   │   └── root
│   │   │   │   │   │   │   │   └── root
│   │   │   │   │   │   │   └── root
│   │   │   │   │   │   ├── root
│   │   │   │   │   │   └── root
│   │   │   │   │   └── root
│   │   │   │   ├── root
│   │   │   │   └── root
│   │   │   ├── [λ.:p1.25 ()]  call
│   │   │   │   ├── root
│   │   │   │   └── root
│   │   │   └── root
│   │   ├── [λ.:p3.7 λ.:p1.26]  call
│   │   │   ├── [{else}.else]  access
│   │   │   │   ├── [λ.:p2.6 λ.:p1.25]  call
│   │   │   │   │   ├── [{then}.then]  access
│   │   │   │   │   │   ├── [λ.:p1.5 1]  call
│   │   │   │   │   │   │   ├── root
│   │   │   │   │   │   │   ├── [λ.:p2.14 2]  call
│   │   │   │   │   │   │   │   ├── [λ.:p1.13 -1]  call
│   │   │   │   │   │   │   │   │   ├── root
│   │   │   │   │   │   │   │   │   ├── [λ.:p1.17 0]  call
│   │   │   │   │   │   │   │   │   │   ├── root
│   │   │   │   │   │   │   │   │   │   ├── [λ.:p3.21 2]  call
│   │   │   │   │   │   │   │   │   │   │   ├── [λ.:p2.20 0]  call
│   │   │   │   │   │   │   │   │   │   │   │   ├── [λ.:p1.19 0]  call
│   │   │   │   │   │   │   │   │   │   │   │   │   ├── root
│   │   │   │   │   │   │   │   │   │   │   │   │   ├── [λ.:p1.17 1]  call
│   │   │   │   │   │   │   │   │   │   │   │   │   │   ├── root
│   │   │   │   │   │   │   │   │   │   │   │   │   │   └── root
│   │   │   │   │   │   │   │   │   │   │   │   │   └── root
│   │   │   │   │   │   │   │   │   │   │   │   ├── root
│   │   │   │   │   │   │   │   │   │   │   │   └── root
│   │   │   │   │   │   │   │   │   │   │   ├── root
│   │   │   │   │   │   │   │   │   │   │   └── root
│   │   │   │   │   │   │   │   │   │   ├── [λ.:p3.7 λ.:p1.26]  call
│   │   │   │   │   │   │   │   │   │   │   ├── [{else}.else]  access
│   │   │   │   │   │   │   │   │   │   │   │   ├── [λ.:p2.6 λ.:p1.25]  call
│   │   │   │   │   │   │   │   │   │   │   │   │   ├── [{then}.then]  access
│   │   │   │   │   │   │   │   │   │   │   │   │   │   ├── [λ.:p1.5 1]  call
│   │   │   │   │   │   │   │   │   │   │   │   │   │   │   ├── root
│   │   │   │   │   │   │   │   │   │   │   │   │   │   │   ├── [λ.:p2.14 0]  call
│   │   │   │   │   │   │   │   │   │   │   │   │   │   │   │   ├── [λ.:p1.13 0]  call
│   │   │   │   │   │   │   │   │   │   │   │   │   │   │   │   │   ├── root
│   │   │   │   │   │   │   │   │   │   │   │   │   │   │   │   │   ├── [λ.:p1.17 1]  call
│   │   │   │   │   │   │   │   │   │   │   │   │   │   │   │   │   │   ├── root
│   │   │   │   │   │   │   │   │   │   │   │   │   │   │   │   │   │   └── root
│   │   │   │   │   │   │   │   │   │   │   │   │   │   │   │   │   └── root
│   │   │   │   │   │   │   │   │   │   │   │   │   │   │   │   ├── root
│   │   │   │   │   │   │   │   │   │   │   │   │   │   │   │   └── root
│   │   │   │   │   │   │   │   │   │   │   │   │   │   │   └── root
│   │   │   │   │   │   │   │   │   │   │   │   │   │   └── root
│   │   │   │   │   │   │   │   │   │   │   │   │   ├── root
│   │   │   │   │   │   │   │   │   │   │   │   │   └── root
│   │   │   │   │   │   │   │   │   │   │   │   └── root
│   │   │   │   │   │   │   │   │   │   │   ├── root
│   │   │   │   │   │   │   │   │   │   │   └── root
│   │   │   │   │   │   │   │   │   │   ├── [λ.:p1.25 ()]  call
│   │   │   │   │   │   │   │   │   │   │   ├── root
│   │   │   │   │   │   │   │   │   │   │   └── root
│   │   │   │   │   │   │   │   │   │   └── root
│   │   │   │   │   │   │   │   │   └── root
│   │   │   │   │   │   │   │   ├── root
│   │   │   │   │   │   │   │   ├── [λ.:p3.21 1]  call
│   │   │   │   │   │   │   │   │   ├── [λ.:p2.20 2]  call
│   │   │   │   │   │   │   │   │   │   ├── [λ.:p1.19 -1]  call
│   │   │   │   │   │   │   │   │   │   │   ├── root
│   │   │   │   │   │   │   │   │   │   │   ├── [λ.:p1.17 0]  call
│   │   │   │   │   │   │   │   │   │   │   │   ├── root
│   │   │   │   │   │   │   │   │   │   │   │   └── root
│   │   │   │   │   │   │   │   │   │   │   └── root
│   │   │   │   │   │   │   │   │   │   ├── root
│   │   │   │   │   │   │   │   │   │   └── root
│   │   │   │   │   │   │   │   │   ├── root
│   │   │   │   │   │   │   │   │   └── root
│   │   │   │   │   │   │   │   ├── [λ.:p3.7 λ.:p1.26]  call
│   │   │   │   │   │   │   │   │   ├── [{else}.else]  access
│   │   │   │   │   │   │   │   │   │   ├── [λ.:p2.6 λ.:p1.25]  call
│   │   │   │   │   │   │   │   │   │   │   ├── [{then}.then]  access
│   │   │   │   │   │   │   │   │   │   │   │   ├── [λ.:p1.5 1]  call
│   │   │   │   │   │   │   │   │   │   │   │   │   ├── root
│   │   │   │   │   │   │   │   │   │   │   │   │   ├── [λ.:p2.14 2]  call
│   │   │   │   │   │   │   │   │   │   │   │   │   │   ├── [λ.:p1.13 -1]  call
│   │   │   │   │   │   │   │   │   │   │   │   │   │   │   ├── root
│   │   │   │   │   │   │   │   │   │   │   │   │   │   │   ├── [λ.:p1.17 0]  call
│   │   │   │   │   │   │   │   │   │   │   │   │   │   │   │   ├── root
│   │   │   │   │   │   │   │   │   │   │   │   │   │   │   │   └── root
│   │   │   │   │   │   │   │   │   │   │   │   │   │   │   └── root
│   │   │   │   │   │   │   │   │   │   │   │   │   │   ├── root
│   │   │   │   │   │   │   │   │   │   │   │   │   │   └── root
│   │   │   │   │   │   │   │   │   │   │   │   │   └── root
│   │   │   │   │   │   │   │   │   │   │   │   └── root
│   │   │   │   │   │   │   │   │   │   │   ├── root
│   │   │   │   │   │   │   │   │   │   │   └── root
│   │   │   │   │   │   │   │   │   │   └── root
│   │   │   │   │   │   │   │   │   ├── root
│   │   │   │   │   │   │   │   │   └── root
│   │   │   │   │   │   │   │   ├── [λ.:p1.25 ()]  call
│   │   │   │   │   │   │   │   │   ├── root
│   │   │   │   │   │   │   │   │   └── root
│   │   │   │   │   │   │   │   └── root
│   │   │   │   │   │   │   └── root
│   │   │   │   │   │   └── root
│   │   │   │   │   ├── root
│   │   │   │   │   └── root
│   │   │   │   └── root
│   │   │   ├── root
│   │   │   └── root
│   │   ├── [λ.:p1.25 ()]  call
│   │   │   ├── root
│   │   │   └── root
│   │   ├── [λ.:p3.21 1]  call
│   │   │   ├── [λ.:p2.20 2]  call
│   │   │   │   ├── [λ.:p1.19 -1]  call
│   │   │   │   │   ├── root
│   │   │   │   │   ├── [λ.:p1.17 0]  call
│   │   │   │   │   │   ├── root
│   │   │   │   │   │   └── root
│   │   │   │   │   └── root
│   │   │   │   ├── root
│   │   │   │   └── root
│   │   │   ├── root
│   │   │   └── root
│   │   ├── [λ.:p3.7 λ.:p1.26]  call
│   │   │   ├── [{else}.else]  access
│   │   │   │   ├── [λ.:p2.6 λ.:p1.25]  call
│   │   │   │   │   ├── [{then}.then]  access
│   │   │   │   │   │   ├── [λ.:p1.5 1]  call
│   │   │   │   │   │   │   ├── root
│   │   │   │   │   │   │   ├── [λ.:p2.14 2]  call
│   │   │   │   │   │   │   │   ├── [λ.:p1.13 -1]  call
│   │   │   │   │   │   │   │   │   ├── root
│   │   │   │   │   │   │   │   │   ├── [λ.:p1.17 0]  call
│   │   │   │   │   │   │   │   │   │   ├── root
│   │   │   │   │   │   │   │   │   │   └── root
│   │   │   │   │   │   │   │   │   └── root
│   │   │   │   │   │   │   │   ├── root
│   │   │   │   │   │   │   │   └── root
│   │   │   │   │   │   │   └── root
│   │   │   │   │   │   └── root
│   │   │   │   │   ├── root
│   │   │   │   │   └── root
│   │   │   │   └── root
│   │   │   ├── root
│   │   │   └── root
│   │   ├── [λ.:p1.25 ()]  call
│   │   │   ├── root
│   │   │   └── root
│   │   └── root
│   ├── root
│   ├── [λ.:p3.21 0]  call
│   │   ├── [λ.:p2.20 1]  call
│   │   │   ├── [λ.:p1.19 1]  call
│   │   │   │   ├── root
│   │   │   │   ├── [λ.:p1.17 2]  call
│   │   │   │   │   ├── root
│   │   │   │   │   ├── [λ.:p3.21 1]  call
│   │   │   │   │   │   ├── [λ.:p2.20 2]  call
│   │   │   │   │   │   │   ├── [λ.:p1.19 -1]  call
│   │   │   │   │   │   │   │   ├── root
│   │   │   │   │   │   │   │   ├── [λ.:p1.17 0]  call
│   │   │   │   │   │   │   │   │   ├── root
│   │   │   │   │   │   │   │   │   └── root
│   │   │   │   │   │   │   │   └── root
│   │   │   │   │   │   │   ├── root
│   │   │   │   │   │   │   └── root
│   │   │   │   │   │   ├── root
│   │   │   │   │   │   └── root
│   │   │   │   │   ├── [λ.:p3.7 λ.:p1.26]  call
│   │   │   │   │   │   ├── [{else}.else]  access
│   │   │   │   │   │   │   ├── [λ.:p2.6 λ.:p1.25]  call
│   │   │   │   │   │   │   │   ├── [{then}.then]  access
│   │   │   │   │   │   │   │   │   ├── [λ.:p1.5 1]  call
│   │   │   │   │   │   │   │   │   │   ├── root
│   │   │   │   │   │   │   │   │   │   ├── [λ.:p2.14 2]  call
│   │   │   │   │   │   │   │   │   │   │   ├── [λ.:p1.13 -1]  call
│   │   │   │   │   │   │   │   │   │   │   │   ├── root
│   │   │   │   │   │   │   │   │   │   │   │   ├── [λ.:p1.17 0]  call
│   │   │   │   │   │   │   │   │   │   │   │   │   ├── root
│   │   │   │   │   │   │   │   │   │   │   │   │   └── root
│   │   │   │   │   │   │   │   │   │   │   │   └── root
│   │   │   │   │   │   │   │   │   │   │   ├── root
│   │   │   │   │   │   │   │   │   │   │   └── root
│   │   │   │   │   │   │   │   │   │   └── root
│   │   │   │   │   │   │   │   │   └── root
│   │   │   │   │   │   │   │   ├── root
│   │   │   │   │   │   │   │   └── root
│   │   │   │   │   │   │   └── root
│   │   │   │   │   │   ├── root
│   │   │   │   │   │   └── root
│   │   │   │   │   ├── [λ.:p1.25 ()]  call
│   │   │   │   │   │   ├── root
│   │   │   │   │   │   └── root
│   │   │   │   │   └── root
│   │   │   │   └── root
│   │   │   ├── root
│   │   │   ├── [λ.:p3.21 0]  call
│   │   │   │   ├── [λ.:p2.20 1]  call
│   │   │   │   │   ├── [λ.:p1.19 1]  call
│   │   │   │   │   │   ├── root
│   │   │   │   │   │   ├── [λ.:p1.17 2]  call
│   │   │   │   │   │   │   ├── root
│   │   │   │   │   │   │   └── root
│   │   │   │   │   │   └── root
│   │   │   │   │   ├── root
│   │   │   │   │   └── root
│   │   │   │   ├── root
│   │   │   │   └── root
│   │   │   ├── [λ.:p3.7 λ.:p1.26]  call
│   │   │   │   ├── [{else}.else]  access
│   │   │   │   │   ├── [λ.:p2.6 λ.:p1.25]  call
│   │   │   │   │   │   ├── [{then}.then]  access
│   │   │   │   │   │   │   ├── [λ.:p1.5 1]  call
│   │   │   │   │   │   │   │   ├── root
│   │   │   │   │   │   │   │   ├── [λ.:p2.14 1]  call
│   │   │   │   │   │   │   │   │   ├── [λ.:p1.13 1]  call
│   │   │   │   │   │   │   │   │   │   ├── root
│   │   │   │   │   │   │   │   │   │   ├── [λ.:p1.17 2]  call
│   │   │   │   │   │   │   │   │   │   │   ├── root
│   │   │   │   │   │   │   │   │   │   │   └── root
│   │   │   │   │   │   │   │   │   │   └── root
│   │   │   │   │   │   │   │   │   ├── root
│   │   │   │   │   │   │   │   │   └── root
│   │   │   │   │   │   │   │   └── root
│   │   │   │   │   │   │   └── root
│   │   │   │   │   │   ├── root
│   │   │   │   │   │   └── root
│   │   │   │   │   └── root
│   │   │   │   ├── root
│   │   │   │   └── root
│   │   │   ├── [λ.:p1.25 ()]  call
│   │   │   │   ├── root
│   │   │   │   └── root
│   │   │   └── root
│   │   ├── root
│   │   ├── [λ.:p3.21 2]  call
│   │   │   ├── [λ.:p2.20 0]  call
│   │   │   │   ├── [λ.:p1.19 0]  call
│   │   │   │   │   ├── root
│   │   │   │   │   ├── [λ.:p1.17 1]  call
│   │   │   │   │   │   ├── root
│   │   │   │   │   │   └── root
│   │   │   │   │   └── root
│   │   │   │   ├── root
│   │   │   │   └── root
│   │   │   ├── root
│   │   │   └── root
│   │   ├── [λ.:p3.7 λ.:p1.26]  call
│   │   │   ├── [{else}.else]  access
│   │   │   │   ├── [λ.:p2.6 λ.:p1.25]  call
│   │   │   │   │   ├── [{then}.then]  access
│   │   │   │   │   │   ├── [λ.:p1.5 1]  call
│   │   │   │   │   │   │   ├── root
│   │   │   │   │   │   │   ├── [λ.:p2.14 0]  call
│   │   │   │   │   │   │   │   ├── [λ.:p1.13 0]  call
│   │   │   │   │   │   │   │   │   ├── root
│   │   │   │   │   │   │   │   │   ├── [λ.:p1.17 1]  call
│   │   │   │   │   │   │   │   │   │   ├── root
│   │   │   │   │   │   │   │   │   │   └── root
│   │   │   │   │   │   │   │   │   └── root
│   │   │   │   │   │   │   │   ├── root
│   │   │   │   │   │   │   │   └── root
│   │   │   │   │   │   │   └── root
│   │   │   │   │   │   └── root
│   │   │   │   │   ├── root
│   │   │   │   │   └── root
│   │   │   │   └── root
│   │   │   ├── root
│   │   │   └── root
│   │   ├── [λ.:p1.25 ()]  call
│   │   │   ├── root
│   │   │   └── root
│   │   └── root
│   ├── [λ.:p3.7 λ.:p1.26]  call
│   │   ├── [{else}.else]  access
│   │   │   ├── [λ.:p2.6 λ.:p1.25]  call
│   │   │   │   ├── [{then}.then]  access
│   │   │   │   │   ├── [λ.:p1.5 1]  call
│   │   │   │   │   │   ├── root
│   │   │   │   │   │   ├── [λ.:p2.14 1]  call
│   │   │   │   │   │   │   ├── [λ.:p1.13 1]  call
│   │   │   │   │   │   │   │   ├── root
│   │   │   │   │   │   │   │   ├── [λ.:p1.17 2]  call
│   │   │   │   │   │   │   │   │   ├── root
│   │   │   │   │   │   │   │   │   ├── [λ.:p3.21 1]  call
│   │   │   │   │   │   │   │   │   │   ├── [λ.:p2.20 2]  call
│   │   │   │   │   │   │   │   │   │   │   ├── [λ.:p1.19 -1]  call
│   │   │   │   │   │   │   │   │   │   │   │   ├── root
│   │   │   │   │   │   │   │   │   │   │   │   ├── [λ.:p1.17 0]  call
│   │   │   │   │   │   │   │   │   │   │   │   │   ├── root
│   │   │   │   │   │   │   │   │   │   │   │   │   └── root
│   │   │   │   │   │   │   │   │   │   │   │   └── root
│   │   │   │   │   │   │   │   │   │   │   ├── root
│   │   │   │   │   │   │   │   │   │   │   └── root
│   │   │   │   │   │   │   │   │   │   ├── root
│   │   │   │   │   │   │   │   │   │   └── root
│   │   │   │   │   │   │   │   │   ├── [λ.:p3.7 λ.:p1.26]  call
│   │   │   │   │   │   │   │   │   │   ├── [{else}.else]  access
│   │   │   │   │   │   │   │   │   │   │   ├── [λ.:p2.6 λ.:p1.25]  call
│   │   │   │   │   │   │   │   │   │   │   │   ├── [{then}.then]  access
│   │   │   │   │   │   │   │   │   │   │   │   │   ├── [λ.:p1.5 1]  call
│   │   │   │   │   │   │   │   │   │   │   │   │   │   ├── root
│   │   │   │   │   │   │   │   │   │   │   │   │   │   ├── [λ.:p2.14 2]  call
│   │   │   │   │   │   │   │   │   │   │   │   │   │   │   ├── [λ.:p1.13 -1]  call
│   │   │   │   │   │   │   │   │   │   │   │   │   │   │   │   ├── root
│   │   │   │   │   │   │   │   │   │   │   │   │   │   │   │   ├── [λ.:p1.17 0]  call
│   │   │   │   │   │   │   │   │   │   │   │   │   │   │   │   │   ├── root
│   │   │   │   │   │   │   │   │   │   │   │   │   │   │   │   │   └── root
│   │   │   │   │   │   │   │   │   │   │   │   │   │   │   │   └── root
│   │   │   │   │   │   │   │   │   │   │   │   │   │   │   ├── root
│   │   │   │   │   │   │   │   │   │   │   │   │   │   │   └── root
│   │   │   │   │   │   │   │   │   │   │   │   │   │   └── root
│   │   │   │   │   │   │   │   │   │   │   │   │   └── root
│   │   │   │   │   │   │   │   │   │   │   │   ├── root
│   │   │   │   │   │   │   │   │   │   │   │   └── root
│   │   │   │   │   │   │   │   │   │   │   └── root
│   │   │   │   │   │   │   │   │   │   ├── root
│   │   │   │   │   │   │   │   │   │   └── root
│   │   │   │   │   │   │   │   │   ├── [λ.:p1.25 ()]  call
│   │   │   │   │   │   │   │   │   │   ├── root
│   │   │   │   │   │   │   │   │   │   └── root
│   │   │   │   │   │   │   │   │   └── root
│   │   │   │   │   │   │   │   └── root
│   │   │   │   │   │   │   ├── root
│   │   │   │   │   │   │   ├── [λ.:p3.21 0]  call
│   │   │   │   │   │   │   │   ├── [λ.:p2.20 1]  call
│   │   │   │   │   │   │   │   │   ├── [λ.:p1.19 1]  call
│   │   │   │   │   │   │   │   │   │   ├── root
│   │   │   │   │   │   │   │   │   │   ├── [λ.:p1.17 2]  call
│   │   │   │   │   │   │   │   │   │   │   ├── root
│   │   │   │   │   │   │   │   │   │   │   └── root
│   │   │   │   │   │   │   │   │   │   └── root
│   │   │   │   │   │   │   │   │   ├── root
│   │   │   │   │   │   │   │   │   └── root
│   │   │   │   │   │   │   │   ├── root
│   │   │   │   │   │   │   │   └── root
│   │   │   │   │   │   │   ├── [λ.:p3.7 λ.:p1.26]  call
│   │   │   │   │   │   │   │   ├── [{else}.else]  access
│   │   │   │   │   │   │   │   │   ├── [λ.:p2.6 λ.:p1.25]  call
│   │   │   │   │   │   │   │   │   │   ├── [{then}.then]  access
│   │   │   │   │   │   │   │   │   │   │   ├── [λ.:p1.5 1]  call
│   │   │   │   │   │   │   │   │   │   │   │   ├── root
│   │   │   │   │   │   │   │   │   │   │   │   ├── [λ.:p2.14 1]  call
│   │   │   │   │   │   │   │   │   │   │   │   │   ├── [λ.:p1.13 1]  call
│   │   │   │   │   │   │   │   │   │   │   │   │   │   ├── root
│   │   │   │   │   │   │   │   │   │   │   │   │   │   ├── [λ.:p1.17 2]  call
│   │   │   │   │   │   │   │   │   │   │   │   │   │   │   ├── root
│   │   │   │   │   │   │   │   │   │   │   │   │   │   │   └── root
│   │   │   │   │   │   │   │   │   │   │   │   │   │   └── root
│   │   │   │   │   │   │   │   │   │   │   │   │   ├── root
│   │   │   │   │   │   │   │   │   │   │   │   │   └── root
│   │   │   │   │   │   │   │   │   │   │   │   └── root
│   │   │   │   │   │   │   │   │   │   │   └── root
│   │   │   │   │   │   │   │   │   │   ├── root
│   │   │   │   │   │   │   │   │   │   └── root
│   │   │   │   │   │   │   │   │   └── root
│   │   │   │   │   │   │   │   ├── root
│   │   │   │   │   │   │   │   └── root
│   │   │   │   │   │   │   ├── [λ.:p1.25 ()]  call
│   │   │   │   │   │   │   │   ├── root
│   │   │   │   │   │   │   │   └── root
│   │   │   │   │   │   │   └── root
│   │   │   │   │   │   └── root
│   │   │   │   │   └── root
│   │   │   │   ├── root
│   │   │   │   └── root
│   │   │   └── root
│   │   ├── root
│   │   └── root
│   ├── [λ.:p1.25 ()]  call
│   │   ├── root
│   │   └── root
│   ├── [λ.:p3.21 0]  call
│   │   ├── [λ.:p2.20 1]  call
│   │   │   ├── [λ.:p1.19 1]  call
│   │   │   │   ├── root
│   │   │   │   ├── [λ.:p1.17 2]  call
│   │   │   │   │   ├── root
│   │   │   │   │   └── root
│   │   │   │   └── root
│   │   │   ├── root
│   │   │   └── root
│   │   ├── root
│   │   └── root
│   ├── [λ.:p3.7 λ.:p1.26]  call
│   │   ├── [{else}.else]  access
│   │   │   ├── [λ.:p2.6 λ.:p1.25]  call
│   │   │   │   ├── [{then}.then]  access
│   │   │   │   │   ├── [λ.:p1.5 1]  call
│   │   │   │   │   │   ├── root
│   │   │   │   │   │   ├── [λ.:p2.14 1]  call
│   │   │   │   │   │   │   ├── [λ.:p1.13 1]  call
│   │   │   │   │   │   │   │   ├── root
│   │   │   │   │   │   │   │   ├── [λ.:p1.17 2]  call
│   │   │   │   │   │   │   │   │   ├── root
│   │   │   │   │   │   │   │   │   └── root
│   │   │   │   │   │   │   │   └── root
│   │   │   │   │   │   │   ├── root
│   │   │   │   │   │   │   └── root
│   │   │   │   │   │   └── root
│   │   │   │   │   └── root
│   │   │   │   ├── root
│   │   │   │   └── root
│   │   │   └── root
│   │   ├── root
│   │   └── root
│   ├── [λ.:p1.25 ()]  call
│   │   ├── root
│   │   └── root
│   └── root
├── [λ.:p3.7 λ.:p1.26]  call
│   ├── [{else}.else]  access
│   │   ├── [λ.:p2.6 λ.:p1.25]  call
│   │   │   ├── [{then}.then]  access
│   │   │   │   ├── [λ.:p1.5 1]  call
│   │   │   │   │   ├── root
│   │   │   │   │   ├── [λ.:p2.14 2]  call
│   │   │   │   │   │   ├── [λ.:p1.13 0]  call
│   │   │   │   │   │   │   ├── root
│   │   │   │   │   │   │   ├── [λ.:p3.21 2]  call
│   │   │   │   │   │   │   │   ├── [λ.:p2.20 0]  call
│   │   │   │   │   │   │   │   │   ├── [λ.:p1.19 0]  call
│   │   │   │   │   │   │   │   │   │   ├── root
│   │   │   │   │   │   │   │   │   │   ├── [λ.:p1.17 1]  call
│   │   │   │   │   │   │   │   │   │   │   ├── root
│   │   │   │   │   │   │   │   │   │   │   ├── [λ.:p3.21 0]  call
│   │   │   │   │   │   │   │   │   │   │   │   ├── [λ.:p2.20 1]  call
│   │   │   │   │   │   │   │   │   │   │   │   │   ├── [λ.:p1.19 1]  call
│   │   │   │   │   │   │   │   │   │   │   │   │   │   ├── root
│   │   │   │   │   │   │   │   │   │   │   │   │   │   ├── [λ.:p1.17 2]  call
│   │   │   │   │   │   │   │   │   │   │   │   │   │   │   ├── root
│   │   │   │   │   │   │   │   │   │   │   │   │   │   │   └── root
│   │   │   │   │   │   │   │   │   │   │   │   │   │   └── root
│   │   │   │   │   │   │   │   │   │   │   │   │   ├── root
│   │   │   │   │   │   │   │   │   │   │   │   │   └── root
│   │   │   │   │   │   │   │   │   │   │   │   ├── root
│   │   │   │   │   │   │   │   │   │   │   │   └── root
│   │   │   │   │   │   │   │   │   │   │   ├── [λ.:p3.7 λ.:p1.26]  call
│   │   │   │   │   │   │   │   │   │   │   │   ├── [{else}.else]  access
│   │   │   │   │   │   │   │   │   │   │   │   │   ├── [λ.:p2.6 λ.:p1.25]  call
│   │   │   │   │   │   │   │   │   │   │   │   │   │   ├── [{then}.then]  access
│   │   │   │   │   │   │   │   │   │   │   │   │   │   │   ├── [λ.:p1.5 1]  call
│   │   │   │   │   │   │   │   │   │   │   │   │   │   │   │   ├── root
│   │   │   │   │   │   │   │   │   │   │   │   │   │   │   │   ├── [λ.:p2.14 1]  call
│   │   │   │   │   │   │   │   │   │   │   │   │   │   │   │   │   ├── [λ.:p1.13 1]  call
│   │   │   │   │   │   │   │   │   │   │   │   │   │   │   │   │   │   ├── root
│   │   │   │   │   │   │   │   │   │   │   │   │   │   │   │   │   │   ├── [λ.:p1.17 2]  call
│   │   │   │   │   │   │   │   │   │   │   │   │   │   │   │   │   │   │   ├── root
│   │   │   │   │   │   │   │   │   │   │   │   │   │   │   │   │   │   │   └── root
│   │   │   │   │   │   │   │   │   │   │   │   │   │   │   │   │   │   └── root
│   │   │   │   │   │   │   │   │   │   │   │   │   │   │   │   │   ├── root
│   │   │   │   │   │   │   │   │   │   │   │   │   │   │   │   │   └── root
│   │   │   │   │   │   │   │   │   │   │   │   │   │   │   │   └── root
│   │   │   │   │   │   │   │   │   │   │   │   │   │   │   └── root
│   │   │   │   │   │   │   │   │   │   │   │   │   │   ├── root
│   │   │   │   │   │   │   │   │   │   │   │   │   │   └── root
│   │   │   │   │   │   │   │   │   │   │   │   │   └── root
│   │   │   │   │   │   │   │   │   │   │   │   ├── root
│   │   │   │   │   │   │   │   │   │   │   │   └── root
│   │   │   │   │   │   │   │   │   │   │   ├── [λ.:p1.25 ()]  call
│   │   │   │   │   │   │   │   │   │   │   │   ├── root
│   │   │   │   │   │   │   │   │   │   │   │   └── root
│   │   │   │   │   │   │   │   │   │   │   └── root
│   │   │   │   │   │   │   │   │   │   └── root
│   │   │   │   │   │   │   │   │   ├── root
│   │   │   │   │   │   │   │   │   ├── [λ.:p3.21 2]  call
│   │   │   │   │   │   │   │   │   │   ├── [λ.:p2.20 0]  call
│   │   │   │   │   │   │   │   │   │   │   ├── [λ.:p1.19 0]  call
│   │   │   │   │   │   │   │   │   │   │   │   ├── root
│   │   │   │   │   │   │   │   │   │   │   │   ├── [λ.:p1.17 1]  call
│   │   │   │   │   │   │   │   │   │   │   │   │   ├── root
│   │   │   │   │   │   │   │   │   │   │   │   │   └── root
│   │   │   │   │   │   │   │   │   │   │   │   └── root
│   │   │   │   │   │   │   │   │   │   │   ├── root
│   │   │   │   │   │   │   │   │   │   │   └── root
│   │   │   │   │   │   │   │   │   │   ├── root
│   │   │   │   │   │   │   │   │   │   └── root
│   │   │   │   │   │   │   │   │   ├── [λ.:p3.7 λ.:p1.26]  call
│   │   │   │   │   │   │   │   │   │   ├── [{else}.else]  access
│   │   │   │   │   │   │   │   │   │   │   ├── [λ.:p2.6 λ.:p1.25]  call
│   │   │   │   │   │   │   │   │   │   │   │   ├── [{then}.then]  access
│   │   │   │   │   │   │   │   │   │   │   │   │   ├── [λ.:p1.5 1]  call
│   │   │   │   │   │   │   │   │   │   │   │   │   │   ├── root
│   │   │   │   │   │   │   │   │   │   │   │   │   │   ├── [λ.:p2.14 0]  call
│   │   │   │   │   │   │   │   │   │   │   │   │   │   │   ├── [λ.:p1.13 0]  call
│   │   │   │   │   │   │   │   │   │   │   │   │   │   │   │   ├── root
│   │   │   │   │   │   │   │   │   │   │   │   │   │   │   │   ├── [λ.:p1.17 1]  call
│   │   │   │   │   │   │   │   │   │   │   │   │   │   │   │   │   ├── root
│   │   │   │   │   │   │   │   │   │   │   │   │   │   │   │   │   └── root
│   │   │   │   │   │   │   │   │   │   │   │   │   │   │   │   └── root
│   │   │   │   │   │   │   │   │   │   │   │   │   │   │   ├── root
│   │   │   │   │   │   │   │   │   │   │   │   │   │   │   └── root
│   │   │   │   │   │   │   │   │   │   │   │   │   │   └── root
│   │   │   │   │   │   │   │   │   │   │   │   │   └── root
│   │   │   │   │   │   │   │   │   │   │   │   ├── root
│   │   │   │   │   │   │   │   │   │   │   │   └── root
│   │   │   │   │   │   │   │   │   │   │   └── root
│   │   │   │   │   │   │   │   │   │   ├── root
│   │   │   │   │   │   │   │   │   │   └── root
│   │   │   │   │   │   │   │   │   ├── [λ.:p1.25 ()]  call
│   │   │   │   │   │   │   │   │   │   ├── root
│   │   │   │   │   │   │   │   │   │   └── root
│   │   │   │   │   │   │   │   │   └── root
│   │   │   │   │   │   │   │   ├── root
│   │   │   │   │   │   │   │   ├── [λ.:p3.21 1]  call
│   │   │   │   │   │   │   │   │   ├── [λ.:p2.20 2]  call
│   │   │   │   │   │   │   │   │   │   ├── [λ.:p1.19 -1]  call
│   │   │   │   │   │   │   │   │   │   │   ├── root
│   │   │   │   │   │   │   │   │   │   │   ├── [λ.:p1.17 0]  call
│   │   │   │   │   │   │   │   │   │   │   │   ├── root
│   │   │   │   │   │   │   │   │   │   │   │   └── root
│   │   │   │   │   │   │   │   │   │   │   └── root
│   │   │   │   │   │   │   │   │   │   ├── root
│   │   │   │   │   │   │   │   │   │   └── root
│   │   │   │   │   │   │   │   │   ├── root
│   │   │   │   │   │   │   │   │   └── root
│   │   │   │   │   │   │   │   ├── [λ.:p3.7 λ.:p1.26]  call
│   │   │   │   │   │   │   │   │   ├── [{else}.else]  access
│   │   │   │   │   │   │   │   │   │   ├── [λ.:p2.6 λ.:p1.25]  call
│   │   │   │   │   │   │   │   │   │   │   ├── [{then}.then]  access
│   │   │   │   │   │   │   │   │   │   │   │   ├── [λ.:p1.5 1]  call
│   │   │   │   │   │   │   │   │   │   │   │   │   ├── root
│   │   │   │   │   │   │   │   │   │   │   │   │   ├── [λ.:p2.14 2]  call
│   │   │   │   │   │   │   │   │   │   │   │   │   │   ├── [λ.:p1.13 -1]  call
│   │   │   │   │   │   │   │   │   │   │   │   │   │   │   ├── root
│   │   │   │   │   │   │   │   │   │   │   │   │   │   │   ├── [λ.:p1.17 0]  call
│   │   │   │   │   │   │   │   │   │   │   │   │   │   │   │   ├── root
│   │   │   │   │   │   │   │   │   │   │   │   │   │   │   │   └── root
│   │   │   │   │   │   │   │   │   │   │   │   │   │   │   └── root
│   │   │   │   │   │   │   │   │   │   │   │   │   │   ├── root
│   │   │   │   │   │   │   │   │   │   │   │   │   │   └── root
│   │   │   │   │   │   │   │   │   │   │   │   │   └── root
│   │   │   │   │   │   │   │   │   │   │   │   └── root
│   │   │   │   │   │   │   │   │   │   │   ├── root
│   │   │   │   │   │   │   │   │   │   │   └── root
│   │   │   │   │   │   │   │   │   │   └── root
│   │   │   │   │   │   │   │   │   ├── root
│   │   │   │   │   │   │   │   │   └── root
│   │   │   │   │   │   │   │   ├── [λ.:p1.25 ()]  call
│   │   │   │   │   │   │   │   │   ├── root
│   │   │   │   │   │   │   │   │   └── root
│   │   │   │   │   │   │   │   └── root
│   │   │   │   │   │   │   ├── [λ.:p3.7 λ.:p1.26]  call
│   │   │   │   │   │   │   │   ├── [{else}.else]  access
│   │   │   │   │   │   │   │   │   ├── [λ.:p2.6 λ.:p1.25]  call
│   │   │   │   │   │   │   │   │   │   ├── [{then}.then]  access
│   │   │   │   │   │   │   │   │   │   │   ├── [λ.:p1.5 1]  call
│   │   │   │   │   │   │   │   │   │   │   │   ├── root
│   │   │   │   │   │   │   │   │   │   │   │   ├── [λ.:p2.14 0]  call
│   │   │   │   │   │   │   │   │   │   │   │   │   ├── [λ.:p1.13 0]  call
│   │   │   │   │   │   │   │   │   │   │   │   │   │   ├── root
│   │   │   │   │   │   │   │   │   │   │   │   │   │   ├── [λ.:p1.17 1]  call
│   │   │   │   │   │   │   │   │   │   │   │   │   │   │   ├── root
│   │   │   │   │   │   │   │   │   │   │   │   │   │   │   ├── [λ.:p3.21 0]  call
│   │   │   │   │   │   │   │   │   │   │   │   │   │   │   │   ├── [λ.:p2.20 1]  call
│   │   │   │   │   │   │   │   │   │   │   │   │   │   │   │   │   ├── [λ.:p1.19 1]  call
│   │   │   │   │   │   │   │   │   │   │   │   │   │   │   │   │   │   ├── root
│   │   │   │   │   │   │   │   │   │   │   │   │   │   │   │   │   │   ├── [λ.:p1.17 2]  call
│   │   │   │   │   │   │   │   │   │   │   │   │   │   │   │   │   │   │   ├── root
│   │   │   │   │   │   │   │   │   │   │   │   │   │   │   │   │   │   │   └── root
│   │   │   │   │   │   │   │   │   │   │   │   │   │   │   │   │   │   └── root
│   │   │   │   │   │   │   │   │   │   │   │   │   │   │   │   │   ├── root
│   │   │   │   │   │   │   │   │   │   │   │   │   │   │   │   │   └── root
│   │   │   │   │   │   │   │   │   │   │   │   │   │   │   │   ├── root
│   │   │   │   │   │   │   │   │   │   │   │   │   │   │   │   └── root
│   │   │   │   │   │   │   │   │   │   │   │   │   │   │   ├── [λ.:p3.7 λ.:p1.26]  call
│   │   │   │   │   │   │   │   │   │   │   │   │   │   │   │   ├── [{else}.else]  access
│   │   │   │   │   │   │   │   │   │   │   │   │   │   │   │   │   ├── [λ.:p2.6 λ.:p1.25]  call
│   │   │   │   │   │   │   │   │   │   │   │   │   │   │   │   │   │   ├── [{then}.then]  access
│   │   │   │   │   │   │   │   │   │   │   │   │   │   │   │   │   │   │   ├── [λ.:p1.5 1]  call
│   │   │   │   │   │   │   │   │   │   │   │   │   │   │   │   │   │   │   │   ├── root
│   │   │   │   │   │   │   │   │   │   │   │   │   │   │   │   │   │   │   │   ├── [λ.:p2.14 1]  call
│   │   │   │   │   │   │   │   │   │   │   │   │   │   │   │   │   │   │   │   │   ├── [λ.:p1.13 1]  call
│   │   │   │   │   │   │   │   │   │   │   │   │   │   │   │   │   │   │   │   │   │   ├── root
│   │   │   │   │   │   │   │   │   │   │   │   │   │   │   │   │   │   │   │   │   │   ├── [λ.:p1.17 2]  call
│   │   │   │   │   │   │   │   │   │   │   │   │   │   │   │   │   │   │   │   │   │   │   ├── root
│   │   │   │   │   │   │   │   │   │   │   │   │   │   │   │   │   │   │   │   │   │   │   └── root
│   │   │   │   │   │   │   │   │   │   │   │   │   │   │   │   │   │   │   │   │   │   └── root
│   │   │   │   │   │   │   │   │   │   │   │   │   │   │   │   │   │   │   │   │   ├── root
│   │   │   │   │   │   │   │   │   │   │   │   │   │   │   │   │   │   │   │   │   └── root
│   │   │   │   │   │   │   │   │   │   │   │   │   │   │   │   │   │   │   │   └── root
│   │   │   │   │   │   │   │   │   │   │   │   │   │   │   │   │   │   │   └── root
│   │   │   │   │   │   │   │   │   │   │   │   │   │   │   │   │   │   ├── root
│   │   │   │   │   │   │   │   │   │   │   │   │   │   │   │   │   │   └── root
│   │   │   │   │   │   │   │   │   │   │   │   │   │   │   │   │   └── root
│   │   │   │   │   │   │   │   │   │   │   │   │   │   │   │   ├── root
│   │   │   │   │   │   │   │   │   │   │   │   │   │   │   │   └── root
│   │   │   │   │   │   │   │   │   │   │   │   │   │   │   ├── [λ.:p1.25 ()]  call
│   │   │   │   │   │   │   │   │   │   │   │   │   │   │   │   ├── root
│   │   │   │   │   │   │   │   │   │   │   │   │   │   │   │   └── root
│   │   │   │   │   │   │   │   │   │   │   │   │   │   │   └── root
│   │   │   │   │   │   │   │   │   │   │   │   │   │   └── root
│   │   │   │   │   │   │   │   │   │   │   │   │   ├── root
│   │   │   │   │   │   │   │   │   │   │   │   │   ├── [λ.:p3.21 2]  call
│   │   │   │   │   │   │   │   │   │   │   │   │   │   ├── [λ.:p2.20 0]  call
│   │   │   │   │   │   │   │   │   │   │   │   │   │   │   ├── [λ.:p1.19 0]  call
│   │   │   │   │   │   │   │   │   │   │   │   │   │   │   │   ├── root
│   │   │   │   │   │   │   │   │   │   │   │   │   │   │   │   ├── [λ.:p1.17 1]  call
│   │   │   │   │   │   │   │   │   │   │   │   │   │   │   │   │   ├── root
│   │   │   │   │   │   │   │   │   │   │   │   │   │   │   │   │   └── root
│   │   │   │   │   │   │   │   │   │   │   │   │   │   │   │   └── root
│   │   │   │   │   │   │   │   │   │   │   │   │   │   │   ├── root
│   │   │   │   │   │   │   │   │   │   │   │   │   │   │   └── root
│   │   │   │   │   │   │   │   │   │   │   │   │   │   ├── root
│   │   │   │   │   │   │   │   │   │   │   │   │   │   └── root
│   │   │   │   │   │   │   │   │   │   │   │   │   ├── [λ.:p3.7 λ.:p1.26]  call
│   │   │   │   │   │   │   │   │   │   │   │   │   │   ├── [{else}.else]  access
│   │   │   │   │   │   │   │   │   │   │   │   │   │   │   ├── [λ.:p2.6 λ.:p1.25]  call
│   │   │   │   │   │   │   │   │   │   │   │   │   │   │   │   ├── [{then}.then]  access
│   │   │   │   │   │   │   │   │   │   │   │   │   │   │   │   │   ├── [λ.:p1.5 1]  call
│   │   │   │   │   │   │   │   │   │   │   │   │   │   │   │   │   │   ├── root
│   │   │   │   │   │   │   │   │   │   │   │   │   │   │   │   │   │   ├── [λ.:p2.14 0]  call
│   │   │   │   │   │   │   │   │   │   │   │   │   │   │   │   │   │   │   ├── [λ.:p1.13 0]  call
│   │   │   │   │   │   │   │   │   │   │   │   │   │   │   │   │   │   │   │   ├── root
│   │   │   │   │   │   │   │   │   │   │   │   │   │   │   │   │   │   │   │   ├── [λ.:p1.17 1]  call
│   │   │   │   │   │   │   │   │   │   │   │   │   │   │   │   │   │   │   │   │   ├── root
│   │   │   │   │   │   │   │   │   │   │   │   │   │   │   │   │   │   │   │   │   └── root
│   │   │   │   │   │   │   │   │   │   │   │   │   │   │   │   │   │   │   │   └── root
│   │   │   │   │   │   │   │   │   │   │   │   │   │   │   │   │   │   │   ├── root
│   │   │   │   │   │   │   │   │   │   │   │   │   │   │   │   │   │   │   └── root
│   │   │   │   │   │   │   │   │   │   │   │   │   │   │   │   │   │   └── root
│   │   │   │   │   │   │   │   │   │   │   │   │   │   │   │   │   └── root
│   │   │   │   │   │   │   │   │   │   │   │   │   │   │   │   ├── root
│   │   │   │   │   │   │   │   │   │   │   │   │   │   │   │   └── root
│   │   │   │   │   │   │   │   │   │   │   │   │   │   │   └── root
│   │   │   │   │   │   │   │   │   │   │   │   │   │   ├── root
│   │   │   │   │   │   │   │   │   │   │   │   │   │   └── root
│   │   │   │   │   │   │   │   │   │   │   │   │   ├── [λ.:p1.25 ()]  call
│   │   │   │   │   │   │   │   │   │   │   │   │   │   ├── root
│   │   │   │   │   │   │   │   │   │   │   │   │   │   └── root
│   │   │   │   │   │   │   │   │   │   │   │   │   └── root
│   │   │   │   │   │   │   │   │   │   │   │   └── root
│   │   │   │   │   │   │   │   │   │   │   └── root
│   │   │   │   │   │   │   │   │   │   ├── root
│   │   │   │   │   │   │   │   │   │   └── root
│   │   │   │   │   │   │   │   │   └── root
│   │   │   │   │   │   │   │   ├── root
│   │   │   │   │   │   │   │   └── root
│   │   │   │   │   │   │   ├── [λ.:p1.25 ()]  call
│   │   │   │   │   │   │   │   ├── root
│   │   │   │   │   │   │   │   └── root
│   │   │   │   │   │   │   ├── [λ.:p3.21 2]  call
│   │   │   │   │   │   │   │   ├── [λ.:p2.20 0]  call
│   │   │   │   │   │   │   │   │   ├── [λ.:p1.19 0]  call
│   │   │   │   │   │   │   │   │   │   ├── root
│   │   │   │   │   │   │   │   │   │   ├── [λ.:p1.17 1]  call
│   │   │   │   │   │   │   │   │   │   │   ├── root
│   │   │   │   │   │   │   │   │   │   │   └── root
│   │   │   │   │   │   │   │   │   │   └── root
│   │   │   │   │   │   │   │   │   ├── root
│   │   │   │   │   │   │   │   │   └── root
│   │   │   │   │   │   │   │   ├── root
│   │   │   │   │   │   │   │   └── root
│   │   │   │   │   │   │   ├── [λ.:p3.7 λ.:p1.26]  call
│   │   │   │   │   │   │   │   ├── [{else}.else]  access
│   │   │   │   │   │   │   │   │   ├── [λ.:p2.6 λ.:p1.25]  call
│   │   │   │   │   │   │   │   │   │   ├── [{then}.then]  access
│   │   │   │   │   │   │   │   │   │   │   ├── [λ.:p1.5 1]  call
│   │   │   │   │   │   │   │   │   │   │   │   ├── root
│   │   │   │   │   │   │   │   │   │   │   │   ├── [λ.:p2.14 0]  call
│   │   │   │   │   │   │   │   │   │   │   │   │   ├── [λ.:p1.13 0]  call
│   │   │   │   │   │   │   │   │   │   │   │   │   │   ├── root
│   │   │   │   │   │   │   │   │   │   │   │   │   │   ├── [λ.:p1.17 1]  call
│   │   │   │   │   │   │   │   │   │   │   │   │   │   │   ├── root
│   │   │   │   │   │   │   │   │   │   │   │   │   │   │   └── root
│   │   │   │   │   │   │   │   │   │   │   │   │   │   └── root
│   │   │   │   │   │   │   │   │   │   │   │   │   ├── root
│   │   │   │   │   │   │   │   │   │   │   │   │   └── root
│   │   │   │   │   │   │   │   │   │   │   │   └── root
│   │   │   │   │   │   │   │   │   │   │   └── root
│   │   │   │   │   │   │   │   │   │   ├── root
│   │   │   │   │   │   │   │   │   │   └── root
│   │   │   │   │   │   │   │   │   └── root
│   │   │   │   │   │   │   │   ├── root
│   │   │   │   │   │   │   │   └── root
│   │   │   │   │   │   │   ├── [λ.:p1.25 ()]  call
│   │   │   │   │   │   │   │   ├── root
│   │   │   │   │   │   │   │   └── root
│   │   │   │   │   │   │   └── root
│   │   │   │   │   │   ├── root
│   │   │   │   │   │   ├── [λ.:p3.21 1]  call
│   │   │   │   │   │   │   ├── [λ.:p2.20 2]  call
│   │   │   │   │   │   │   │   ├── [λ.:p1.19 -1]  call
│   │   │   │   │   │   │   │   │   ├── root
│   │   │   │   │   │   │   │   │   ├── [λ.:p1.17 0]  call
│   │   │   │   │   │   │   │   │   │   ├── root
│   │   │   │   │   │   │   │   │   │   ├── [λ.:p3.21 2]  call
│   │   │   │   │   │   │   │   │   │   │   ├── [λ.:p2.20 0]  call
│   │   │   │   │   │   │   │   │   │   │   │   ├── [λ.:p1.19 0]  call
│   │   │   │   │   │   │   │   │   │   │   │   │   ├── root
│   │   │   │   │   │   │   │   │   │   │   │   │   ├── [λ.:p1.17 1]  call
│   │   │   │   │   │   │   │   │   │   │   │   │   │   ├── root
│   │   │   │   │   │   │   │   │   │   │   │   │   │   └── root
│   │   │   │   │   │   │   │   │   │   │   │   │   └── root
│   │   │   │   │   │   │   │   │   │   │   │   ├── root
│   │   │   │   │   │   │   │   │   │   │   │   └── root
│   │   │   │   │   │   │   │   │   │   │   ├── root
│   │   │   │   │   │   │   │   │   │   │   └── root
│   │   │   │   │   │   │   │   │   │   ├── [λ.:p3.7 λ.:p1.26]  call
│   │   │   │   │   │   │   │   │   │   │   ├── [{else}.else]  access
│   │   │   │   │   │   │   │   │   │   │   │   ├── [λ.:p2.6 λ.:p1.25]  call
│   │   │   │   │   │   │   │   │   │   │   │   │   ├── [{then}.then]  access
│   │   │   │   │   │   │   │   │   │   │   │   │   │   ├── [λ.:p1.5 1]  call
│   │   │   │   │   │   │   │   │   │   │   │   │   │   │   ├── root
│   │   │   │   │   │   │   │   │   │   │   │   │   │   │   ├── [λ.:p2.14 0]  call
│   │   │   │   │   │   │   │   │   │   │   │   │   │   │   │   ├── [λ.:p1.13 0]  call
│   │   │   │   │   │   │   │   │   │   │   │   │   │   │   │   │   ├── root
│   │   │   │   │   │   │   │   │   │   │   │   │   │   │   │   │   ├── [λ.:p1.17 1]  call
│   │   │   │   │   │   │   │   │   │   │   │   │   │   │   │   │   │   ├── root
│   │   │   │   │   │   │   │   │   │   │   │   │   │   │   │   │   │   └── root
│   │   │   │   │   │   │   │   │   │   │   │   │   │   │   │   │   └── root
│   │   │   │   │   │   │   │   │   │   │   │   │   │   │   │   ├── root
│   │   │   │   │   │   │   │   │   │   │   │   │   │   │   │   └── root
│   │   │   │   │   │   │   │   │   │   │   │   │   │   │   └── root
│   │   │   │   │   │   │   │   │   │   │   │   │   │   └── root
│   │   │   │   │   │   │   │   │   │   │   │   │   ├── root
│   │   │   │   │   │   │   │   │   │   │   │   │   └── root
│   │   │   │   │   │   │   │   │   │   │   │   └── root
│   │   │   │   │   │   │   │   │   │   │   ├── root
│   │   │   │   │   │   │   │   │   │   │   └── root
│   │   │   │   │   │   │   │   │   │   ├── [λ.:p1.25 ()]  call
│   │   │   │   │   │   │   │   │   │   │   ├── root
│   │   │   │   │   │   │   │   │   │   │   └── root
│   │   │   │   │   │   │   │   │   │   └── root
│   │   │   │   │   │   │   │   │   └── root
│   │   │   │   │   │   │   │   ├── root
│   │   │   │   │   │   │   │   ├── [λ.:p3.21 1]  call
│   │   │   │   │   │   │   │   │   ├── [λ.:p2.20 2]  call
│   │   │   │   │   │   │   │   │   │   ├── [λ.:p1.19 -1]  call
│   │   │   │   │   │   │   │   │   │   │   ├── root
│   │   │   │   │   │   │   │   │   │   │   ├── [λ.:p1.17 0]  call
│   │   │   │   │   │   │   │   │   │   │   │   ├── root
│   │   │   │   │   │   │   │   │   │   │   │   └── root
│   │   │   │   │   │   │   │   │   │   │   └── root
│   │   │   │   │   │   │   │   │   │   ├── root
│   │   │   │   │   │   │   │   │   │   └── root
│   │   │   │   │   │   │   │   │   ├── root
│   │   │   │   │   │   │   │   │   └── root
│   │   │   │   │   │   │   │   ├── [λ.:p3.7 λ.:p1.26]  call
│   │   │   │   │   │   │   │   │   ├── [{else}.else]  access
│   │   │   │   │   │   │   │   │   │   ├── [λ.:p2.6 λ.:p1.25]  call
│   │   │   │   │   │   │   │   │   │   │   ├── [{then}.then]  access
│   │   │   │   │   │   │   │   │   │   │   │   ├── [λ.:p1.5 1]  call
│   │   │   │   │   │   │   │   │   │   │   │   │   ├── root
│   │   │   │   │   │   │   │   │   │   │   │   │   ├── [λ.:p2.14 2]  call
│   │   │   │   │   │   │   │   │   │   │   │   │   │   ├── [λ.:p1.13 -1]  call
│   │   │   │   │   │   │   │   │   │   │   │   │   │   │   ├── root
│   │   │   │   │   │   │   │   │   │   │   │   │   │   │   ├── [λ.:p1.17 0]  call
│   │   │   │   │   │   │   │   │   │   │   │   │   │   │   │   ├── root
│   │   │   │   │   │   │   │   │   │   │   │   │   │   │   │   └── root
│   │   │   │   │   │   │   │   │   │   │   │   │   │   │   └── root
│   │   │   │   │   │   │   │   │   │   │   │   │   │   ├── root
│   │   │   │   │   │   │   │   │   │   │   │   │   │   └── root
│   │   │   │   │   │   │   │   │   │   │   │   │   └── root
│   │   │   │   │   │   │   │   │   │   │   │   └── root
│   │   │   │   │   │   │   │   │   │   │   ├── root
│   │   │   │   │   │   │   │   │   │   │   └── root
│   │   │   │   │   │   │   │   │   │   └── root
│   │   │   │   │   │   │   │   │   ├── root
│   │   │   │   │   │   │   │   │   └── root
│   │   │   │   │   │   │   │   ├── [λ.:p1.25 ()]  call
│   │   │   │   │   │   │   │   │   ├── root
│   │   │   │   │   │   │   │   │   └── root
│   │   │   │   │   │   │   │   └── root
│   │   │   │   │   │   │   ├── root
│   │   │   │   │   │   │   ├── [λ.:p3.21 0]  call
│   │   │   │   │   │   │   │   ├── [λ.:p2.20 1]  call
│   │   │   │   │   │   │   │   │   ├── [λ.:p1.19 1]  call
│   │   │   │   │   │   │   │   │   │   ├── root
│   │   │   │   │   │   │   │   │   │   ├── [λ.:p1.17 2]  call
│   │   │   │   │   │   │   │   │   │   │   ├── root
│   │   │   │   │   │   │   │   │   │   │   └── root
│   │   │   │   │   │   │   │   │   │   └── root
│   │   │   │   │   │   │   │   │   ├── root
│   │   │   │   │   │   │   │   │   └── root
│   │   │   │   │   │   │   │   ├── root
│   │   │   │   │   │   │   │   └── root
│   │   │   │   │   │   │   ├── [λ.:p3.7 λ.:p1.26]  call
│   │   │   │   │   │   │   │   ├── [{else}.else]  access
│   │   │   │   │   │   │   │   │   ├── [λ.:p2.6 λ.:p1.25]  call
│   │   │   │   │   │   │   │   │   │   ├── [{then}.then]  access
│   │   │   │   │   │   │   │   │   │   │   ├── [λ.:p1.5 1]  call
│   │   │   │   │   │   │   │   │   │   │   │   ├── root
│   │   │   │   │   │   │   │   │   │   │   │   ├── [λ.:p2.14 1]  call
│   │   │   │   │   │   │   │   │   │   │   │   │   ├── [λ.:p1.13 1]  call
│   │   │   │   │   │   │   │   │   │   │   │   │   │   ├── root
│   │   │   │   │   │   │   │   │   │   │   │   │   │   ├── [λ.:p1.17 2]  call
│   │   │   │   │   │   │   │   │   │   │   │   │   │   │   ├── root
│   │   │   │   │   │   │   │   │   │   │   │   │   │   │   └── root
│   │   │   │   │   │   │   │   │   │   │   │   │   │   └── root
│   │   │   │   │   │   │   │   │   │   │   │   │   ├── root
│   │   │   │   │   │   │   │   │   │   │   │   │   └── root
│   │   │   │   │   │   │   │   │   │   │   │   └── root
│   │   │   │   │   │   │   │   │   │   │   └── root
│   │   │   │   │   │   │   │   │   │   ├── root
│   │   │   │   │   │   │   │   │   │   └── root
│   │   │   │   │   │   │   │   │   └── root
│   │   │   │   │   │   │   │   ├── root
│   │   │   │   │   │   │   │   └── root
│   │   │   │   │   │   │   ├── [λ.:p1.25 ()]  call
│   │   │   │   │   │   │   │   ├── root
│   │   │   │   │   │   │   │   └── root
│   │   │   │   │   │   │   └── root
│   │   │   │   │   │   ├── [λ.:p3.7 λ.:p1.26]  call
│   │   │   │   │   │   │   ├── [{else}.else]  access
│   │   │   │   │   │   │   │   ├── [λ.:p2.6 λ.:p1.25]  call
│   │   │   │   │   │   │   │   │   ├── [{then}.then]  access
│   │   │   │   │   │   │   │   │   │   ├── [λ.:p1.5 1]  call
│   │   │   │   │   │   │   │   │   │   │   ├── root
│   │   │   │   │   │   │   │   │   │   │   ├── [λ.:p2.14 2]  call
│   │   │   │   │   │   │   │   │   │   │   │   ├── [λ.:p1.13 -1]  call
│   │   │   │   │   │   │   │   │   │   │   │   │   ├── root
│   │   │   │   │   │   │   │   │   │   │   │   │   ├── [λ.:p1.17 0]  call
│   │   │   │   │   │   │   │   │   │   │   │   │   │   ├── root
│   │   │   │   │   │   │   │   │   │   │   │   │   │   ├── [λ.:p3.21 2]  call
│   │   │   │   │   │   │   │   │   │   │   │   │   │   │   ├── [λ.:p2.20 0]  call
│   │   │   │   │   │   │   │   │   │   │   │   │   │   │   │   ├── [λ.:p1.19 0]  call
│   │   │   │   │   │   │   │   │   │   │   │   │   │   │   │   │   ├── root
│   │   │   │   │   │   │   │   │   │   │   │   │   │   │   │   │   ├── [λ.:p1.17 1]  call
│   │   │   │   │   │   │   │   │   │   │   │   │   │   │   │   │   │   ├── root
│   │   │   │   │   │   │   │   │   │   │   │   │   │   │   │   │   │   └── root
│   │   │   │   │   │   │   │   │   │   │   │   │   │   │   │   │   └── root
│   │   │   │   │   │   │   │   │   │   │   │   │   │   │   │   ├── root
│   │   │   │   │   │   │   │   │   │   │   │   │   │   │   │   └── root
│   │   │   │   │   │   │   │   │   │   │   │   │   │   │   ├── root
│   │   │   │   │   │   │   │   │   │   │   │   │   │   │   └── root
│   │   │   │   │   │   │   │   │   │   │   │   │   │   ├── [λ.:p3.7 λ.:p1.26]  call
│   │   │   │   │   │   │   │   │   │   │   │   │   │   │   ├── [{else}.else]  access
│   │   │   │   │   │   │   │   │   │   │   │   │   │   │   │   ├── [λ.:p2.6 λ.:p1.25]  call
│   │   │   │   │   │   │   │   │   │   │   │   │   │   │   │   │   ├── [{then}.then]  access
│   │   │   │   │   │   │   │   │   │   │   │   │   │   │   │   │   │   ├── [λ.:p1.5 1]  call
│   │   │   │   │   │   │   │   │   │   │   │   │   │   │   │   │   │   │   ├── root
│   │   │   │   │   │   │   │   │   │   │   │   │   │   │   │   │   │   │   ├── [λ.:p2.14 0]  call
│   │   │   │   │   │   │   │   │   │   │   │   │   │   │   │   │   │   │   │   ├── [λ.:p1.13 0]  call
│   │   │   │   │   │   │   │   │   │   │   │   │   │   │   │   │   │   │   │   │   ├── root
│   │   │   │   │   │   │   │   │   │   │   │   │   │   │   │   │   │   │   │   │   ├── [λ.:p1.17 1]  call
│   │   │   │   │   │   │   │   │   │   │   │   │   │   │   │   │   │   │   │   │   │   ├── root
│   │   │   │   │   │   │   │   │   │   │   │   │   │   │   │   │   │   │   │   │   │   └── root
│   │   │   │   │   │   │   │   │   │   │   │   │   │   │   │   │   │   │   │   │   └── root
│   │   │   │   │   │   │   │   │   │   │   │   │   │   │   │   │   │   │   │   ├── root
│   │   │   │   │   │   │   │   │   │   │   │   │   │   │   │   │   │   │   │   └── root
│   │   │   │   │   │   │   │   │   │   │   │   │   │   │   │   │   │   │   └── root
│   │   │   │   │   │   │   │   │   │   │   │   │   │   │   │   │   │   └── root
│   │   │   │   │   │   │   │   │   │   │   │   │   │   │   │   │   ├── root
│   │   │   │   │   │   │   │   │   │   │   │   │   │   │   │   │   └── root
│   │   │   │   │   │   │   │   │   │   │   │   │   │   │   │   └── root
│   │   │   │   │   │   │   │   │   │   │   │   │   │   │   ├── root
│   │   │   │   │   │   │   │   │   │   │   │   │   │   │   └── root
│   │   │   │   │   │   │   │   │   │   │   │   │   │   ├── [λ.:p1.25 ()]  call
│   │   │   │   │   │   │   │   │   │   │   │   │   │   │   ├── root
│   │   │   │   │   │   │   │   │   │   │   │   │   │   │   └── root
│   │   │   │   │   │   │   │   │   │   │   │   │   │   └── root
│   │   │   │   │   │   │   │   │   │   │   │   │   └── root
│   │   │   │   │   │   │   │   │   │   │   │   ├── root
│   │   │   │   │   │   │   │   │   │   │   │   ├── [λ.:p3.21 1]  call
│   │   │   │   │   │   │   │   │   │   │   │   │   ├── [λ.:p2.20 2]  call
│   │   │   │   │   │   │   │   │   │   │   │   │   │   ├── [λ.:p1.19 -1]  call
│   │   │   │   │   │   │   │   │   │   │   │   │   │   │   ├── root
│   │   │   │   │   │   │   │   │   │   │   │   │   │   │   ├── [λ.:p1.17 0]  call
│   │   │   │   │   │   │   │   │   │   │   │   │   │   │   │   ├── root
│   │   │   │   │   │   │   │   │   │   │   │   │   │   │   │   └── root
│   │   │   │   │   │   │   │   │   │   │   │   │   │   │   └── root
│   │   │   │   │   │   │   │   │   │   │   │   │   │   ├── root
│   │   │   │   │   │   │   │   │   │   │   │   │   │   └── root
│   │   │   │   │   │   │   │   │   │   │   │   │   ├── root
│   │   │   │   │   │   │   │   │   │   │   │   │   └── root
│   │   │   │   │   │   │   │   │   │   │   │   ├── [λ.:p3.7 λ.:p1.26]  call
│   │   │   │   │   │   │   │   │   │   │   │   │   ├── [{else}.else]  access
│   │   │   │   │   │   │   │   │   │   │   │   │   │   ├── [λ.:p2.6 λ.:p1.25]  call
│   │   │   │   │   │   │   │   │   │   │   │   │   │   │   ├── [{then}.then]  access
│   │   │   │   │   │   │   │   │   │   │   │   │   │   │   │   ├── [λ.:p1.5 1]  call
│   │   │   │   │   │   │   │   │   │   │   │   │   │   │   │   │   ├── root
│   │   │   │   │   │   │   │   │   │   │   │   │   │   │   │   │   ├── [λ.:p2.14 2]  call
│   │   │   │   │   │   │   │   │   │   │   │   │   │   │   │   │   │   ├── [λ.:p1.13 -1]  call
│   │   │   │   │   │   │   │   │   │   │   │   │   │   │   │   │   │   │   ├── root
│   │   │   │   │   │   │   │   │   │   │   │   │   │   │   │   │   │   │   ├── [λ.:p1.17 0]  call
│   │   │   │   │   │   │   │   │   │   │   │   │   │   │   │   │   │   │   │   ├── root
│   │   │   │   │   │   │   │   │   │   │   │   │   │   │   │   │   │   │   │   └── root
│   │   │   │   │   │   │   │   │   │   │   │   │   │   │   │   │   │   │   └── root
│   │   │   │   │   │   │   │   │   │   │   │   │   │   │   │   │   │   ├── root
│   │   │   │   │   │   │   │   │   │   │   │   │   │   │   │   │   │   └── root
│   │   │   │   │   │   │   │   │   │   │   │   │   │   │   │   │   └── root
│   │   │   │   │   │   │   │   │   │   │   │   │   │   │   │   └── root
│   │   │   │   │   │   │   │   │   │   │   │   │   │   │   ├── root
│   │   │   │   │   │   │   │   │   │   │   │   │   │   │   └── root
│   │   │   │   │   │   │   │   │   │   │   │   │   │   └── root
│   │   │   │   │   │   │   │   │   │   │   │   │   ├── root
│   │   │   │   │   │   │   │   │   │   │   │   │   └── root
│   │   │   │   │   │   │   │   │   │   │   │   ├── [λ.:p1.25 ()]  call
│   │   │   │   │   │   │   │   │   │   │   │   │   ├── root
│   │   │   │   │   │   │   │   │   │   │   │   │   └── root
│   │   │   │   │   │   │   │   │   │   │   │   └── root
│   │   │   │   │   │   │   │   │   │   │   └── root
│   │   │   │   │   │   │   │   │   │   └── root
│   │   │   │   │   │   │   │   │   ├── root
│   │   │   │   │   │   │   │   │   └── root
│   │   │   │   │   │   │   │   └── root
│   │   │   │   │   │   │   ├── root
│   │   │   │   │   │   │   └── root
│   │   │   │   │   │   ├── [λ.:p1.25 ()]  call
│   │   │   │   │   │   │   ├── root
│   │   │   │   │   │   │   └── root
│   │   │   │   │   │   ├── [λ.:p3.21 1]  call
│   │   │   │   │   │   │   ├── [λ.:p2.20 2]  call
│   │   │   │   │   │   │   │   ├── [λ.:p1.19 -1]  call
│   │   │   │   │   │   │   │   │   ├── root
│   │   │   │   │   │   │   │   │   ├── [λ.:p1.17 0]  call
│   │   │   │   │   │   │   │   │   │   ├── root
│   │   │   │   │   │   │   │   │   │   └── root
│   │   │   │   │   │   │   │   │   └── root
│   │   │   │   │   │   │   │   ├── root
│   │   │   │   │   │   │   │   └── root
│   │   │   │   │   │   │   ├── root
│   │   │   │   │   │   │   └── root
│   │   │   │   │   │   ├── [λ.:p3.7 λ.:p1.26]  call
│   │   │   │   │   │   │   ├── [{else}.else]  access
│   │   │   │   │   │   │   │   ├── [λ.:p2.6 λ.:p1.25]  call
│   │   │   │   │   │   │   │   │   ├── [{then}.then]  access
│   │   │   │   │   │   │   │   │   │   ├── [λ.:p1.5 1]  call
│   │   │   │   │   │   │   │   │   │   │   ├── root
│   │   │   │   │   │   │   │   │   │   │   ├── [λ.:p2.14 2]  call
│   │   │   │   │   │   │   │   │   │   │   │   ├── [λ.:p1.13 -1]  call
│   │   │   │   │   │   │   │   │   │   │   │   │   ├── root
│   │   │   │   │   │   │   │   │   │   │   │   │   ├── [λ.:p1.17 0]  call
│   │   │   │   │   │   │   │   │   │   │   │   │   │   ├── root
│   │   │   │   │   │   │   │   │   │   │   │   │   │   └── root
│   │   │   │   │   │   │   │   │   │   │   │   │   └── root
│   │   │   │   │   │   │   │   │   │   │   │   ├── root
│   │   │   │   │   │   │   │   │   │   │   │   └── root
│   │   │   │   │   │   │   │   │   │   │   └── root
│   │   │   │   │   │   │   │   │   │   └── root
│   │   │   │   │   │   │   │   │   ├── root
│   │   │   │   │   │   │   │   │   └── root
│   │   │   │   │   │   │   │   └── root
│   │   │   │   │   │   │   ├── root
│   │   │   │   │   │   │   └── root
│   │   │   │   │   │   ├── [λ.:p1.25 ()]  call
│   │   │   │   │   │   │   ├── root
│   │   │   │   │   │   │   └── root
│   │   │   │   │   │   └── root
│   │   │   │   │   └── root
│   │   │   │   └── root
│   │   │   ├── root
│   │   │   └── root
│   │   └── root
│   ├── root
│   └── root
├── [λ.:p1.25 ()]  call
│   ├── root
│   └── root
├── [λ.:p3.21 1]  call
│   ├── [λ.:p2.20 2]  call
│   │   ├── [λ.:p1.19 -1]  call
│   │   │   ├── root
│   │   │   ├── [λ.:p1.17 0]  call
│   │   │   │   ├── root
│   │   │   │   ├── [λ.:p3.21 2]  call
│   │   │   │   │   ├── [λ.:p2.20 0]  call
│   │   │   │   │   │   ├── [λ.:p1.19 0]  call
│   │   │   │   │   │   │   ├── root
│   │   │   │   │   │   │   ├── [λ.:p1.17 1]  call
│   │   │   │   │   │   │   │   ├── root
│   │   │   │   │   │   │   │   └── root
│   │   │   │   │   │   │   └── root
│   │   │   │   │   │   ├── root
│   │   │   │   │   │   └── root
│   │   │   │   │   ├── root
│   │   │   │   │   └── root
│   │   │   │   ├── [λ.:p3.7 λ.:p1.26]  call
│   │   │   │   │   ├── [{else}.else]  access
│   │   │   │   │   │   ├── [λ.:p2.6 λ.:p1.25]  call
│   │   │   │   │   │   │   ├── [{then}.then]  access
│   │   │   │   │   │   │   │   ├── [λ.:p1.5 1]  call
│   │   │   │   │   │   │   │   │   ├── root
│   │   │   │   │   │   │   │   │   ├── [λ.:p2.14 0]  call
│   │   │   │   │   │   │   │   │   │   ├── [λ.:p1.13 0]  call
│   │   │   │   │   │   │   │   │   │   │   ├── root
│   │   │   │   │   │   │   │   │   │   │   ├── [λ.:p1.17 1]  call
│   │   │   │   │   │   │   │   │   │   │   │   ├── root
│   │   │   │   │   │   │   │   │   │   │   │   └── root
│   │   │   │   │   │   │   │   │   │   │   └── root
│   │   │   │   │   │   │   │   │   │   ├── root
│   │   │   │   │   │   │   │   │   │   └── root
│   │   │   │   │   │   │   │   │   └── root
│   │   │   │   │   │   │   │   └── root
│   │   │   │   │   │   │   ├── root
│   │   │   │   │   │   │   └── root
│   │   │   │   │   │   └── root
│   │   │   │   │   ├── root
│   │   │   │   │   └── root
│   │   │   │   ├── [λ.:p1.25 ()]  call
│   │   │   │   │   ├── root
│   │   │   │   │   └── root
│   │   │   │   └── root
│   │   │   └── root
│   │   ├── root
│   │   ├── [λ.:p3.21 1]  call
│   │   │   ├── [λ.:p2.20 2]  call
│   │   │   │   ├── [λ.:p1.19 -1]  call
│   │   │   │   │   ├── root
│   │   │   │   │   ├── [λ.:p1.17 0]  call
│   │   │   │   │   │   ├── root
│   │   │   │   │   │   └── root
│   │   │   │   │   └── root
│   │   │   │   ├── root
│   │   │   │   └── root
│   │   │   ├── root
│   │   │   └── root
│   │   ├── [λ.:p3.7 λ.:p1.26]  call
│   │   │   ├── [{else}.else]  access
│   │   │   │   ├── [λ.:p2.6 λ.:p1.25]  call
│   │   │   │   │   ├── [{then}.then]  access
│   │   │   │   │   │   ├── [λ.:p1.5 1]  call
│   │   │   │   │   │   │   ├── root
│   │   │   │   │   │   │   ├── [λ.:p2.14 2]  call
│   │   │   │   │   │   │   │   ├── [λ.:p1.13 -1]  call
│   │   │   │   │   │   │   │   │   ├── root
│   │   │   │   │   │   │   │   │   ├── [λ.:p1.17 0]  call
│   │   │   │   │   │   │   │   │   │   ├── root
│   │   │   │   │   │   │   │   │   │   └── root
│   │   │   │   │   │   │   │   │   └── root
│   │   │   │   │   │   │   │   ├── root
│   │   │   │   │   │   │   │   └── root
│   │   │   │   │   │   │   └── root
│   │   │   │   │   │   └── root
│   │   │   │   │   ├── root
│   │   │   │   │   └── root
│   │   │   │   └── root
│   │   │   ├── root
│   │   │   └── root
│   │   ├── [λ.:p1.25 ()]  call
│   │   │   ├── root
│   │   │   └── root
│   │   └── root
│   ├── root
│   ├── [λ.:p3.21 0]  call
│   │   ├── [λ.:p2.20 1]  call
│   │   │   ├── [λ.:p1.19 1]  call
│   │   │   │   ├── root
│   │   │   │   ├── [λ.:p1.17 2]  call
│   │   │   │   │   ├── root
│   │   │   │   │   └── root
│   │   │   │   └── root
│   │   │   ├── root
│   │   │   └── root
│   │   ├── root
│   │   └── root
│   ├── [λ.:p3.7 λ.:p1.26]  call
│   │   ├── [{else}.else]  access
│   │   │   ├── [λ.:p2.6 λ.:p1.25]  call
│   │   │   │   ├── [{then}.then]  access
│   │   │   │   │   ├── [λ.:p1.5 1]  call
│   │   │   │   │   │   ├── root
│   │   │   │   │   │   ├── [λ.:p2.14 1]  call
│   │   │   │   │   │   │   ├── [λ.:p1.13 1]  call
│   │   │   │   │   │   │   │   ├── root
│   │   │   │   │   │   │   │   ├── [λ.:p1.17 2]  call
│   │   │   │   │   │   │   │   │   ├── root
│   │   │   │   │   │   │   │   │   └── root
│   │   │   │   │   │   │   │   └── root
│   │   │   │   │   │   │   ├── root
│   │   │   │   │   │   │   └── root
│   │   │   │   │   │   └── root
│   │   │   │   │   └── root
│   │   │   │   ├── root
│   │   │   │   └── root
│   │   │   └── root
│   │   ├── root
│   │   └── root
│   ├── [λ.:p1.25 ()]  call
│   │   ├── root
│   │   └── root
│   └── root
├── [λ.:p3.7 λ.:p1.26]  call
│   ├── [{else}.else]  access
│   │   ├── [λ.:p2.6 λ.:p1.25]  call
│   │   │   ├── [{then}.then]  access
│   │   │   │   ├── [λ.:p1.5 1]  call
│   │   │   │   │   ├── root
│   │   │   │   │   ├── [λ.:p2.14 2]  call
│   │   │   │   │   │   ├── [λ.:p1.13 -1]  call
│   │   │   │   │   │   │   ├── root
│   │   │   │   │   │   │   ├── [λ.:p1.17 0]  call
│   │   │   │   │   │   │   │   ├── root
│   │   │   │   │   │   │   │   ├── [λ.:p3.21 2]  call
│   │   │   │   │   │   │   │   │   ├── [λ.:p2.20 0]  call
│   │   │   │   │   │   │   │   │   │   ├── [λ.:p1.19 0]  call
│   │   │   │   │   │   │   │   │   │   │   ├── root
│   │   │   │   │   │   │   │   │   │   │   ├── [λ.:p1.17 1]  call
│   │   │   │   │   │   │   │   │   │   │   │   ├── root
│   │   │   │   │   │   │   │   │   │   │   │   └── root
│   │   │   │   │   │   │   │   │   │   │   └── root
│   │   │   │   │   │   │   │   │   │   ├── root
│   │   │   │   │   │   │   │   │   │   └── root
│   │   │   │   │   │   │   │   │   ├── root
│   │   │   │   │   │   │   │   │   └── root
│   │   │   │   │   │   │   │   ├── [λ.:p3.7 λ.:p1.26]  call
│   │   │   │   │   │   │   │   │   ├── [{else}.else]  access
│   │   │   │   │   │   │   │   │   │   ├── [λ.:p2.6 λ.:p1.25]  call
│   │   │   │   │   │   │   │   │   │   │   ├── [{then}.then]  access
│   │   │   │   │   │   │   │   │   │   │   │   ├── [λ.:p1.5 1]  call
│   │   │   │   │   │   │   │   │   │   │   │   │   ├── root
│   │   │   │   │   │   │   │   │   │   │   │   │   ├── [λ.:p2.14 0]  call
│   │   │   │   │   │   │   │   │   │   │   │   │   │   ├── [λ.:p1.13 0]  call
│   │   │   │   │   │   │   │   │   │   │   │   │   │   │   ├── root
│   │   │   │   │   │   │   │   │   │   │   │   │   │   │   ├── [λ.:p1.17 1]  call
│   │   │   │   │   │   │   │   │   │   │   │   │   │   │   │   ├── root
│   │   │   │   │   │   │   │   │   │   │   │   │   │   │   │   └── root
│   │   │   │   │   │   │   │   │   │   │   │   │   │   │   └── root
│   │   │   │   │   │   │   │   │   │   │   │   │   │   ├── root
│   │   │   │   │   │   │   │   │   │   │   │   │   │   └── root
│   │   │   │   │   │   │   │   │   │   │   │   │   └── root
│   │   │   │   │   │   │   │   │   │   │   │   └── root
│   │   │   │   │   │   │   │   │   │   │   ├── root
│   │   │   │   │   │   │   │   │   │   │   └── root
│   │   │   │   │   │   │   │   │   │   └── root
│   │   │   │   │   │   │   │   │   ├── root
│   │   │   │   │   │   │   │   │   └── root
│   │   │   │   │   │   │   │   ├── [λ.:p1.25 ()]  call
│   │   │   │   │   │   │   │   │   ├── root
│   │   │   │   │   │   │   │   │   └── root
│   │   │   │   │   │   │   │   └── root
│   │   │   │   │   │   │   └── root
│   │   │   │   │   │   ├── root
│   │   │   │   │   │   ├── [λ.:p3.21 1]  call
│   │   │   │   │   │   │   ├── [λ.:p2.20 2]  call
│   │   │   │   │   │   │   │   ├── [λ.:p1.19 -1]  call
│   │   │   │   │   │   │   │   │   ├── root
│   │   │   │   │   │   │   │   │   ├── [λ.:p1.17 0]  call
│   │   │   │   │   │   │   │   │   │   ├── root
│   │   │   │   │   │   │   │   │   │   └── root
│   │   │   │   │   │   │   │   │   └── root
│   │   │   │   │   │   │   │   ├── root
│   │   │   │   │   │   │   │   └── root
│   │   │   │   │   │   │   ├── root
│   │   │   │   │   │   │   └── root
│   │   │   │   │   │   ├── [λ.:p3.7 λ.:p1.26]  call
│   │   │   │   │   │   │   ├── [{else}.else]  access
│   │   │   │   │   │   │   │   ├── [λ.:p2.6 λ.:p1.25]  call
│   │   │   │   │   │   │   │   │   ├── [{then}.then]  access
│   │   │   │   │   │   │   │   │   │   ├── [λ.:p1.5 1]  call
│   │   │   │   │   │   │   │   │   │   │   ├── root
│   │   │   │   │   │   │   │   │   │   │   ├── [λ.:p2.14 2]  call
│   │   │   │   │   │   │   │   │   │   │   │   ├── [λ.:p1.13 -1]  call
│   │   │   │   │   │   │   │   │   │   │   │   │   ├── root
│   │   │   │   │   │   │   │   │   │   │   │   │   ├── [λ.:p1.17 0]  call
│   │   │   │   │   │   │   │   │   │   │   │   │   │   ├── root
│   │   │   │   │   │   │   │   │   │   │   │   │   │   └── root
│   │   │   │   │   │   │   │   │   │   │   │   │   └── root
│   │   │   │   │   │   │   │   │   │   │   │   ├── root
│   │   │   │   │   │   │   │   │   │   │   │   └── root
│   │   │   │   │   │   │   │   │   │   │   └── root
│   │   │   │   │   │   │   │   │   │   └── root
│   │   │   │   │   │   │   │   │   ├── root
│   │   │   │   │   │   │   │   │   └── root
│   │   │   │   │   │   │   │   └── root
│   │   │   │   │   │   │   ├── root
│   │   │   │   │   │   │   └── root
│   │   │   │   │   │   ├── [λ.:p1.25 ()]  call
│   │   │   │   │   │   │   ├── root
│   │   │   │   │   │   │   └── root
│   │   │   │   │   │   └── root
│   │   │   │   │   └── root
│   │   │   │   └── root
│   │   │   ├── root
│   │   │   └── root
│   │   └── root
│   ├── root
│   └── root
├── [λ.:p1.25 ()]  call
│   ├── root
│   └── root
├── [λ.:p3.21 1]  call
│   ├── [λ.:p2.20 2]  call
│   │   ├── [λ.:p1.19 -1]  call
│   │   │   ├── root
│   │   │   ├── [λ.:p1.17 0]  call
│   │   │   │   ├── root
│   │   │   │   └── root
│   │   │   └── root
│   │   ├── root
│   │   └── root
│   ├── root
│   └── root
├── [λ.:p3.7 λ.:p1.26]  call
│   ├── [{else}.else]  access
│   │   ├── [λ.:p2.6 λ.:p1.25]  call
│   │   │   ├── [{then}.then]  access
│   │   │   │   ├── [λ.:p1.5 1]  call
│   │   │   │   │   ├── root
│   │   │   │   │   ├── [λ.:p2.14 2]  call
│   │   │   │   │   │   ├── [λ.:p1.13 -1]  call
│   │   │   │   │   │   │   ├── root
│   │   │   │   │   │   │   ├── [λ.:p1.17 0]  call
│   │   │   │   │   │   │   │   ├── root
│   │   │   │   │   │   │   │   └── root
│   │   │   │   │   │   │   └── root
│   │   │   │   │   │   ├── root
│   │   │   │   │   │   └── root
│   │   │   │   │   └── root
│   │   │   │   └── root
│   │   │   ├── root
│   │   │   └── root
│   │   └── root
│   ├── root
│   └── root
├── [λ.:p1.25 ()]  call
│   ├── root
│   └── root
└── root

result => ()
