:Cons
.
├── call
│   ├── call
│   │   ├── root
│   │   └── root
│   ├── root
│   ├── call
│   │   ├── call
│   │   │   ├── root
│   │   │   └── root
│   │   ├── root
│   │   ├── call
│   │   │   ├── call
│   │   │   │   ├── root
│   │   │   │   └── root
│   │   │   ├── root
│   │   │   ├── call
│   │   │   │   ├── call
│   │   │   │   │   ├── root
│   │   │   │   │   └── root
│   │   │   │   ├── root
│   │   │   │   └── root
│   │   │   ├── call
│   │   │   │   ├── root
│   │   │   │   └── root
│   │   │   └── root
│   │   ├── call
│   │   │   ├── root
│   │   │   └── root
│   │   └── root
│   ├── call
│   │   ├── root
│   │   └── root
│   └── root
├── call
│   ├── call
│   │   ├── root
│   │   ├── call
│   │   │   ├── root
│   │   │   └── root
│   │   └── root
│   ├── root
│   ├── call
│   │   ├── call
│   │   │   ├── root
│   │   │   └── root
│   │   ├── root
│   │   ├── call
│   │   │   ├── call
│   │   │   │   ├── root
│   │   │   │   └── root
│   │   │   ├── root
│   │   │   ├── call
│   │   │   │   ├── call
│   │   │   │   │   ├── root
│   │   │   │   │   └── root
│   │   │   │   ├── root
│   │   │   │   └── root
│   │   │   ├── call
│   │   │   │   ├── root
│   │   │   │   └── root
│   │   │   └── root
│   │   ├── call
│   │   │   ├── root
│   │   │   └── root
│   │   └── root
│   ├── call
│   │   ├── call
│   │   │   ├── root
│   │   │   ├── call
│   │   │   │   ├── root
│   │   │   │   └── root
│   │   │   └── root
│   │   ├── root
│   │   ├── call
│   │   │   ├── call
│   │   │   │   ├── root
│   │   │   │   └── root
│   │   │   ├── root
│   │   │   ├── call
│   │   │   │   ├── call
│   │   │   │   │   ├── root
│   │   │   │   │   └── root
│   │   │   │   ├── root
│   │   │   │   └── root
│   │   │   ├── call
│   │   │   │   ├── root
│   │   │   │   └── root
│   │   │   └── root
│   │   ├── call
│   │   │   ├── call
│   │   │   │   ├── root
│   │   │   │   ├── call
│   │   │   │   │   ├── root
│   │   │   │   │   └── root
│   │   │   │   └── root
│   │   │   ├── root
│   │   │   ├── call
│   │   │   │   ├── call
│   │   │   │   │   ├── root
│   │   │   │   │   └── root
│   │   │   │   ├── root
│   │   │   │   └── root
│   │   │   └── root
│   │   ├── call
│   │   │   ├── root
│   │   │   ├── call
│   │   │   │   ├── root
│   │   │   │   └── root
│   │   │   └── root
│   │   └── root
│   ├── call
│   │   ├── root
│   │   ├── call
│   │   │   ├── root
│   │   │   └── root
│   │   └── root
│   └── root
├── call
│   ├── root
│   ├── call
│   │   ├── root
│   │   └── root
│   └── root
└── root

result => ()
