42
├── [λ.:p2.7 41]  call
│   ├── [λ.:p1.6 λ.:p1.13]  call
│   │   ├── root
│   │   └── root
│   ├── root
│   ├── [λ.:p1.4 41]  call
│   │   ├── [{none, some}.some]  access
│   │   │   └── root
│   │   ├── root
│   │   └── root
│   └── root
├── [λ.:p1.4 42]  call
│   ├── [{none, some}.some]  access
│   │   └── root
│   ├── root
│   ├── [λ.:p1.13 41]  call
│   │   ├── root
│   │   └── root
│   └── root
├── [λ.:p1.13 41]  call
│   ├── root
│   └── root
└── root

result => ()
