2
3
4
call λ.:p2.3 :Cons
fun:
	call λ.:p1.2 λ.:p1.11
	fun:
		root
	arg:
		root
	root
arg:
	call :Cons :Cons
	fun:
		call :Cons 1
		fun:
			root
		arg:
			root
		root
	arg:
		call :Cons :Cons
		fun:
			call :Cons 2
			fun:
				root
			arg:
				root
			root
		arg:
			call :Cons :Nil
			fun:
				call :Cons 3
				fun:
					root
				arg:
					root
				root
			arg:
				root
			call :Cons 3
			fun:
				root
			arg:
				root
			root
		call :Cons 2
		fun:
			root
		arg:
			root
		root
	call :Cons 1
	fun:
		root
	arg:
		root
	root
call :Cons :Cons
fun:
	call :Cons 2
	fun:
		root
	arg:
		call λ.:p1.11 1
		fun:
			root
		arg:
			root
		root
	root
arg:
	call λ.:p2.3 :Cons
	fun:
		call λ.:p1.2 λ.:p1.11
		fun:
			root
		arg:
			root
		root
	arg:
		call :Cons :Cons
		fun:
			call :Cons 2
			fun:
				root
			arg:
				root
			root
		arg:
			call :Cons :Nil
			fun:
				call :Cons 3
				fun:
					root
				arg:
					root
				root
			arg:
				root
			call :Cons 3
			fun:
				root
			arg:
				root
			root
		call :Cons 2
		fun:
			root
		arg:
			root
		root
	call :Cons :Cons
	fun:
		call :Cons 3
		fun:
			root
		arg:
			call λ.:p1.11 2
			fun:
				root
			arg:
				root
			root
		root
	arg:
		call λ.:p2.3 :Cons
		fun:
			call λ.:p1.2 λ.:p1.11
			fun:
				root
			arg:
				root
			root
		arg:
			call :Cons :Nil
			fun:
				call :Cons 3
				fun:
					root
				arg:
					root
				root
			arg:
				root
			call :Cons 3
			fun:
				root
			arg:
				root
			root
		call :Cons :Nil
		fun:
			call :Cons 4
			fun:
				root
			arg:
				call λ.:p1.11 3
				fun:
					root
				arg:
					root
				root
			root
		arg:
			call λ.:p2.3 :Nil
			fun:
				call λ.:p1.2 λ.:p1.11
				fun:
					root
				arg:
					root
				root
			arg:
				root
			root
		call :Cons 4
		fun:
			root
		arg:
			call λ.:p1.11 3
			fun:
				root
			arg:
				root
			root
		root
	call :Cons 3
	fun:
		root
	arg:
		call λ.:p1.11 2
		fun:
			root
		arg:
			root
		root
	root
call :Cons 2
fun:
	root
arg:
	call λ.:p1.11 1
	fun:
		root
	arg:
		root
	root
root
result => ()
