2
3
4
:Cons
├── [λ.:p2.3 :Cons]  call
│   ├── [λ.:p1.2 λ.:p1.11]  call
│   │   ├── root
│   │   └── root
│   ├── root
│   ├── [:Cons :Cons]  call
│   │   ├── [:Cons 1]  call
│   │   │   ├── root
│   │   │   └── root
│   │   ├── root
│   │   ├── [:Cons :Cons]  call
│   │   │   ├── [:Cons 2]  call
│   │   │   │   ├── root
│   │   │   │   └── root
│   │   │   ├── root
│   │   │   ├── [:Cons :Nil]  call
│   │   │   │   ├── [:Cons 3]  call
│   │   │   │   │   ├── root
│   │   │   │   │   └── root
│   │   │   │   ├── root
│   │   │   │   └── root
│   │   │   ├── [:Cons 3]  call
│   │   │   │   ├── root
│   │   │   │   └── root
│   │   │   └── root
│   │   ├── [:Cons 2]  call
│   │   │   ├── root
│   │   │   └── root
│   │   └── root
│   ├── [:Cons 1]  call
│   │   ├── root
│   │   └── root
│   └── root
├── [:Cons :Cons]  call
│   ├── [:Cons 2]  call
│   │   ├── root
│   │   ├── [λ.:p1.11 1]  call
│   │   │   ├── root
│   │   │   └── root
│   │   └── root
│   ├── root
│   ├── [λ.:p2.3 :Cons]  call
│   │   ├── [λ.:p1.2 λ.:p1.11]  call
│   │   │   ├── root
│   │   │   └── root
│   │   ├── root
│   │   ├── [:Cons :Cons]  call
│   │   │   ├── [:Cons 2]  call
│   │   │   │   ├── root
│   │   │   │   └── root
│   │   │   ├── root
│   │   │   ├── [:Cons :Nil]  call
│   │   │   │   ├── [:Cons 3]  call
│   │   │   │   │   ├── root
│   │   │   │   │   └── root
│   │   │   │   ├── root
│   │   │   │   └── root
│   │   │   ├── [:Cons 3]  call
│   │   │   │   ├── root
│   │   │   │   └── root
│   │   │   └── root
│   │   ├── [:Cons 2]  call
│   │   │   ├── root
│   │   │   └── root
│   │   └── root
│   ├── [:Cons :Cons]  call
│   │   ├── [:Cons 3]  call
│   │   │   ├── root
│   │   │   ├── [λ.:p1.11 2]  call
│   │   │   │   ├── root
│   │   │   │   └── root
│   │   │   └── root
│   │   ├── root
│   │   ├── [λ.:p2.3 :Cons]  call
│   │   │   ├── [λ.:p1.2 λ.:p1.11]  call
│   │   │   │   ├── root
│   │   │   │   └── root
│   │   │   ├── root
│   │   │   ├── [:Cons :Nil]  call
│   │   │   │   ├── [:Cons 3]  call
│   │   │   │   │   ├── root
│   │   │   │   │   └── root
│   │   │   │   ├── root
│   │   │   │   └── root
│   │   │   ├── [:Cons 3]  call
│   │   │   │   ├── root
│   │   │   │   └── root
│   │   │   └── root
│   │   ├── [:Cons :Nil]  call
│   │   │   ├── [:Cons 4]  call
│   │   │   │   ├── root
│   │   │   │   ├── [λ.:p1.11 3]  call
│   │   │   │   │   ├── root
│   │   │   │   │   └── root
│   │   │   │   └── root
│   │   │   ├── root
│   │   │   ├── [λ.:p2.3 :Nil]  call
│   │   │   │   ├── [λ.:p1.2 λ.:p1.11]  call
│   │   │   │   │   ├── root
│   │   │   │   │   └── root
│   │   │   │   ├── root
│   │   │   │   └── root
│   │   │   └── root
│   │   ├── [:Cons 4]  call
│   │   │   ├── root
│   │   │   ├── [λ.:p1.11 3]  call
│   │   │   │   ├── root
│   │   │   │   └── root
│   │   │   └── root
│   │   └── root
│   ├── [:Cons 3]  call
│   │   ├── root
│   │   ├── [λ.:p1.11 2]  call
│   │   │   ├── root
│   │   │   └── root
│   │   └── root
│   └── root
├── [:Cons 2]  call
│   ├── root
│   ├── [λ.:p1.11 1]  call
│   │   ├── root
│   │   └── root
│   └── root
└── root

result => ()
