0
1
0
├── [λ.:p2.3 λ.:p1.7]  call
│   ├── [λ.:p1.2 0]  call
│   │   ├── root
│   │   └── root
│   ├── root
│   └── root
├── [λ.:p1.7 ()]  call
│   ├── root
│   └── root
├── [λ.:p2.3 λ.:p1.8]  call
│   ├── [λ.:p1.2 1]  call
│   │   ├── root
│   │   └── root
│   ├── root
│   └── root
├── [λ.:p1.8 ()]  call
│   ├── root
│   └── root
└── root

result => ()
