Codata "test.mlg" (line 1, column 3) [Clause {pattern = PApp (PThis "test.mlg" (line 1, column 3)) [PVar "test.mlg" (line 1, column 5) (Id {scope = "test.mlg", name = "x", uniq = 0}),PVar "test.mlg" (line 1, column 7) (Id {scope = "test.mlg", name = "y", uniq = 1})], body = Var "test.mlg" (line 1, column 12) (Id {scope = "test.mlg", name = "x", uniq = 0})}]